Component: ARM Compiler 5.06 update 6 (build 750) Tool: armlink [4d35ed]

==============================================================================

Section Cross References

    system_mm32f032xx_s.o(i.AutoCalPllFactor) refers to uidiv.o(.text) for __aeabi_uidivmod
    system_mm32f032xx_s.o(i.SystemInit) refers to system_mm32f032xx_s.o(i.SetSysClockTo48) for SetSysClockTo48
    startup_mm32f032xx_s_keil.o(RESET) refers to startup_mm32f032xx_s_keil.o(STACK) for __initial_sp
    startup_mm32f032xx_s_keil.o(RESET) refers to startup_mm32f032xx_s_keil.o(.text) for Reset_Handler
    startup_mm32f032xx_s_keil.o(RESET) refers to systick.o(i.SysTick_Handler) for SysTick_Handler
    startup_mm32f032xx_s_keil.o(RESET) refers to porting_misc.o(i.EXTI4_15_IRQHandler) for EXTI4_15_IRQHandler
    startup_mm32f032xx_s_keil.o(RESET) refers to spi.o(i.DMA1_Channel2_3_IRQHandler) for DMA1_Channel2_3_IRQHandler
    startup_mm32f032xx_s_keil.o(RESET) refers to spi.o(i.DMA1_Channel4_5_IRQHandler) for DMA1_Channel4_5_IRQHandler
    startup_mm32f032xx_s_keil.o(.text) refers to startup_mm32f032xx_s_keil.o(STACK) for __initial_sp
    startup_mm32f032xx_s_keil.o(.text) refers to system_mm32f032xx_s.o(i.SystemInit) for SystemInit
    startup_mm32f032xx_s_keil.o(.text) refers to entry.o(.ARM.Collect$$$$00000000) for __main
    main.o(i.RF_Open) refers to systick.o(i.SysTick_DelayMs) for SysTick_DelayMs
    main.o(i.RF_Open) refers to hal_rcc.o(i.RCC_AHBPeriphClockCmd) for RCC_AHBPeriphClockCmd
    main.o(i.RF_Open) refers to hal_gpio.o(i.GPIO_StructInit) for GPIO_StructInit
    main.o(i.RF_Open) refers to hal_gpio.o(i.GPIO_Init) for GPIO_Init
    main.o(i.RF_Open) refers to hal_gpio.o(i.GPIO_SetBits) for GPIO_SetBits
    main.o(i.RF_Open) refers to hal_gpio.o(i.GPIO_ResetBits) for GPIO_ResetBits
    main.o(i.RF_Open) refers to porting_misc.o(i.RF_SpiIoMapping) for RF_SpiIoMapping
    main.o(i.RF_Open) refers to rf_phy.o(i.RF_Init) for RF_Init
    main.o(i.main) refers to systick.o(i.SysTick_Init) for SysTick_Init
    main.o(i.main) refers to uart.o(i.UARTx_Configure) for UARTx_Configure
    main.o(i.main) refers to main.o(i.RF_Open) for RF_Open
    main.o(i.main) refers to printf8.o(i.__0printf$8) for __2printf
    main.o(i.main) refers to rf_phy.o(i.ChipId_Get) for ChipId_Get
    main.o(i.main) refers to ble_cmd.o(i.setBLE_BleDeviceAddr) for setBLE_BleDeviceAddr
    main.o(i.main) refers to user.o(i.BleApp_Init) for BleApp_Init
    main.o(i.main) refers to kernel.o(i.Ble_Kernel_Root) for Ble_Kernel_Root
    main.o(i.main) refers to user.o(i.BleApp_Main) for BleApp_Main
    user.o(i.BleApp_Init) refers to ble_event.o(i.setBLE_RegisterBleEvent) for setBLE_RegisterBleEvent
    user.o(i.BleApp_Init) refers to user.o(i.BleEvent_Callback) for BleEvent_Callback
    user.o(i.BleApp_Main) refers to rf_phy.o(i.LLTimeline_Get) for LLTimeline_Get
    user.o(i.BleApp_Main) refers to user.o(i.Ble_Slave_StartADV) for Ble_Slave_StartADV
    user.o(i.BleApp_Main) refers to host.o(i.ATT_HDL_Notify) for ATT_HDL_Notify
    user.o(i.BleApp_Main) refers to user.o(.data) for .data
    user.o(i.BleApp_Main) refers to profile_tab.o(.data) for att_HDL_HRS_HEART_RATE_MEASUREMENT
    user.o(i.BleApp_Main) refers to profile_tab.o(.data) for att_HDL_HRS_CLIENT_CHARACTERISTIC_CONFIGURATION
    user.o(i.BleApp_Main) refers to profile_tab.o(.constdata) for ATT_HDL_HRS_HEART_RATE_MEASUREMENT_INIT
    user.o(i.BleEvent_Callback) refers to kernel.o(i.__ARM_common_switch8) for __ARM_common_switch8
    user.o(i.BleEvent_Callback) refers to printf8.o(i.__0printf$8) for __2printf
    user.o(i.BleEvent_Callback) refers to ble_cmd.o(i.setBLE_Pairing_PassKey) for setBLE_Pairing_PassKey
    user.o(i.BleEvent_Callback) refers to user.o(.data) for .data
    user.o(i.BleEvent_Callback) refers to user.o(.conststring) for .conststring
    user.o(i.Ble_Initial) refers to user.o(i.Ble_Slave_StartADV) for Ble_Slave_StartADV
    user.o(i.Ble_Initial) refers to user.o(i.Ble_Master_Init) for Ble_Master_Init
    user.o(i.Ble_Master_Init) refers to ble_cmd.o(i.setBLE_ConnCreate) for setBLE_ConnCreate
    user.o(i.Ble_Master_Init) refers to user.o(.constdata) for .constdata
    user.o(i.Ble_Slave_AdvInit) refers to ble_cmd.o(i.setBLE_AdvParam) for setBLE_AdvParam
    user.o(i.Ble_Slave_StartADV) refers to user.o(i.Ble_Slave_AdvInit) for Ble_Slave_AdvInit
    user.o(i.Ble_Slave_StartADV) refers to ble_cmd.o(i.setBLE_AdvData) for setBLE_AdvData
    user.o(i.Ble_Slave_StartADV) refers to ble_cmd.o(i.setBLE_ScanRspData) for setBLE_ScanRspData
    user.o(i.Ble_Slave_StartADV) refers to ble_cmd.o(i.setBLE_AdvEnable) for setBLE_AdvEnable
    user.o(i.Ble_Slave_StartADV) refers to user.o(.constdata) for .constdata
    spi.o(i.DMA1_Channel2_3_IRQHandler) refers to hal_dma.o(i.DMA_GetITStatus) for DMA_GetITStatus
    spi.o(i.DMA1_Channel2_3_IRQHandler) refers to hal_dma.o(i.DMA_ClearITPendingBit) for DMA_ClearITPendingBit
    spi.o(i.DMA1_Channel2_3_IRQHandler) refers to spi.o(.data) for .data
[...]
    ATT_HDL_DIS_SOFTWARE_REVISION_STRING     0x08009b6f   Data           9  profile_tab.o(.constdata)
    ATT_HDL_DIS_SOFTWARE_REVISION_STRING_PRESENTATION_FORMAT 0x08009b78   Data          12  profile_tab.o(.constdata)
    ATT_HDL_DIS_CHARACTERISTIC_PNP_ID        0x08009b84   Data          10  profile_tab.o(.constdata)
    ATT_HDL_DIS_PNP_ID                       0x08009b8e   Data          12  profile_tab.o(.constdata)
    ATT_HDL_HRS_PRIMARY_SERVICE              0x08009b9a   Data           7  profile_tab.o(.constdata)
    ATT_HDL_HRS_CHARACTERISTIC_HEART_RATE_MEASUREMENT 0x08009ba1   Data          10  profile_tab.o(.constdata)
    ATT_HDL_HRS_HEART_RATE_MEASUREMENT_INIT  0x08009bab   Data           9  profile_tab.o(.constdata)
    ATT_HDL_HRS_CLIENT_CHARACTERISTIC_CONFIGURATION_INIT 0x08009bb4   Data           7  profile_tab.o(.constdata)
    ATT_HDL_HRS_CHARACTERISTIC_BODY_SENSOR_LOCATION 0x08009bbb   Data          10  profile_tab.o(.constdata)
    ATT_HDL_HRS_BODY_SENSOR_LOCATION_INIT    0x08009bc5   Data           6  profile_tab.o(.constdata)
    ATT_PERMISSION_NULL                      0x08009bcb   Data           2  profile_tab.o(.constdata)
    ATT_PERMISSION_PRIMARY_SERVICE           0x08009bcd   Data           2  profile_tab.o(.constdata)
    ATT_PERMISSION_CHARACTERISTIC            0x08009bcf   Data           2  profile_tab.o(.constdata)
    ATT_PERMISSION_CHARACTERISTIC_PRESENTATION_FORMAT 0x08009bd1   Data           2  profile_tab.o(.constdata)
    ATT_PERMISSION_HDL_GAP_DEVICE_NAME_INIT  0x08009bd3   Data           2  profile_tab.o(.constdata)
    ATT_PERMISSION_HDL_GAP_APPEARANCE        0x08009bd5   Data           2  profile_tab.o(.constdata)
    ATT_PERMISSION_HDL_GAP_RECONNECTION_ADDRESS_INIT 0x08009bd7   Data           2  profile_tab.o(.constdata)
    ATT_PERMISSION_HDL_GAP_PERIPHERAL_PRIVACY_FLAG 0x08009bd9   Data           2  profile_tab.o(.constdata)
    ATT_PERMISSION_HDL_GAP_PERIPHERAL_PREFERRED_CONNECTION_PARAMETERS 0x08009bdb   Data           2  profile_tab.o(.constdata)
    ATT_PERMISSION_HDL_GATT_SERVICE_CHANGED_INIT 0x08009bdd   Data           2  profile_tab.o(.constdata)
    ATT_PERMISSION_HDL_GATT_CLIENT_CHARACTERISTIC_CONFIGURATION_INIT 0x08009bdf   Data           2  profile_tab.o(.constdata)
    ATT_PERMISSION_HDL_DIS_SERIAL_NUMBER_STRING 0x08009be1   Data           2  profile_tab.o(.constdata)
    ATT_PERMISSION_HDL_DIS_MANUFACTURER_NAME_STRING 0x08009be3   Data           2  profile_tab.o(.constdata)
    ATT_PERMISSION_HDL_DIS_SYSTEM_ID         0x08009be5   Data           2  profile_tab.o(.constdata)
    ATT_PERMISSION_HDL_DIS_FIRMWARE_REVISION_STRING 0x08009be7   Data           2  profile_tab.o(.constdata)
    ATT_PERMISSION_HDL_DIS_MODEL_NUMBER_STRING 0x08009be9   Data           2  profile_tab.o(.constdata)
    ATT_PERMISSION_HDL_DIS_HARDWARE_REVISION_STRING 0x08009beb   Data           2  profile_tab.o(.constdata)
    ATT_PERMISSION_HDL_DIS_SOFTWARE_REVISION_STRING 0x08009bed   Data           2  profile_tab.o(.constdata)
    ATT_PERMISSION_HDL_DIS_PNP_ID            0x08009bef   Data           2  profile_tab.o(.constdata)
    ATT_PERMISSION_HDL_HRS_HEART_RATE_MEASUREMENT_INIT 0x08009bf1   Data           2  profile_tab.o(.constdata)
    ATT_PERMISSION_HDL_HRS_CLIENT_CHARACTERISTIC_CONFIGURATION_INIT 0x08009bf3   Data           2  profile_tab.o(.constdata)
    ATT_PERMISSION_HDL_HRS_BODY_SENSOR_LOCATION_INIT 0x08009bf5   Data           2  profile_tab.o(.constdata)
    ATT_Write                                0x08009bf8   Data         180  profile_tab.o(.constdata)
    ATT_Read                                 0x08009cac   Data         180  profile_tab.o(.constdata)
    HS_fsm                                   0x08009d60   Data          12  host.o(.constdata)
    LL_DEFAULT_PHY                           0x08009d6c   Data           4  ll.o(.constdata)
    CH_ADV_SEL_TABLE                         0x08009d70   Data           4  ll.o(.constdata)
    LL_ACK_FLOW_RE_TO                        0x08009d74   Data           4  ll.o(.constdata)
    LL_CHMAP_DEFAUT                          0x08009d78   Data           5  ll.o(.constdata)
    LL_VERSION                               0x08009d7d   Data           5  ll.o(.constdata)
    TABLE_CONV_ADV_TYPE_HCI_LL               0x08009d82   Data           5  ll.o(.constdata)
    LL_DUR_RSV                               0x08009d87   Data           7  ll.o(.constdata)
    LE_LOCAL_VER_INFO                        0x08009d8e   Data           8  ll.o(.constdata)
    LL_FEATURE                               0x08009d96   Data           8  ll.o(.constdata)
    LL_LENGTH_DEFAULT                        0x08009d9e   Data           8  ll.o(.constdata)
    PRIME_NUM                                0x08009da6   Data           8  ll.o(.constdata)
    LL_REF_ACS_ADDR                          0x08009db0   Data          16  ll.o(.constdata)
    LL_REF_CRC_INI                           0x08009dc0   Data          12  ll.o(.constdata)
    LL_RF_PARA_TX_WIN_SIZE_MAP               0x08009dcc   Data          14  ll.o(.constdata)
    LL_RF_PARA_WIN_WIDTH_CNVT                0x08009ddc   Data          32  ll.o(.constdata)
    LL_RF_DATA_CH                            0x08009dfc   Data          74  ll.o(.constdata)
    CH_ADV_CH_HOP_BY_MAP_TABLE               0x08009e46   Data          32  ll.o(.constdata)
    RAND_INI32                               0x08009e66   Data          32  ll.o(.constdata)
    LL_ACK_FLOW                              0x08009e86   Data          16  ll.o(.constdata)
    LL_PR_CONN_ID_PAIR                       0x08009e96   Data          26  ll.o(.constdata)
    LL_RX_CONN_ID_INIT                       0x08009eb0   Data          26  ll.o(.constdata)
    LL_TX_CONN_ID_INIT                       0x08009eca   Data          26  ll.o(.constdata)
    LL_RX_CONN_ID_MASTER_SIDE_ONLY           0x08009ee4   Data          26  ll.o(.constdata)
    LL_RX_CONN_ID_SLAVE_SIDE_ONLY            0x08009efe   Data          26  ll.o(.constdata)
    LL_RX_CONN_ID_OP_LENGTH                  0x08009f18   Data          26  ll.o(.constdata)
    LL_LEN_OFFSET_1M                         0x08009f32   Data          17  ll.o(.constdata)
    LL_LEN_OFFSET_2M                         0x08009f43   Data           9  ll.o(.constdata)
    LL_fsm                                   0x08009f4c   Data         260  ll.o(.constdata)
    EC_fsm                                   0x0800a050   Data          40  ll.o(.constdata)
    Phy_pll_bank_freqIdx                     0x0800a078   Data           5  rf_phy.o(.constdata)
    RFIP_REG_IDX                             0x0800a07d   Data          14  rf_phy.o(.constdata)
    CH_SEL_TABLE_INV                         0x0800a08b   Data          40  rf_phy.o(.constdata)
    TIMELINE24_3750US_IDX                    0x0800a0b3   Data          17  rf_phy.o(.constdata)
    LE_EVENT_MASK_INI                        0x0800a0c4   Data           3  hci.o(.constdata)
    EVENT_MASK_INI                           0x0800a0c7   Data           5  hci.o(.constdata)
    HCI_fsm                                  0x0800a0cc   Data         100  hci.o(.constdata)
    TAB_SUPPORTED_COMMANDS_MASK              0x0800a130   Data          64  hci.o(.constdata)
    TAB_LMP_FEATURES_MASK                    0x0800a170   Data           8  hci.o(.constdata)
    L2CAP_fsm                                0x0800a178   Data           4  l2cap.o(.constdata)
    Prcss_BLE_CODE_SMP                       0x0800a17c   Data          48  mmi.o(.constdata)
    Prcss_BLE_OPCODE_ATT                     0x0800a1ac   Data         124  mmi.o(.constdata)
    Prcss_L2CAP_CID                          0x0800a228   Data          28  mmi.o(.constdata)
    UUID_BLUETOOTH_BASE                      0x0800a244   Data          16  rffunction.o(.constdata)
    Region$$Table$$Base                      0x0800a2a0   Number         0  anon$$obj.o(Region$$Table)
    Region$$Table$$Limit                     0x0800a2c0   Number         0  anon$$obj.o(Region$$Table)
    connId                                   0x20000000   Data           1  user.o(.data)
    ble_state                                0x20000001   Data           1  user.o(.data)
    SPI_DMATxFlag                            0x20000008   Data           1  spi.o(.data)
    SPI_DMARxFlag                            0x20000009   Data           1  spi.o(.data)
    SysTick_DelayTicks                       0x2000000c   Data           4  systick.o(.data)
    tbPresc                                  0x20000010   Data          16  hal_rcc.o(.data)
    att_HDL_GAP_DEVICE_NAME                  0x20000020   Data           8  profile_tab.o(.data)
    att_HDL_GAP_RECONNECTION_ADDRESS         0x20000028   Data           6  profile_tab.o(.data)
    att_HDL_GATT_SERVICE_CHANGED             0x2000002e   Data           4  profile_tab.o(.data)
    att_HDL_GATT_CLIENT_CHARACTERISTIC_CONFIGURATION 0x20000032   Data           2  profile_tab.o(.data)
    att_HDL_HRS_HEART_RATE_MEASUREMENT       0x20000034   Data           4  profile_tab.o(.data)
    att_HDL_HRS_CLIENT_CHARACTERISTIC_CONFIGURATION 0x20000038   Data           2  profile_tab.o(.data)
    att_HDL_HRS_BODY_SENSOR_LOCATION         0x2000003a   Data           1  profile_tab.o(.data)
    ATTRIBUTE_SERVER_PARAM                   0x2000003c   Data         180  profile_tab.o(.data)
    ATTRIBUTE_SERVER                         0x200000f0   Data         180  profile_tab.o(.data)
    ATTRIBUTE_SERVER_PERMISSION              0x200001a4   Data         180  profile_tab.o(.data)
    size_ATTRIBUTE_SERVER                    0x20000258   Data           1  profile_tab.o(.data)
    bleEventCallBack                         0x2000025c   Data           4  ble_event.o(.data)
    bleAddr_param                            0x20000260   Data           7  host.o(.data)
    ble_device_param                         0x20000267   Data           8  host.o(.data)
    MBlk_depth_Remaining                     0x20000270   Data           1  kernel.o(.data)
    MBlk_depth_Rsv                           0x20000271   Data           1  kernel.o(.data)
    MBlk_Free                                0x20000274   Data           4  kernel.o(.data)
    RX_CRC_valid_flag                        0x20000278   Data           1  ll.o(.data)
    LL_ConnID_Remaining                      0x20000279   Data           1  ll.o(.data)
    TBlk_Free_LL                             0x2000027a   Data           1  ll.o(.data)
    TBlk_InUse_LL                            0x2000027b   Data           1  ll.o(.data)
    LL_SMP_DataCh                            0x2000027c   Data           1  ll.o(.data)
    status_LL_Tmr                            0x2000027d   Data           1  ll.o(.data)
    anchor_LL_Tmr                            0x2000027e   Data           1  ll.o(.data)
    LL_Msg_AdvScnConn                        0x2000027f   Data           1  ll.o(.data)
    RF_Msg_RF0INT                            0x20000280   Data           1  ll.o(.data)
    LL_DurRxPktAccu                          0x20000282   Data           2  ll.o(.data)
    LL_REF_CRC_INI_ADVSCN                    0x20000284   Data           3  ll.o(.data)
    LL_REF_ACS_ADDR_ADVSCN                   0x20000288   Data           4  ll.o(.data)
    LL_Ref_Default_PHY                       0x2000028c   Data           4  ll.o(.data)
    tblk_LL_pi                               0x20000290   Data           4  ll.o(.data)
    tblk_LL_pi2                              0x20000294   Data           4  ll.o(.data)
    LL_conn_pi                               0x20000298   Data           4  ll.o(.data)
    LL_Slv_Win_Width                         0x2000029c   Data           4  ll.o(.data)
    LL_Slv_Win_Width_Base                    0x200002a0   Data           4  ll.o(.data)
    seedR16                                  0x200002a4   Data           4  ll.o(.data)
    Ch_ADV_Ch_Hop_Table                      0x200002a8   Data           4  ll.o(.data)
    LL_Ref_ChMap                             0x200002ac   Data           5  ll.o(.data)
    BD_Rand_Addr                             0x200002b1   Data           6  ll.o(.data)
    LL_ConnBuffPrcs                          0x200002b8   Data           8  ll.o(.data)
    Tmr37                                    0x200002c0   Data           8  ll.o(.data)
    MsgQueueEC                               0x200002c8   Data           8  ll.o(.data)
    RfVolt_new                               0x200002d0   Data           1  rf_phy.o(.data)
    Init_flag                                0x200002d1   Data           1  rf_phy.o(.data)
    Content_ioInt                            0x200002d2   Data           1  rf_phy.o(.data)
    rssiOffsetValue                          0x200002d3   Data           1  rf_phy.o(.data)
    gSleep                                   0x200002d5   Data           1  rf_phy.o(.data)
    Tmr16Interval                            0x200002d6   Data           2  rf_phy.o(.data)
    Timeline24                               0x200002d8   Data           4  rf_phy.o(.data)
    addr_TxFIFO                              0x200002dc   Data           4  rf_phy.o(.data)
    txpower_0dbm_reg                         0x200002e0   Data           4  rf_phy.o(.data)
    txpower_4dbm_reg                         0x200002e4   Data           4  rf_phy.o(.data)
    txpower_8dbm_reg                         0x200002e8   Data           4  rf_phy.o(.data)
    txpower_10dbm_reg                        0x200002ec   Data           4  rf_phy.o(.data)
    Phy_pll_bank                             0x200002f0   Data           5  rf_phy.o(.data)
    RFIP_init_reg                            0x200002f5   Data         128  rf_phy.o(.data)
    R568_lna_agc                             0x20000376   Data          32  rf_phy.o(.data)
    R568_tia_agc                             0x20000396   Data          32  rf_phy.o(.data)
    R568_vga_agc                             0x200003b6   Data          32  rf_phy.o(.data)
    Event_Mask2                              0x200003e0   Data           1  hci.o(.data)
    LE_Event_Mask                            0x200003e1   Data           3  hci.o(.data)
    mhcCallBack                              0x200003e4   Data           4  hci.o(.data)
    Event_Mask                               0x200003e8   Data           5  hci.o(.data)
    ATT_INDICATION_Packet_Sent               0x200003ed   Data           1  mmi.o(.data)
    r_AES_INI                                0x200003ee   Data          16  rffunction.o(.data)
    RSP_PAIRING_REQUEST                      0x200003fe   Data          11  rffunction.o(.data)
    LTK_FIXED                                0x20000409   Data          16  rffunction.o(.data)
    EDIV_FIXED                               0x20000419   Data           2  rffunction.o(.data)
    RAND_FIXED                               0x2000041b   Data           8  rffunction.o(.data)
    IRK_FIXED                                0x20000423   Data          16  rffunction.o(.data)
    CSRK_FIXED                               0x20000433   Data          16  rffunction.o(.data)
    SEL_STK_GEN_MTHD                         0x20000443   Data          25  rffunction.o(.data)
    aTT_MTU                                  0x2000045c   Data           1  rffunction.o(.data)
    smp_Authorization                        0x2000045d   Data           1  rffunction.o(.data)
    smp_Encryption                           0x2000045e   Data           1  rffunction.o(.data)
    smp_Security_Mode                        0x2000045f   Data           1  rffunction.o(.data)
    smp_PReq_IO_Capab                        0x20000460   Data           1  rffunction.o(.data)
    smp_PReq_OOB_data                        0x20000461   Data           1  rffunction.o(.data)
    smp_PReq_Init_Key_Distr                  0x20000462   Data           1  rffunction.o(.data)
    smp_PReq_Resp_Key_Distr                  0x20000463   Data           1  rffunction.o(.data)
    smp_Phase                                0x20000464   Data           1  rffunction.o(.data)
    smp_TempDef                              0x20000465   Data           1  rffunction.o(.data)
    smp_Rand                                 0x20000466   Data           8  rffunction.o(.data)
    smp_EDIV                                 0x2000046e   Data           2  rffunction.o(.data)
    smp_Local_Addr_advTemp                   0x20000470   Data           8  rffunction.o(.data)
    __stdout                                 0x20000478   Data           4  stdout.o(.data)
    MsgBlk                                   0x2000047c   Data        3120  kernel.o(.bss)
    MsgQueue                                 0x200010ac   Data          40  kernel.o(.bss)
    TAB_ZERO_128                             0x200010d4   Data         136  ll.o(.bss)
    LL_Adv_Para                              0x2000115c   Data          82  ll.o(.bss)
    LL_Scan_Para                             0x200011ae   Data          12  ll.o(.bss)
    LL_Conn_Para                             0x200011bc   Data         680  ll.o(.bss)
    LL_ConnDataQ                             0x20001464   Data          40  ll.o(.bss)
    LL_ConnCtrlQ                             0x2000148c   Data          40  ll.o(.bss)
    LL_ConnDataInQ                           0x200014b4   Data          40  ll.o(.bss)
    LL_ConnBuffPt                            0x200014dc   Data          20  ll.o(.bss)
    LL_Init_Para                             0x200014f0   Data          28  ll.o(.bss)
    LL_WhiteList_Para                        0x2000150c   Data          28  ll.o(.bss)
    LL_Para_Interval                         0x20001528   Data          36  ll.o(.bss)
    TmrBlk_LL                                0x2000154c   Data          72  ll.o(.bss)
    mblk_LL_conn_Para                        0x20001594   Data          20  ll.o(.bss)
    LL_Length_Prefer                         0x200015a8   Data          40  ll.o(.bss)
    RFIP_reg_MEM                             0x200015d0   Data          14  rf_phy.o(.bss)
    CH_PLL_bank_Table                        0x200015de   Data          40  rf_phy.o(.bss)
    L2CAP_Buf                                0x20001606   Data         252  l2cap.o(.bss)
    SPIBuffer                                0x20001704   Data         251  rffunction.o(.bss)
    q_att_HDL_PreWr                          0x200017ff   Data          48  rffunction.o(.bss)
    CmdTimer                                 0x20001830   Data         180  rffunction.o(.bss)
    k_AES_passkey                            0x200018e4   Data          16  rffunction.o(.bss)
    smp_Para_Bond                            0x200018f4   Data          37  rffunction.o(.bss)
    rsp_pairing_request_table                0x20001919   Data          11  rffunction.o(.bss)
    smp_Local_Addr                           0x20001924   Data          40  rffunction.o(.bss)
    smp_Temp16                               0x2000194c   Data          16  rffunction.o(.bss)
    smp_IRKm                                 0x2000195c   Data          16  rffunction.o(.bss)
    smp_CSRKm                                0x2000196c   Data          16  rffunction.o(.bss)
    r_AES                                    0x2000197c   Data          16  rffunction.o(.bss)
    LTK                                      0x2000198c   Data          16  rffunction.o(.bss)
    LTK_SEED                                 0x2000199c   Data          10  rffunction.o(.bss)
    SECBuffer                                0x200019a6   Data          42  rffunction.o(.bss)
    __initial_sp                             0x20001dd0   Data           0  startup_mm32f032xx_s_keil.o(STACK)



==============================================================================

Memory Map of the image

  Image Entry point : 0x080000c1

  Load Region LR_IROM1 (Base: 0x08000000, Size: 0x0000a73c, Max: 0x00010000, ABSOLUTE, COMPRESSED[0x0000a594])

    Execution Region ER_IROM1 (Exec base: 0x08000000, Load base: 0x08000000, Size: 0x0000a2c0, Max: 0x00010000, ABSOLUTE)

    Exec Addr    Load Addr    Size         Type   Attr      Idx    E Section Name        Object

    0x08000000   0x08000000   0x000000c0   Data   RO           68    RESET               startup_mm32f032xx_s_keil.o
    0x080000c0   0x080000c0   0x00000000   Code   RO         6320  * .ARM.Collect$$$$00000000  mc_p.l(entry.o)
    0x080000c0   0x080000c0   0x00000004   Code   RO         6594    .ARM.Collect$$$$00000001  mc_p.l(entry2.o)
    0x080000c4   0x080000c4   0x00000004   Code   RO         6597    .ARM.Collect$$$$00000004  mc_p.l(entry5.o)
    0x080000c8   0x080000c8   0x00000000   Code   RO         6599    .ARM.Collect$$$$00000008  mc_p.l(entry7b.o)
    0x080000c8   0x080000c8   0x00000000   Code   RO         6601    .ARM.Collect$$$$0000000A  mc_p.l(entry8b.o)
    0x080000c8   0x080000c8   0x00000008   Code   RO         6602    .ARM.Collect$$$$0000000B  mc_p.l(entry9a.o)
    0x080000d0   0x080000d0   0x00000000   Code   RO         6604    .ARM.Collect$$$$0000000D  mc_p.l(entry10a.o)
    0x080000d0   0x080000d0   0x00000000   Code   RO         6606    .ARM.Collect$$$$0000000F  mc_p.l(entry11a.o)
    0x080000d0   0x080000d0   0x00000004   Code   RO         6595    .ARM.Collect$$$$00002712  mc_p.l(entry2.o)
    0x080000d4   0x080000d4   0x00000006   Code   RO          573    .emb_text           porting_lltimer.o
    0x080000da   0x080000da   0x00000002   PAD
    0x080000dc   0x080000dc   0x00000058   Code   RO           69    .text               startup_mm32f032xx_s_keil.o
    0x08000134   0x08000134   0x0000002c   Code   RO         6323    .text               mc_p.l(uidiv.o)
    0x08000160   0x08000160   0x00000028   Code   RO         6325    .text               mc_p.l(idiv.o)
    0x08000188   0x08000188   0x00000060   Code   RO         6609    .text               mc_p.l(uldiv.o)
    0x080001e8   0x080001e8   0x00000024   Code   RO         6622    .text               mc_p.l(init.o)
    0x0800020c   0x0800020c   0x00000020   Code   RO         6624    .text               mc_p.l(llshl.o)
    0x0800022c   0x0800022c   0x00000022   Code   RO         6626    .text               mc_p.l(llushr.o)
    0x0800024e   0x0800024e   0x00000056   Code   RO         6641    .text               mc_p.l(__dczerorl2.o)
    0x080002a4   0x080002a4   0x00000060   Code   RO         3921    i.ATT_HDL_Notify    Rafael_BLE_MM32F032xx_s.lib(host.o)
    0x08000304   0x08000304   0x00000018   Code   RO         3423    i.ATT_HDL_Rd_HRS_BODY_SENSOR_LOCATION  profile_tab.o
    0x0800031c   0x0800031c   0x00000002   Code   RO         3424    i.ATT_HDL_Rd_NULL   profile_tab.o
    0x0800031e   0x0800031e   0x00000002   Code   RO         3425    i.ATT_HDL_Wr_NULL   profile_tab.o
    0x08000320   0x08000320   0x0000005c   Code   RO          660    i.BSP_SPI_BLE_Init  porting_spi.o
    0x0800037c   0x0800037c   0x00000010   Code   RO          252    i.BleApp_Init       user.o
    0x0800038c   0x0800038c   0x00000078   Code   RO          253    i.BleApp_Main       user.o
    0x08000404   0x08000404   0x00000140   Code   RO          254    i.BleEvent_Callback  user.o
    0x08000544   0x08000544   0x0000000c   Code   RO         5485    i.BleMHC_PostEvent  Rafael_BLE_MM32F032xx_s.lib(hci.o)
    0x08000550   0x08000550   0x0000000c   Code   RO         5085    i.BleTxFIFOAddr_Get  Rafael_BLE_MM32F032xx_s.lib(rf_phy.o)
    0x0800055c   0x0800055c   0x0000003c   Code   RO         4304    i.Ble_EC_Chk_Isr    Rafael_BLE_MM32F032xx_s.lib(ll.o)
    0x08000598   0x08000598   0x00000094   Code   RO         4016    i.Ble_Kernel_Root   Rafael_BLE_MM32F032xx_s.lib(kernel.o)
    0x0800062c   0x0800062c   0x00000040   Code   RO         5086    i.Ble_SW_Init       Rafael_BLE_MM32F032xx_s.lib(rf_phy.o)
    0x0800066c   0x0800066c   0x0000001e   Code   RO          257    i.Ble_Slave_AdvInit  user.o
    0x0800068a   0x0800068a   0x00000002   PAD
    0x0800068c   0x0800068c   0x00000024   Code   RO          258    i.Ble_Slave_StartADV  user.o
    0x080006b0   0x080006b0   0x00000038   Code   RO         4020    i.CheckMsgBlk_L2_wSizeUsed_Isr  Rafael_BLE_MM32F032xx_s.lib(kernel.o)
    0x080006e8   0x080006e8   0x00000020   Code   RO         4021    i.CheckMsgQueue     Rafael_BLE_MM32F032xx_s.lib(kernel.o)
    0x08000708   0x08000708   0x00000014   Code   RO         5735    i.CheckValid_L2CAP_Buf  Rafael_BLE_MM32F032xx_s.lib(l2cap.o)
    0x0800071c   0x0800071c   0x0000000c   Code   RO         5087    i.ChipId_Get        Rafael_BLE_MM32F032xx_s.lib(rf_phy.o)
    0x08000728   0x08000728   0x00000034   Code   RO          400    i.DMA1_Channel2_3_IRQHandler  spi.o
    0x0800075c   0x0800075c   0x00000038   Code   RO          401    i.DMA1_Channel4_5_IRQHandler  spi.o
    0x08000794   0x08000794   0x0000000c   Code   RO         1114    i.DMA_ClearITPendingBit  hal_dma.o
    0x080007a0   0x080007a0   0x0000000c   Code   RO         1115    i.DMA_Cmd           hal_dma.o
    0x080007ac   0x080007ac   0x00000030   Code   RO         1116    i.DMA_DeInit        hal_dma.o
    0x080007dc   0x080007dc   0x00000014   Code   RO         1119    i.DMA_GetITStatus   hal_dma.o
    0x080007f0   0x080007f0   0x00000010   Code   RO         1120    i.DMA_ITConfig      hal_dma.o
    0x08000800   0x08000800   0x0000004c   Code   RO         1121    i.DMA_Init          hal_dma.o
    0x0800084c   0x0800084c   0x0000001c   Code   RO         1122    i.DMA_StructInit    hal_dma.o
    0x08000868   0x08000868   0x000000e8   Code   RO         4305    i.ECHC_LE_Ctrl_Pkt  Rafael_BLE_MM32F032xx_s.lib(ll.o)
    0x08000950   0x08000950   0x00000030   Code   RO          604    i.EXTI4_15_IRQHandler  porting_misc.o
    0x08000980   0x08000980   0x0000000c   Code   RO         1215    i.EXTI_ClearITPendingBit  hal_exti.o
    0x0800098c   0x0800098c   0x0000001c   Code   RO         1220    i.EXTI_GetITStatus  hal_exti.o
    0x080009a8   0x080009a8   0x00000058   Code   RO         1221    i.EXTI_Init         hal_exti.o
    0x08000a00   0x08000a00   0x00000028   Code   RO         1222    i.EXTI_LineConfig   hal_exti.o
    0x08000a28   0x08000a28   0x0000000c   Code   RO         4031    i.ErrorEntry        Rafael_BLE_MM32F032xx_s.lib(kernel.o)
    0x08000a34   0x08000a34   0x00000020   Code   RO         4032    i.FreeMsgBlk        Rafael_BLE_MM32F032xx_s.lib(kernel.o)
    0x08000a54   0x08000a54   0x0000001c   Code   RO         4033    i.FreeMsgBlk_Isr    Rafael_BLE_MM32F032xx_s.lib(kernel.o)
    0x08000a70   0x08000a70   0x00000030   Code   RO         4034    i.FreeMsgBlks       Rafael_BLE_MM32F032xx_s.lib(kernel.o)
    0x08000aa0   0x08000aa0   0x00000086   Code   RO         1506    i.GPIO_Init         hal_gpio.o
    0x08000b26   0x08000b26   0x00000020   Code   RO         1507    i.GPIO_PinAFConfig  hal_gpio.o
    0x08000b46   0x08000b46   0x0000000a   Code   RO         1511    i.GPIO_ReadInputDataBit  hal_gpio.o
    0x08000b50   0x08000b50   0x00000004   Code   RO         1514    i.GPIO_ResetBits    hal_gpio.o
    0x08000b54   0x08000b54   0x00000004   Code   RO         1515    i.GPIO_SetBits      hal_gpio.o
    0x08000b58   0x08000b58   0x00000010   Code   RO         1516    i.GPIO_StructInit   hal_gpio.o
    0x08000b68   0x08000b68   0x00000028   Code   RO         4036    i.GetMsgBlk         Rafael_BLE_MM32F032xx_s.lib(kernel.o)
    0x08000b90   0x08000b90   0x00000020   Code   RO         4037    i.GetMsgBlk_Isr     Rafael_BLE_MM32F032xx_s.lib(kernel.o)
    0x08000bb0   0x08000bb0   0x00000054   Code   RO         4038    i.GetMsgBlk_L2_wSize  Rafael_BLE_MM32F032xx_s.lib(kernel.o)
    0x08000c04   0x08000c04   0x00000054   Code   RO         4039    i.GetMsgBlk_wSize_Isr  Rafael_BLE_MM32F032xx_s.lib(kernel.o)
    0x08000c58   0x08000c58   0x00000024   Code   RO         5486    i.HCI_Root          Rafael_BLE_MM32F032xx_s.lib(hci.o)
    0x08000c7c   0x08000c7c   0x0000003c   Code   RO         4307    i.HCLL_Disconnect   Rafael_BLE_MM32F032xx_s.lib(ll.o)
    0x08000cb8   0x08000cb8   0x00000002   Code   RO         4308    i.HCLL_Host_Buffer_Size  Rafael_BLE_MM32F032xx_s.lib(ll.o)
    0x08000cba   0x08000cba   0x00000002   Code   RO         4309    i.HCLL_Host_Num_of_Completed_Packets  Rafael_BLE_MM32F032xx_s.lib(ll.o)
    0x08000cbc   0x08000cbc   0x00000004   Code   RO         4310    i.HCLL_LE_ACL_Data_Pkt  Rafael_BLE_MM32F032xx_s.lib(ll.o)
    0x08000cc0   0x08000cc0   0x00000004   Code   RO         4311    i.HCLL_LE_ACL_Data_Pkt_Extend  Rafael_BLE_MM32F032xx_s.lib(ll.o)
    0x08000cc4   0x08000cc4   0x0000008c   Code   RO         4312    i.HCLL_LE_Add_Device_to_White_List  Rafael_BLE_MM32F032xx_s.lib(ll.o)
    0x08000d50   0x08000d50   0x00000048   Code   RO         4313    i.HCLL_LE_Clear_White_List  Rafael_BLE_MM32F032xx_s.lib(ll.o)
    0x08000d98   0x08000d98   0x000000d4   Code   RO         4314    i.HCLL_LE_Conn_update  Rafael_BLE_MM32F032xx_s.lib(ll.o)
    0x08000e6c   0x08000e6c   0x00000178   Code   RO         4315    i.HCLL_LE_Create_Conn  Rafael_BLE_MM32F032xx_s.lib(ll.o)
    0x08000fe4   0x08000fe4   0x00000048   Code   RO         4316    i.HCLL_LE_Create_conn_cancel  Rafael_BLE_MM32F032xx_s.lib(ll.o)
    0x0800102c   0x0800102c   0x000000b4   Code   RO         4317    i.HCLL_LE_Ctrl_Pkt  Rafael_BLE_MM32F032xx_s.lib(ll.o)
    0x080010e0   0x080010e0   0x00000024   Code   RO         4318    i.HCLL_LE_Encrypt   Rafael_BLE_MM32F032xx_s.lib(ll.o)
    0x08001104   0x08001104   0x0000005c   Code   RO         4319    i.HCLL_LE_Long_term_key_req_neg_reply  Rafael_BLE_MM32F032xx_s.lib(ll.o)
    0x08001160   0x08001160   0x00000024   Code   RO         4320    i.HCLL_LE_Long_term_key_req_reply  Rafael_BLE_MM32F032xx_s.lib(ll.o)
    0x08001184   0x08001184   0x00000024   Code   RO         4321    i.HCLL_LE_Rand      Rafael_BLE_MM32F032xx_s.lib(ll.o)
    0x080011a8   0x080011a8   0x00000004   Code   RO         4322    i.HCLL_LE_Read_Adv_Ch_Tx_Pwr  Rafael_BLE_MM32F032xx_s.lib(ll.o)
    0x080011ac   0x080011ac   0x00000024   Code   RO         4323    i.HCLL_LE_Read_Buffer_Size  Rafael_BLE_MM32F032xx_s.lib(ll.o)
    0x080011d0   0x080011d0   0x00000030   Code   RO         4324    i.HCLL_LE_Read_Local_Supported_Feat  Rafael_BLE_MM32F032xx_s.lib(ll.o)
    0x08001200   0x08001200   0x00000044   Code   RO         4325    i.HCLL_LE_Read_Phy  Rafael_BLE_MM32F032xx_s.lib(ll.o)
    0x08001244   0x08001244   0x00000038   Code   RO         4326    i.HCLL_LE_Read_Remote_Used_Feat  Rafael_BLE_MM32F032xx_s.lib(ll.o)
    0x0800127c   0x0800127c   0x0000001c   Code   RO         4327    i.HCLL_LE_Read_White_List_Size  Rafael_BLE_MM32F032xx_s.lib(ll.o)
    0x08001298   0x08001298   0x0000003c   Code   RO         4328    i.HCLL_LE_Read_ch_map  Rafael_BLE_MM32F032xx_s.lib(ll.o)
    0x080012d4   0x080012d4   0x00000002   Code   RO         4329    i.HCLL_LE_Read_supported_states  Rafael_BLE_MM32F032xx_s.lib(ll.o)
    0x080012d6   0x080012d6   0x00000002   Code   RO         4330    i.HCLL_LE_Receiver_test  Rafael_BLE_MM32F032xx_s.lib(ll.o)
    0x080012d8   0x080012d8   0x00000004   Code   RO         4331    i.HCLL_LE_Remote_conn_param_req_neg_reply  Rafael_BLE_MM32F032xx_s.lib(ll.o)
    0x080012dc   0x080012dc   0x00000004   Code   RO         4332    i.HCLL_LE_Remote_conn_param_req_reply  Rafael_BLE_MM32F032xx_s.lib(ll.o)
    0x080012e0   0x080012e0   0x00000070   Code   RO         4333    i.HCLL_LE_Rmv_Device_from_White_List  Rafael_BLE_MM32F032xx_s.lib(ll.o)
    0x08001350   0x08001350   0x00000034   Code   RO         4334    i.HCLL_LE_Set_Adv_Data  Rafael_BLE_MM32F032xx_s.lib(ll.o)
    0x08001384   0x08001384   0x00000098   Code   RO         4335    i.HCLL_LE_Set_Adv_Param  Rafael_BLE_MM32F032xx_s.lib(ll.o)
    0x0800141c   0x0800141c   0x000000fc   Code   RO         4336    i.HCLL_LE_Set_Advertise_Enable  Rafael_BLE_MM32F032xx_s.lib(ll.o)
    0x08001518   0x08001518   0x00000078   Code   RO         4337    i.HCLL_LE_Set_Data_Length  Rafael_BLE_MM32F032xx_s.lib(ll.o)
    0x08001590   0x08001590   0x00000060   Code   RO         4338    i.HCLL_LE_Set_Default_Phy  Rafael_BLE_MM32F032xx_s.lib(ll.o)
    0x080015f0   0x080015f0   0x0000002c   Code   RO         4339    i.HCLL_LE_Set_Event_Mask  Rafael_BLE_MM32F032xx_s.lib(ll.o)
    0x0800161c   0x0800161c   0x00000078   Code   RO         4340    i.HCLL_LE_Set_Host_Ch_Classification  Rafael_BLE_MM32F032xx_s.lib(ll.o)
    0x08001694   0x08001694   0x0000009c   Code   RO         4341    i.HCLL_LE_Set_Phy   Rafael_BLE_MM32F032xx_s.lib(ll.o)
    0x08001730   0x08001730   0x0000003c   Code   RO         4342    i.HCLL_LE_Set_Random_Address  Rafael_BLE_MM32F032xx_s.lib(ll.o)
    0x0800176c   0x0800176c   0x00000030   Code   RO         4343    i.HCLL_LE_Set_Scan_Response_Data  Rafael_BLE_MM32F032xx_s.lib(ll.o)
    0x0800179c   0x0800179c   0x00000050   Code   RO         4344    i.HCLL_LE_Set_scan_enable  Rafael_BLE_MM32F032xx_s.lib(ll.o)
    0x080017ec   0x080017ec   0x0000007c   Code   RO         4345    i.HCLL_LE_Set_scan_param  Rafael_BLE_MM32F032xx_s.lib(ll.o)
    0x08001868   0x08001868   0x00000024   Code   RO         4346    i.HCLL_LE_Start_encryption  Rafael_BLE_MM32F032xx_s.lib(ll.o)
    0x0800188c   0x0800188c   0x00000002   Code   RO         4347    i.HCLL_LE_Test_end  Rafael_BLE_MM32F032xx_s.lib(ll.o)
    0x0800188e   0x0800188e   0x00000002   Code   RO         4348    i.HCLL_LE_Transmitter_test  Rafael_BLE_MM32F032xx_s.lib(ll.o)
    0x08001890   0x08001890   0x0000002c   Code   RO         4349    i.HCLL_Read_BD_Addr  Rafael_BLE_MM32F032xx_s.lib(ll.o)
    0x080018bc   0x080018bc   0x00000002   Code   RO         4350    i.HCLL_Read_Le_Host_Support  Rafael_BLE_MM32F032xx_s.lib(ll.o)
    0x080018be   0x080018be   0x00000002   PAD
    0x080018c0   0x080018c0   0x00000050   Code   RO         4351    i.HCLL_Read_Local_Supported_Cmd  Rafael_BLE_MM32F032xx_s.lib(ll.o)
    0x08001910   0x08001910   0x0000002c   Code   RO         4352    i.HCLL_Read_Local_Supported_Feat  Rafael_BLE_MM32F032xx_s.lib(ll.o)
    0x0800193c   0x0800193c   0x0000002c   Code   RO         4353    i.HCLL_Read_Local_Ver_Info  Rafael_BLE_MM32F032xx_s.lib(ll.o)
    0x08001968   0x08001968   0x00000030   Code   RO         4354    i.HCLL_Read_Remote_Ver_Info  Rafael_BLE_MM32F032xx_s.lib(ll.o)
    0x08001998   0x08001998   0x00000002   Code   RO         4355    i.HCLL_Read_Transmit_Pwr_Level  Rafael_BLE_MM32F032xx_s.lib(ll.o)
    0x0800199a   0x0800199a   0x00000002   Code   RO         4356    i.HCLL_Read_authen_payload_timeout  Rafael_BLE_MM32F032xx_s.lib(ll.o)
    0x0800199c   0x0800199c   0x00000002   Code   RO         4357    i.HCLL_Read_buffer_size  Rafael_BLE_MM32F032xx_s.lib(ll.o)
    0x0800199e   0x0800199e   0x00000002   PAD
    0x080019a0   0x080019a0   0x00000034   Code   RO         4358    i.HCLL_Read_rssi    Rafael_BLE_MM32F032xx_s.lib(ll.o)
    0x080019d4   0x080019d4   0x0000001a   Code   RO         4359    i.HCLL_Reset        Rafael_BLE_MM32F032xx_s.lib(ll.o)
    0x080019ee   0x080019ee   0x00000002   Code   RO         4360    i.HCLL_Set_Ctrler_to_Host_Flow_Ctrl  Rafael_BLE_MM32F032xx_s.lib(ll.o)
    0x080019f0   0x080019f0   0x0000003c   Code   RO         4361    i.HCLL_Set_Event_Mask  Rafael_BLE_MM32F032xx_s.lib(ll.o)
    0x08001a2c   0x08001a2c   0x00000024   Code   RO         4362    i.HCLL_Set_Event_Mask_Page_2  Rafael_BLE_MM32F032xx_s.lib(ll.o)
    0x08001a50   0x08001a50   0x00000002   Code   RO         4363    i.HCLL_Write_Le_Host_Support  Rafael_BLE_MM32F032xx_s.lib(ll.o)
    0x08001a52   0x08001a52   0x00000002   Code   RO         4364    i.HCLL_Write_authen_payload_timeout  Rafael_BLE_MM32F032xx_s.lib(ll.o)
    0x08001a54   0x08001a54   0x00000018   Code   RO         3923    i.HSPF_Att_Read     Rafael_BLE_MM32F032xx_s.lib(host.o)
    0x08001a6c   0x08001a6c   0x0000001c   Code   RO         3924    i.HSPF_Att_Write    Rafael_BLE_MM32F032xx_s.lib(host.o)
    0x08001a88   0x08001a88   0x00000024   Code   RO         3925    i.Host_Root         Rafael_BLE_MM32F032xx_s.lib(host.o)
    0x08001aac   0x08001aac   0x0000004c   Code   RO         4041    i.KernelInit        Rafael_BLE_MM32F032xx_s.lib(kernel.o)
    0x08001af8   0x08001af8   0x00000020   Code   RO         4042    i.Knl_CodeComp      Rafael_BLE_MM32F032xx_s.lib(kernel.o)
    0x08001b18   0x08001b18   0x00000012   Code   RO         4044    i.Knl_CodeCpy       Rafael_BLE_MM32F032xx_s.lib(kernel.o)
    0x08001b2a   0x08001b2a   0x0000001e   Code   RO         4046    i.Knl_CodeCpyInv_Isr  Rafael_BLE_MM32F032xx_s.lib(kernel.o)
    0x08001b48   0x08001b48   0x00000012   Code   RO         4047    i.Knl_CodeCpy_Isr   Rafael_BLE_MM32F032xx_s.lib(kernel.o)
    0x08001b5a   0x08001b5a   0x00000020   Code   RO         4048    i.Knl_MemComp       Rafael_BLE_MM32F032xx_s.lib(kernel.o)
    0x08001b7a   0x08001b7a   0x00000020   Code   RO         4049    i.Knl_MemComp_Isr   Rafael_BLE_MM32F032xx_s.lib(kernel.o)
    0x08001b9a   0x08001b9a   0x00000012   Code   RO         4050    i.Knl_MemCpy        Rafael_BLE_MM32F032xx_s.lib(kernel.o)
    0x08001bac   0x08001bac   0x0000001e   Code   RO         4051    i.Knl_MemCpyInv     Rafael_BLE_MM32F032xx_s.lib(kernel.o)
    0x08001bca   0x08001bca   0x0000001e   Code   RO         4052    i.Knl_MemCpyInv_Isr  Rafael_BLE_MM32F032xx_s.lib(kernel.o)
    0x08001be8   0x08001be8   0x0000001a   Code   RO         4053    i.Knl_MemCpy_Fwd    Rafael_BLE_MM32F032xx_s.lib(kernel.o)
    0x08001c02   0x08001c02   0x00000012   Code   RO         4054    i.Knl_MemCpy_Isr    Rafael_BLE_MM32F032xx_s.lib(kernel.o)
    0x08001c14   0x08001c14   0x00000024   Code   RO         5736    i.L2CAP_Root        Rafael_BLE_MM32F032xx_s.lib(l2cap.o)
    0x08001c38   0x08001c38   0x000001d8   Code   RO         4365    i.LLEC_LE_CCM_Manual  Rafael_BLE_MM32F032xx_s.lib(ll.o)
    0x08001e10   0x08001e10   0x00000030   Code   RO         4366    i.LLEC_LE_Encrypt   Rafael_BLE_MM32F032xx_s.lib(ll.o)
    0x08001e40   0x08001e40   0x0000005c   Code   RO         4367    i.LLEC_LE_Long_term_key_req_reply  Rafael_BLE_MM32F032xx_s.lib(ll.o)
    0x08001e9c   0x08001e9c   0x0000004c   Code   RO         4368    i.LLEC_LE_Rand      Rafael_BLE_MM32F032xx_s.lib(ll.o)
    0x08001ee8   0x08001ee8   0x00000084   Code   RO         4369    i.LLEC_LE_Start_encryption  Rafael_BLE_MM32F032xx_s.lib(ll.o)
    0x08001f6c   0x08001f6c   0x0000001a   Code   RO         4370    i.LLHC_ERR_CODE_Invalid_Lmp_Parameters  Rafael_BLE_MM32F032xx_s.lib(ll.o)
    0x08001f86   0x08001f86   0x0000001a   Code   RO         4371    i.LLHC_ERR_CODE_Unknown_Hci_Command  Rafael_BLE_MM32F032xx_s.lib(ll.o)
    0x08001fa0   0x08001fa0   0x00000360   Code   RO         4372    i.LLHC_LE_Ctrl_Pkt  Rafael_BLE_MM32F032xx_s.lib(ll.o)
    0x08002300   0x08002300   0x0000000c   Code   RO         5088    i.LLTimeline_Get    Rafael_BLE_MM32F032xx_s.lib(rf_phy.o)
    0x0800230c   0x0800230c   0x000013d4   Code   RO         4373    i.LLTimer_Isr       Rafael_BLE_MM32F032xx_s.lib(ll.o)
    0x080036e0   0x080036e0   0x00000044   Code   RO         4374    i.LLTimer_TmrRefUpd_Isr  Rafael_BLE_MM32F032xx_s.lib(ll.o)
    0x08003724   0x08003724   0x00000060   Code   RO         4376    i.LLWTR_Buffer_wAck_Isr  Rafael_BLE_MM32F032xx_s.lib(ll.o)
    0x08003784   0x08003784   0x00000fec   Code   RO         4377    i.LLWTR_Isr         Rafael_BLE_MM32F032xx_s.lib(ll.o)
    0x08004770   0x08004770   0x0000004c   Code   RO         4378    i.LLWTR_MDset       Rafael_BLE_MM32F032xx_s.lib(ll.o)
    0x080047bc   0x080047bc   0x000003f0   Code   RO         4379    i.LLWTR_Rx2Hc       Rafael_BLE_MM32F032xx_s.lib(ll.o)
    0x08004bac   0x08004bac   0x0000024c   Code   RO         4381    i.LL_Buffer_To_FIFO_Isr  Rafael_BLE_MM32F032xx_s.lib(ll.o)
    0x08004df8   0x08004df8   0x00000018   Code   RO         4382    i.LL_CheckConnExist  Rafael_BLE_MM32F032xx_s.lib(ll.o)
    0x08004e10   0x08004e10   0x000000a0   Code   RO         4383    i.LL_Data2ConnTxFIFO  Rafael_BLE_MM32F032xx_s.lib(ll.o)
    0x08004eb0   0x08004eb0   0x00000074   Code   RO         4384    i.LL_Data2ConnTxFIFO_smp  Rafael_BLE_MM32F032xx_s.lib(ll.o)
    0x08004f24   0x08004f24   0x00000050   Code   RO         4385    i.LL_Data2ConnTxFIFO_smp_Isr  Rafael_BLE_MM32F032xx_s.lib(ll.o)
    0x08004f74   0x08004f74   0x0000007c   Code   RO         4386    i.LL_EventCounter_Map_Upd  Rafael_BLE_MM32F032xx_s.lib(ll.o)
    0x08004ff0   0x08004ff0   0x000000b0   Code   RO         4387    i.LL_GPIO_Isr       Rafael_BLE_MM32F032xx_s.lib(ll.o)
    0x080050a0   0x080050a0   0x0000001c   Code   RO         4388    i.LL_GetMasterFreeConnID  Rafael_BLE_MM32F032xx_s.lib(ll.o)
    0x080050bc   0x080050bc   0x0000001c   Code   RO         4389    i.LL_GetSlaveFreeConnID  Rafael_BLE_MM32F032xx_s.lib(ll.o)
    0x080050d8   0x080050d8   0x00000020   Code   RO         4390    i.LL_MsgBlk_LL_conn_Para_Rls  Rafael_BLE_MM32F032xx_s.lib(ll.o)
    0x080050f8   0x080050f8   0x00000038   Code   RO         4391    i.LL_Msg_CTRL_PKT   Rafael_BLE_MM32F032xx_s.lib(ll.o)
    0x08005130   0x08005130   0x00000038   Code   RO         4392    i.LL_Msg_CTRL_PKT_Isr  Rafael_BLE_MM32F032xx_s.lib(ll.o)
    0x08005168   0x08005168   0x0000001e   Code   RO         4394    i.LL_Msg_Event_Encrypt_Change  Rafael_BLE_MM32F032xx_s.lib(ll.o)
    0x08005186   0x08005186   0x00000020   Code   RO         4395    i.LL_Msg_Event_Le_PHY_Update_Complete  Rafael_BLE_MM32F032xx_s.lib(ll.o)
    0x080051a6   0x080051a6   0x0000001a   Code   RO         4396    i.LL_Msg_Event_Status  Rafael_BLE_MM32F032xx_s.lib(ll.o)
    0x080051c0   0x080051c0   0x0000009c   Code   RO         4399    i.LL_Queue_To_Buffer_Isr  Rafael_BLE_MM32F032xx_s.lib(ll.o)
    0x0800525c   0x0800525c   0x000000d8   Code   RO         4400    i.LL_ReleaseConnID  Rafael_BLE_MM32F032xx_s.lib(ll.o)
    0x08005334   0x08005334   0x000000f4   Code   RO         4401    i.LL_ReleaseConnID_Isr  Rafael_BLE_MM32F032xx_s.lib(ll.o)
    0x08005428   0x08005428   0x00000054   Code   RO         4402    i.LL_RfChRemap      Rafael_BLE_MM32F032xx_s.lib(ll.o)
    0x0800547c   0x0800547c   0x00000024   Code   RO         4403    i.LL_Root           Rafael_BLE_MM32F032xx_s.lib(ll.o)
    0x080054a0   0x080054a0   0x00000054   Code   RO         4404    i.LL_RxEnter_Isr    Rafael_BLE_MM32F032xx_s.lib(ll.o)
    0x080054f4   0x080054f4   0x0000001c   Code   RO         4406    i.LL_Slv_Win_Width_Incr  Rafael_BLE_MM32F032xx_s.lib(ll.o)
    0x08005510   0x08005510   0x00000030   Code   RO         4407    i.LL_SvPrToutAccu_Incr  Rafael_BLE_MM32F032xx_s.lib(ll.o)
    0x08005540   0x08005540   0x00000030   Code   RO         4408    i.LL_TmrBlk_Pt_PairRst  Rafael_BLE_MM32F032xx_s.lib(ll.o)
    0x08005570   0x08005570   0x0000003c   Code   RO         4409    i.LL_TmrBlk_Rls     Rafael_BLE_MM32F032xx_s.lib(ll.o)
    0x080055ac   0x080055ac   0x00000020   Code   RO         4410    i.LL_TmrBlk_Rls_NxtIntvl  Rafael_BLE_MM32F032xx_s.lib(ll.o)
    0x080055cc   0x080055cc   0x0000004c   Code   RO         4411    i.LL_TmrBlk_Rls_Pair  Rafael_BLE_MM32F032xx_s.lib(ll.o)
    0x08005618   0x08005618   0x00000068   Code   RO         4412    i.LL_Tmr_FIFO_ADVrpt  Rafael_BLE_MM32F032xx_s.lib(ll.o)
    0x08005680   0x08005680   0x00000058   Code   RO         4413    i.LL_TxEnter_Isr    Rafael_BLE_MM32F032xx_s.lib(ll.o)
    0x080056d8   0x080056d8   0x00000044   Code   RO         4414    i.LL_smp_SKD_IV_genIn  Rafael_BLE_MM32F032xx_s.lib(ll.o)
    0x0800571c   0x0800571c   0x0000003a   Code   RO          605    i.MCU_GpioIntDisable  porting_misc.o
    0x08005756   0x08005756   0x0000003e   Code   RO          606    i.MCU_GpioIntEnable  porting_misc.o
    0x08005794   0x08005794   0x0000002c   Code   RO          607    i.MCU_GpioPinInit   porting_misc.o
    0x080057c0   0x080057c0   0x00000004   Code   RO         4415    i.MEC_HCI_Null      Rafael_BLE_MM32F032xx_s.lib(ll.o)
    0x080057c4   0x080057c4   0x00000200   Code   RO         3882    i.MHC_Callback      Rafael_BLE_MM32F032xx_s.lib(ble_event.o)
    0x080059c4   0x080059c4   0x00000002   Code   RO         5487    i.MHC_Event_Authen_Payload_Timeout_Expired  Rafael_BLE_MM32F032xx_s.lib(hci.o)
    0x080059c6   0x080059c6   0x00000002   PAD
    0x080059c8   0x080059c8   0x00000094   Code   RO         5488    i.MHC_Event_Cmd_Complete  Rafael_BLE_MM32F032xx_s.lib(hci.o)
    0x08005a5c   0x08005a5c   0x0000001c   Code   RO         5489    i.MHC_Event_Cmd_Status  Rafael_BLE_MM32F032xx_s.lib(hci.o)
    0x08005a78   0x08005a78   0x00000002   Code   RO         5490    i.MHC_Event_Data_Buffer_Overflow  Rafael_BLE_MM32F032xx_s.lib(hci.o)
    0x08005a7a   0x08005a7a   0x00000002   PAD
    0x08005a7c   0x08005a7c   0x00000028   Code   RO         5491    i.MHC_Event_Disconn_Complete  Rafael_BLE_MM32F032xx_s.lib(hci.o)
    0x08005aa4   0x08005aa4   0x000000f8   Code   RO         5492    i.MHC_Event_Encrypt_Change  Rafael_BLE_MM32F032xx_s.lib(hci.o)
    0x08005b9c   0x08005b9c   0x00000058   Code   RO         5493    i.MHC_Event_Encrypt_Key_Refresh_Complete  Rafael_BLE_MM32F032xx_s.lib(hci.o)
    0x08005bf4   0x08005bf4   0x00000004   Code   RO         5494    i.MHC_Event_HCI_Raw  Rafael_BLE_MM32F032xx_s.lib(hci.o)
    0x08005bf8   0x08005bf8   0x00000002   Code   RO         5495    i.MHC_Event_Hardware_Error  Rafael_BLE_MM32F032xx_s.lib(hci.o)
    0x08005bfa   0x08005bfa   0x00000002   PAD
    0x08005bfc   0x08005bfc   0x00000034   Code   RO         5496    i.MHC_Event_Le_Adv_Report  Rafael_BLE_MM32F032xx_s.lib(hci.o)
    0x08005c30   0x08005c30   0x00000080   Code   RO         5497    i.MHC_Event_Le_Conn_Complete  Rafael_BLE_MM32F032xx_s.lib(hci.o)
    0x08005cb0   0x08005cb0   0x00000030   Code   RO         5498    i.MHC_Event_Le_Conn_Update_Complete  Rafael_BLE_MM32F032xx_s.lib(hci.o)
    0x08005ce0   0x08005ce0   0x0000001c   Code   RO         5499    i.MHC_Event_Le_Data_Length_Change  Rafael_BLE_MM32F032xx_s.lib(hci.o)
    0x08005cfc   0x08005cfc   0x000000d8   Code   RO         5500    i.MHC_Event_Le_Long_Term_Key_Req  Rafael_BLE_MM32F032xx_s.lib(hci.o)
    0x08005dd4   0x08005dd4   0x00000034   Code   RO         5501    i.MHC_Event_Le_PHY_Update_Complete  Rafael_BLE_MM32F032xx_s.lib(hci.o)
    0x08005e08   0x08005e08   0x0000001c   Code   RO         5502    i.MHC_Event_Le_Read_Remote_Used_Features_Complete  Rafael_BLE_MM32F032xx_s.lib(hci.o)
    0x08005e24   0x08005e24   0x00000002   Code   RO         5503    i.MHC_Event_Le_Remote_Conn_param_Req_Event  Rafael_BLE_MM32F032xx_s.lib(hci.o)
    0x08005e26   0x08005e26   0x00000002   PAD
    0x08005e28   0x08005e28   0x00000014   Code   RO         5504    i.MHC_Event_Le_Wait_Passkey_Confrim  Rafael_BLE_MM32F032xx_s.lib(hci.o)
    0x08005e3c   0x08005e3c   0x00000002   Code   RO         5505    i.MHC_Event_Null    Rafael_BLE_MM32F032xx_s.lib(hci.o)
    0x08005e3e   0x08005e3e   0x00000004   Code   RO         5506    i.MHC_Event_Num_Of_Completed_Pckts  Rafael_BLE_MM32F032xx_s.lib(hci.o)
    0x08005e42   0x08005e42   0x00000002   PAD
    0x08005e44   0x08005e44   0x00000010   Code   RO         5507    i.MHC_Event_Read_Remote_Ver_Info_Complete  Rafael_BLE_MM32F032xx_s.lib(hci.o)
    0x08005e54   0x08005e54   0x00000014   Code   RO         5508    i.MHC_Event_STK_Gen_Method  Rafael_BLE_MM32F032xx_s.lib(hci.o)
    0x08005e68   0x08005e68   0x00000014   Code   RO         5509    i.MHC_Evnet_Auth_Status  Rafael_BLE_MM32F032xx_s.lib(hci.o)
    0x08005e7c   0x08005e7c   0x00000040   Code   RO         5510    i.MHC_LE_ACL_Data_Pkt  Rafael_BLE_MM32F032xx_s.lib(hci.o)
    0x08005ebc   0x08005ebc   0x00000004   Code   RO         5511    i.MHC_LE_ACL_Data_Pkt_Extend  Rafael_BLE_MM32F032xx_s.lib(hci.o)
    0x08005ec0   0x08005ec0   0x00000002   Code   RO         3926    i.MHS_Event_Null    Rafael_BLE_MM32F032xx_s.lib(host.o)
    0x08005ec2   0x08005ec2   0x00000002   Code   RO         5737    i.ML2CAP_Event_Null  Rafael_BLE_MM32F032xx_s.lib(l2cap.o)
    0x08005ec4   0x08005ec4   0x00000004   Code   RO         4416    i.MLL_HCI_Null      Rafael_BLE_MM32F032xx_s.lib(ll.o)
    0x08005ec8   0x08005ec8   0x00000004   Code   RO         4417    i.MLL_LE_Ctrl_Pkt   Rafael_BLE_MM32F032xx_s.lib(ll.o)
    0x08005ecc   0x08005ecc   0x00000018   Code   RO         4418    i.MLL_LL_CHN_Map_Upd  Rafael_BLE_MM32F032xx_s.lib(ll.o)
    0x08005ee4   0x08005ee4   0x0000001c   Code   RO         4419    i.MLL_LL_Enc_Req    Rafael_BLE_MM32F032xx_s.lib(ll.o)
    0x08005f00   0x08005f00   0x00000050   Code   RO         1889    i.NVIC_Init         hal_misc.o
    0x08005f50   0x08005f50   0x00000044   Code   RO          498    i.NVIC_SetPriority  systick.o
    0x08005f94   0x08005f94   0x00000034   Code   RO         5786    i.PassEC_BLE_CODE_SMP  Rafael_BLE_MM32F032xx_s.lib(mmi.o)
    0x08005fc8   0x08005fc8   0x00000028   Code   RO         5787    i.Prcss_BLE_CODE_SMP_Encryption_Information  Rafael_BLE_MM32F032xx_s.lib(mmi.o)
    0x08005ff0   0x08005ff0   0x00000004   Code   RO         5788    i.Prcss_BLE_CODE_SMP_Identity_Address_Information  Rafael_BLE_MM32F032xx_s.lib(mmi.o)
    0x08005ff4   0x08005ff4   0x00000028   Code   RO         5789    i.Prcss_BLE_CODE_SMP_Identity_Information  Rafael_BLE_MM32F032xx_s.lib(mmi.o)
    0x0800601c   0x0800601c   0x00000040   Code   RO         5790    i.Prcss_BLE_CODE_SMP_Master_Identification  Rafael_BLE_MM32F032xx_s.lib(mmi.o)
    0x0800605c   0x0800605c   0x00000060   Code   RO         5791    i.Prcss_BLE_CODE_SMP_Pairing_Confirm  Rafael_BLE_MM32F032xx_s.lib(mmi.o)
    0x080060bc   0x080060bc   0x00000034   Code   RO         5792    i.Prcss_BLE_CODE_SMP_Pairing_Failed  Rafael_BLE_MM32F032xx_s.lib(mmi.o)
    0x080060f0   0x080060f0   0x00000018   Code   RO         5793    i.Prcss_BLE_CODE_SMP_Pairing_Random  Rafael_BLE_MM32F032xx_s.lib(mmi.o)
    0x08006108   0x08006108   0x000000f8   Code   RO         5794    i.Prcss_BLE_CODE_SMP_Pairing_Request  Rafael_BLE_MM32F032xx_s.lib(mmi.o)
    0x08006200   0x08006200   0x00000004   Code   RO         5795    i.Prcss_BLE_CODE_SMP_Pairing_Response  Rafael_BLE_MM32F032xx_s.lib(mmi.o)
    0x08006204   0x08006204   0x00000004   Code   RO         5796    i.Prcss_BLE_CODE_SMP_Reserved  Rafael_BLE_MM32F032xx_s.lib(mmi.o)
    0x08006208   0x08006208   0x00000004   Code   RO         5797    i.Prcss_BLE_CODE_SMP_Security_Request  Rafael_BLE_MM32F032xx_s.lib(mmi.o)
    0x0800620c   0x0800620c   0x00000028   Code   RO         5798    i.Prcss_BLE_CODE_SMP_Signing_Information  Rafael_BLE_MM32F032xx_s.lib(mmi.o)
    0x08006234   0x08006234   0x00000004   Code   RO         5799    i.Prcss_L2CAP_CID_AMP_MANAGER_PROTOCOL  Rafael_BLE_MM32F032xx_s.lib(mmi.o)
    0x08006238   0x08006238   0x00000044   Code   RO         5800    i.Prcss_L2CAP_CID_ATTRIBUTE_PROTOCOL  Rafael_BLE_MM32F032xx_s.lib(mmi.o)
    0x0800627c   0x0800627c   0x00000004   Code   RO         5801    i.Prcss_L2CAP_CID_CONNECTIONLESS_CHANNEL  Rafael_BLE_MM32F032xx_s.lib(mmi.o)
    0x08006280   0x08006280   0x00000004   Code   RO         5802    i.Prcss_L2CAP_CID_L2CAP_SIGNALING_CHANNEL  Rafael_BLE_MM32F032xx_s.lib(mmi.o)
    0x08006284   0x08006284   0x00000050   Code   RO         5803    i.Prcss_L2CAP_CID_LE_L2CAP_SIGNALING_CHANNEL  Rafael_BLE_MM32F032xx_s.lib(mmi.o)
    0x080062d4   0x080062d4   0x00000004   Code   RO         5804    i.Prcss_L2CAP_CID_NULL_IDENTIFIER  Rafael_BLE_MM32F032xx_s.lib(mmi.o)
    0x080062d8   0x080062d8   0x00000028   Code   RO         5805    i.Prcss_L2CAP_CID_SECURITY_MANAGER_PROTOCOL  Rafael_BLE_MM32F032xx_s.lib(mmi.o)
    0x08006300   0x08006300   0x00000004   Code   RO         5806    i.Prcss_OPCODE_ATT_Error_Response  Rafael_BLE_MM32F032xx_s.lib(mmi.o)
    0x08006304   0x08006304   0x00000044   Code   RO         5807    i.Prcss_OPCODE_ATT_Exchange_MTU_Request  Rafael_BLE_MM32F032xx_s.lib(mmi.o)
    0x08006348   0x08006348   0x00000004   Code   RO         5808    i.Prcss_OPCODE_ATT_Exchange_MTU_Response  Rafael_BLE_MM32F032xx_s.lib(mmi.o)
    0x0800634c   0x0800634c   0x000000e8   Code   RO         5809    i.Prcss_OPCODE_ATT_Execute_Write_Request  Rafael_BLE_MM32F032xx_s.lib(mmi.o)
    0x08006434   0x08006434   0x00000004   Code   RO         5810    i.Prcss_OPCODE_ATT_Execute_Write_Response  Rafael_BLE_MM32F032xx_s.lib(mmi.o)
    0x08006438   0x08006438   0x0000014c   Code   RO         5811    i.Prcss_OPCODE_ATT_Find_By_Type_Value_Request  Rafael_BLE_MM32F032xx_s.lib(mmi.o)
    0x08006584   0x08006584   0x00000004   Code   RO         5812    i.Prcss_OPCODE_ATT_Find_By_Type_Value_Response  Rafael_BLE_MM32F032xx_s.lib(mmi.o)
    0x08006588   0x08006588   0x00000154   Code   RO         5813    i.Prcss_OPCODE_ATT_Find_Information_Request  Rafael_BLE_MM32F032xx_s.lib(mmi.o)
    0x080066dc   0x080066dc   0x00000004   Code   RO         5814    i.Prcss_OPCODE_ATT_Find_Information_Response  Rafael_BLE_MM32F032xx_s.lib(mmi.o)
    0x080066e0   0x080066e0   0x00000010   Code   RO         5815    i.Prcss_OPCODE_ATT_Handle_Value_Confirmation  Rafael_BLE_MM32F032xx_s.lib(mmi.o)
    0x080066f0   0x080066f0   0x00000004   Code   RO         5816    i.Prcss_OPCODE_ATT_Handle_Value_Indication  Rafael_BLE_MM32F032xx_s.lib(mmi.o)
    0x080066f4   0x080066f4   0x00000004   Code   RO         5817    i.Prcss_OPCODE_ATT_Handle_Value_Notification  Rafael_BLE_MM32F032xx_s.lib(mmi.o)
    0x080066f8   0x080066f8   0x00000004   Code   RO         5818    i.Prcss_OPCODE_ATT_NULL  Rafael_BLE_MM32F032xx_s.lib(mmi.o)
    0x080066fc   0x080066fc   0x0000010c   Code   RO         5819    i.Prcss_OPCODE_ATT_Prepare_Write_Request  Rafael_BLE_MM32F032xx_s.lib(mmi.o)
    0x08006808   0x08006808   0x00000004   Code   RO         5820    i.Prcss_OPCODE_ATT_Prepare_Write_Response  Rafael_BLE_MM32F032xx_s.lib(mmi.o)
    0x0800680c   0x0800680c   0x00000118   Code   RO         5821    i.Prcss_OPCODE_ATT_Read_Blob_Request  Rafael_BLE_MM32F032xx_s.lib(mmi.o)
    0x08006924   0x08006924   0x00000004   Code   RO         5822    i.Prcss_OPCODE_ATT_Read_Blob_Response  Rafael_BLE_MM32F032xx_s.lib(mmi.o)
    0x08006928   0x08006928   0x00000254   Code   RO         5823    i.Prcss_OPCODE_ATT_Read_By_Type_Request  Rafael_BLE_MM32F032xx_s.lib(mmi.o)
    0x08006b7c   0x08006b7c   0x00000004   Code   RO         5824    i.Prcss_OPCODE_ATT_Read_By_Type_Response  Rafael_BLE_MM32F032xx_s.lib(mmi.o)
    0x08006b80   0x08006b80   0x00000020   Code   RO         5825    i.Prcss_OPCODE_ATT_Read_Multiple_Request  Rafael_BLE_MM32F032xx_s.lib(mmi.o)
    0x08006ba0   0x08006ba0   0x00000004   Code   RO         5826    i.Prcss_OPCODE_ATT_Read_Multiple_Response  Rafael_BLE_MM32F032xx_s.lib(mmi.o)
    0x08006ba4   0x08006ba4   0x00000124   Code   RO         5827    i.Prcss_OPCODE_ATT_Read_Request  Rafael_BLE_MM32F032xx_s.lib(mmi.o)
    0x08006cc8   0x08006cc8   0x00000004   Code   RO         5828    i.Prcss_OPCODE_ATT_Read_Response  Rafael_BLE_MM32F032xx_s.lib(mmi.o)
    0x08006ccc   0x08006ccc   0x000002d0   Code   RO         5829    i.Prcss_OPCODE_ATT_Read_by_Group_Type_Request  Rafael_BLE_MM32F032xx_s.lib(mmi.o)
    0x08006f9c   0x08006f9c   0x00000004   Code   RO         5830    i.Prcss_OPCODE_ATT_Read_by_Group_Type_Response  Rafael_BLE_MM32F032xx_s.lib(mmi.o)
    0x08006fa0   0x08006fa0   0x000000d4   Code   RO         5832    i.Prcss_OPCODE_ATT_Write_Command  Rafael_BLE_MM32F032xx_s.lib(mmi.o)
    0x08007074   0x08007074   0x0000010c   Code   RO         5833    i.Prcss_OPCODE_ATT_Write_Request  Rafael_BLE_MM32F032xx_s.lib(mmi.o)
    0x08007180   0x08007180   0x00000004   Code   RO         5834    i.Prcss_OPCODE_ATT_Write_Response  Rafael_BLE_MM32F032xx_s.lib(mmi.o)
    0x08007184   0x08007184   0x00000018   Code   RO         2005    i.RCC_AHBPeriphClockCmd  hal_rcc.o
    0x0800719c   0x0800719c   0x00000018   Code   RO         2007    i.RCC_APB1PeriphClockCmd  hal_rcc.o
    0x080071b4   0x080071b4   0x00000018   Code   RO         2009    i.RCC_APB2PeriphClockCmd  hal_rcc.o
    0x080071cc   0x080071cc   0x00000020   Code   RO         2018    i.RCC_GetHCLKFreq   hal_rcc.o
    0x080071ec   0x080071ec   0x00000020   Code   RO         2020    i.RCC_GetPCLK1Freq  hal_rcc.o
    0x0800720c   0x0800720c   0x00000020   Code   RO         2021    i.RCC_GetPCLK2Freq  hal_rcc.o
    0x0800722c   0x0800722c   0x00000048   Code   RO         2023    i.RCC_GetSysClockFreq  hal_rcc.o
    0x08007274   0x08007274   0x0000001c   Code   RO         5090    i.RF_CCM_AES_Mode_set  Rafael_BLE_MM32F032xx_s.lib(rf_phy.o)
    0x08007290   0x08007290   0x0000000e   Code   RO         5091    i.RF_CRCInit        Rafael_BLE_MM32F032xx_s.lib(rf_phy.o)
    0x0800729e   0x0800729e   0x00000014   Code   RO         5092    i.RF_CRCchk         Rafael_BLE_MM32F032xx_s.lib(rf_phy.o)
    0x080072b2   0x080072b2   0x00000002   PAD
    0x080072b4   0x080072b4   0x0000002c   Code   RO         5093    i.RF_DC_Rstr_Isr    Rafael_BLE_MM32F032xx_s.lib(rf_phy.o)
    0x080072e0   0x080072e0   0x00000068   Code   RO         5096    i.RF_Get_LastRssi   Rafael_BLE_MM32F032xx_s.lib(rf_phy.o)
    0x08007348   0x08007348   0x00000140   Code   RO         5099    i.RF_Init           Rafael_BLE_MM32F032xx_s.lib(rf_phy.o)
    0x08007488   0x08007488   0x00000018   Code   RO         5101    i.RF_LE_HeaderStsLen_Tx  Rafael_BLE_MM32F032xx_s.lib(rf_phy.o)
    0x080074a0   0x080074a0   0x00000068   Code   RO           75    i.RF_Open           main.o
    0x08007508   0x08007508   0x00000018   Code   RO         5102    i.RF_PLL_VCO_Bank_set  Rafael_BLE_MM32F032xx_s.lib(rf_phy.o)
    0x08007520   0x08007520   0x00000040   Code   RO         5103    i.RF_PowerSaving_En_Isr  Rafael_BLE_MM32F032xx_s.lib(rf_phy.o)
    0x08007560   0x08007560   0x0000000c   Code   RO         5107    i.RF_RxFIFOrst      Rafael_BLE_MM32F032xx_s.lib(rf_phy.o)
    0x0800756c   0x0800756c   0x0000000c   Code   RO         5108    i.RF_RxLengthLimit  Rafael_BLE_MM32F032xx_s.lib(rf_phy.o)
    0x08007578   0x08007578   0x00000058   Code   RO         5109    i.RF_Set_TxPowerLevel_Isr  Rafael_BLE_MM32F032xx_s.lib(rf_phy.o)
    0x080075d0   0x080075d0   0x0000009c   Code   RO          608    i.RF_SpiIoMapping   porting_misc.o
    0x0800766c   0x0800766c   0x00000028   Code   RO         5110    i.RF_SymbolRate_Patch_1M_2M  Rafael_BLE_MM32F032xx_s.lib(rf_phy.o)
    0x08007694   0x08007694   0x00000024   Code   RO         5111    i.RF_SymbolRate_set  Rafael_BLE_MM32F032xx_s.lib(rf_phy.o)
    0x080076b8   0x080076b8   0x000000d4   Code   RO         5115    i.RF_Tmr_Periodic_initial  Rafael_BLE_MM32F032xx_s.lib(rf_phy.o)
    0x0800778c   0x0800778c   0x00000060   Code   RO         5116    i.RF_Tmr_Periodic_set_ISR  Rafael_BLE_MM32F032xx_s.lib(rf_phy.o)
    0x080077ec   0x080077ec   0x00000018   Code   RO         5117    i.RF_TxAutoAckOff   Rafael_BLE_MM32F032xx_s.lib(rf_phy.o)
    0x08007804   0x08007804   0x00000018   Code   RO         5118    i.RF_TxAutoAckOn    Rafael_BLE_MM32F032xx_s.lib(rf_phy.o)
    0x0800781c   0x0800781c   0x00000018   Code   RO         5119    i.RF_TxFIFO_ADVData_set  Rafael_BLE_MM32F032xx_s.lib(rf_phy.o)
    0x08007834   0x08007834   0x00000018   Code   RO         5120    i.RF_TxFIFO_ADVaddr_set  Rafael_BLE_MM32F032xx_s.lib(rf_phy.o)
    0x0800784c   0x0800784c   0x00000018   Code   RO         5121    i.RF_TxFIFO_LeData_set  Rafael_BLE_MM32F032xx_s.lib(rf_phy.o)
    0x08007864   0x08007864   0x00000014   Code   RO         5123    i.RF_TxFIFO_OriginAddr_set  Rafael_BLE_MM32F032xx_s.lib(rf_phy.o)
    0x08007878   0x08007878   0x00000064   Code   RO         5124    i.RF_Voltage_Det    Rafael_BLE_MM32F032xx_s.lib(rf_phy.o)
    0x080078dc   0x080078dc   0x00000014   Code   RO         5125    i.RF_WTR_EnChk      Rafael_BLE_MM32F032xx_s.lib(rf_phy.o)
    0x080078f0   0x080078f0   0x00000018   Code   RO         5128    i.RF_WTR_intOff     Rafael_BLE_MM32F032xx_s.lib(rf_phy.o)
    0x08007908   0x08007908   0x00000018   Code   RO         5129    i.RF_WTR_intOn      Rafael_BLE_MM32F032xx_s.lib(rf_phy.o)
    0x08007920   0x08007920   0x00000034   Code   RO         4420    i.RF_cmpFIFO_BDAddr  Rafael_BLE_MM32F032xx_s.lib(ll.o)
    0x08007954   0x08007954   0x00000044   Code   RO         4421    i.RF_cmpFIFO_WhiteList  Rafael_BLE_MM32F032xx_s.lib(ll.o)
    0x08007998   0x08007998   0x00000024   Code   RO         4055    i.RcvMsgBlk         Rafael_BLE_MM32F032xx_s.lib(kernel.o)
    0x080079bc   0x080079bc   0x0000000c   Code   RO         5738    i.Rls_L2CAP_Buf     Rafael_BLE_MM32F032xx_s.lib(l2cap.o)
    0x080079c8   0x080079c8   0x00000034   Code   RO         5835    i.SMEC_LE_CODE_SMP_Pairing_Confirm  Rafael_BLE_MM32F032xx_s.lib(mmi.o)
    0x080079fc   0x080079fc   0x000000a0   Code   RO         5836    i.SMEC_LE_CODE_SMP_Pairing_Random  Rafael_BLE_MM32F032xx_s.lib(mmi.o)
    0x08007a9c   0x08007a9c   0x00000090   Code   RO         5837    i.SMEC_LE_SMP_Key_Gen  Rafael_BLE_MM32F032xx_s.lib(mmi.o)
    0x08007b2c   0x08007b2c   0x00000068   Code   RO          661    i.SPI_1BYT_SetRx    porting_spi.o
    0x08007b94   0x08007b94   0x00000078   Code   RO          662    i.SPI_1BYT_SetRx_Isr  porting_spi.o
    0x08007c0c   0x08007c0c   0x00000048   Code   RO          663    i.SPI_1BYT_SetTx    porting_spi.o
    0x08007c54   0x08007c54   0x00000044   Code   RO          664    i.SPI_1BYT_SetTx_Isr  porting_spi.o
    0x08007c98   0x08007c98   0x00000064   Code   RO          665    i.SPI_2BYT_SetTx_Isr  porting_spi.o
    0x08007cfc   0x08007cfc   0x0000002e   Code   RO         2379    i.SPI_BiDirectionalLineConfig  hal_spi.o
    0x08007d2a   0x08007d2a   0x00000014   Code   RO         2380    i.SPI_CSInternalSelected  hal_spi.o
    0x08007d3e   0x08007d3e   0x00000014   Code   RO         2382    i.SPI_Cmd           hal_spi.o
    0x08007d52   0x08007d52   0x00000014   Code   RO         2383    i.SPI_DMACmd        hal_spi.o
    0x08007d66   0x08007d66   0x00000002   PAD
    0x08007d68   0x08007d68   0x00000038   Code   RO          609    i.SPI_GPIO_Init     porting_misc.o
    0x08007da0   0x08007da0   0x0000006e   Code   RO         2390    i.SPI_Init          hal_spi.o
    0x08007e0e   0x08007e0e   0x00000002   PAD
    0x08007e10   0x08007e10   0x00000074   Code   RO          666    i.SPI_PDMA_SetRx_Isr  porting_spi.o
    0x08007e84   0x08007e84   0x0000007c   Code   RO          667    i.SPI_PDMA_SetTx    porting_spi.o
    0x08007f00   0x08007f00   0x00000004   Code   RO          668    i.SPI_PDMA_waitFinish  porting_spi.o
    0x08007f04   0x08007f04   0x0000001a   Code   RO         2396    i.SPI_StructInit    hal_spi.o
    0x08007f1e   0x08007f1e   0x00000002   PAD
    0x08007f20   0x08007f20   0x00000164   Code   RO          406    i.SPIx_Configure    spi.o
    0x08008084   0x08008084   0x00000120   Code   RO          407    i.SPIx_DMA_Configure  spi.o
    0x080081a4   0x080081a4   0x00000030   Code   RO          408    i.SPIx_DMA_InterruptConfigure  spi.o
    0x080081d4   0x080081d4   0x000000d8   Code   RO          409    i.SPIx_DMA_RxData   spi.o
    0x080082ac   0x080082ac   0x000000cc   Code   RO          410    i.SPIx_DMA_TxData   spi.o
    0x08008378   0x08008378   0x00000044   Code   RO          411    i.SPIx_ReadWriteByte  spi.o
    0x080083bc   0x080083bc   0x0000000a   Code   RO          412    i.SPIx_WriteByte    spi.o
    0x080083c6   0x080083c6   0x00000002   PAD
    0x080083c8   0x080083c8   0x000000d0   Code   RO            4    i.SetSysClockTo48   system_mm32f032xx_s.o
    0x08008498   0x08008498   0x00000020   Code   RO         4056    i.SndMsgBlk         Rafael_BLE_MM32F032xx_s.lib(kernel.o)
    0x080084b8   0x080084b8   0x0000001c   Code   RO         4422    i.SndMsgBlkEC       Rafael_BLE_MM32F032xx_s.lib(ll.o)
    0x080084d4   0x080084d4   0x0000001c   Code   RO         4057    i.SndMsgBlk_Isr     Rafael_BLE_MM32F032xx_s.lib(kernel.o)
    0x080084f0   0x080084f0   0x00000030   Code   RO         4059    i.SndMsgBlks_Isr    Rafael_BLE_MM32F032xx_s.lib(kernel.o)
    0x08008520   0x08008520   0x00000010   Code   RO          499    i.SysTick_DelayMs   systick.o
    0x08008530   0x08008530   0x00000014   Code   RO          500    i.SysTick_Handler   systick.o
    0x08008544   0x08008544   0x00000048   Code   RO          501    i.SysTick_Init      systick.o
    0x0800858c   0x0800858c   0x00000054   Code   RO            5    i.SystemInit        system_mm32f032xx_s.o
    0x080085e0   0x080085e0   0x0000000c   Code   RO         3104    i.UART_Cmd          hal_uart.o
    0x080085ec   0x080085ec   0x0000000a   Code   RO         3108    i.UART_GetFlagStatus  hal_uart.o
    0x080085f6   0x080085f6   0x00000002   PAD
    0x080085f8   0x080085f8   0x00000070   Code   RO         3112    i.UART_Init         hal_uart.o
    0x08008668   0x08008668   0x00000006   Code   RO         3116    i.UART_SendData     hal_uart.o
    0x0800866e   0x0800866e   0x00000018   Code   RO         3125    i.UART_StructInit   hal_uart.o
    0x08008686   0x08008686   0x00000002   PAD
    0x08008688   0x08008688   0x0000012c   Code   RO          544    i.UARTx_Configure   uart.o
    0x080087b4   0x080087b4   0x00000020   Code   RO         6540    i.__0printf$8       mc_p.l(printf8.o)
    0x080087d4   0x080087d4   0x0000001a   Code   RO         4285    i.__ARM_common_switch8  Rafael_BLE_MM32F032xx_s.lib(kernel.o)
    0x080087ee   0x080087ee   0x0000000e   Code   RO         6635    i.__scatterload_copy  mc_p.l(handlers.o)
    0x080087fc   0x080087fc   0x00000002   Code   RO         6636    i.__scatterload_null  mc_p.l(handlers.o)
    0x080087fe   0x080087fe   0x0000000e   Code   RO         6637    i.__scatterload_zeroinit  mc_p.l(handlers.o)
    0x0800880c   0x0800880c   0x00000428   Code   RO         6547    i._printf_core      mc_p.l(printf8.o)
    0x08008c34   0x08008c34   0x00000020   Code   RO         6548    i._printf_post_padding  mc_p.l(printf8.o)
    0x08008c54   0x08008c54   0x0000002c   Code   RO         6549    i._printf_pre_padding  mc_p.l(printf8.o)
    0x08008c80   0x08008c80   0x00000084   Code   RO         6141    i.checkBLE_CmdTimer  Rafael_BLE_MM32F032xx_s.lib(rffunction.o)
    0x08008d04   0x08008d04   0x0000005c   Code   RO         6142    i.chkBLE_ATTRIBUTE_PERMISSION_Read  Rafael_BLE_MM32F032xx_s.lib(rffunction.o)
    0x08008d60   0x08008d60   0x0000005c   Code   RO         6143    i.chkBLE_ATTRIBUTE_PERMISSION_Write  Rafael_BLE_MM32F032xx_s.lib(rffunction.o)
    0x08008dbc   0x08008dbc   0x00000004   Code   RO         6144    i.chkBLE_ATT_Chr_AcssRd_ByUser  Rafael_BLE_MM32F032xx_s.lib(rffunction.o)
    0x08008dc0   0x08008dc0   0x00000004   Code   RO         6145    i.chkBLE_ATT_Chr_AcssWr_ByUser  Rafael_BLE_MM32F032xx_s.lib(rffunction.o)
    0x08008dc4   0x08008dc4   0x00000014   Code   RO         4423    i.chkBLE_LL_State_Adv  Rafael_BLE_MM32F032xx_s.lib(ll.o)
    0x08008dd8   0x08008dd8   0x00000014   Code   RO         4424    i.chkBLE_LL_State_Init  Rafael_BLE_MM32F032xx_s.lib(ll.o)
    0x08008dec   0x08008dec   0x00000014   Code   RO         4425    i.chkBLE_LL_State_Scan  Rafael_BLE_MM32F032xx_s.lib(ll.o)
    0x08008e00   0x08008e00   0x00000018   Code   RO         6146    i.chkIfBLE_ATT_Chr_Acss_ByUser  Rafael_BLE_MM32F032xx_s.lib(rffunction.o)
    0x08008e18   0x08008e18   0x00000030   Code   RO         6147    i.clearBLE_CmdTimer  Rafael_BLE_MM32F032xx_s.lib(rffunction.o)
    0x08008e48   0x08008e48   0x0000000c   Code   RO          575    i.delay_us          porting_lltimer.o
    0x08008e54   0x08008e54   0x00000020   Code   RO         1226    i.exEXTI_LineDisable  hal_exti.o
    0x08008e74   0x08008e74   0x00000024   Code   RO          545    i.fputc             uart.o
    0x08008e98   0x08008e98   0x0000001c   Code   RO         6148    i.getBLE_ATTRIBUTE_TYPE_Size  Rafael_BLE_MM32F032xx_s.lib(rffunction.o)
    0x08008eb4   0x08008eb4   0x00000020   Code   RO         6149    i.getBLE_ATTRIBUTE_Value_DynmcLngth  Rafael_BLE_MM32F032xx_s.lib(rffunction.o)
    0x08008ed4   0x08008ed4   0x00000014   Code   RO         6150    i.getBLE_CmdTimerEvent  Rafael_BLE_MM32F032xx_s.lib(rffunction.o)
    0x08008ee8   0x08008ee8   0x00000080   Code   RO         6151    i.initBLE_AttServParamter  Rafael_BLE_MM32F032xx_s.lib(rffunction.o)
    0x08008f68   0x08008f68   0x00000040   Code   RO         5838    i.initBLEsmp        Rafael_BLE_MM32F032xx_s.lib(mmi.o)
    0x08008fa8   0x08008fa8   0x00000038   Code   RO         5839    i.initBLEsmp_Re     Rafael_BLE_MM32F032xx_s.lib(mmi.o)
    0x08008fe0   0x08008fe0   0x0000001c   Code   RO         5840    i.initBLEsw         Rafael_BLE_MM32F032xx_s.lib(mmi.o)
    0x08008ffc   0x08008ffc   0x00000014   Code   RO         3927    i.initBleDeviceParam  Rafael_BLE_MM32F032xx_s.lib(host.o)
    0x08009010   0x08009010   0x00000034   Code   RO         5512    i.initHCI           Rafael_BLE_MM32F032xx_s.lib(hci.o)
    0x08009044   0x08009044   0x00000014   Code   RO         5130    i.initInt           Rafael_BLE_MM32F032xx_s.lib(rf_phy.o)
    0x08009058   0x08009058   0x0000000c   Code   RO         5739    i.initL2CAP         Rafael_BLE_MM32F032xx_s.lib(l2cap.o)
    0x08009064   0x08009064   0x000000dc   Code   RO         4426    i.initLL            Rafael_BLE_MM32F032xx_s.lib(ll.o)
    0x08009140   0x08009140   0x0000000c   Code   RO         5513    i.initLLCallBack    Rafael_BLE_MM32F032xx_s.lib(hci.o)
    0x0800914c   0x0800914c   0x00000018   Code   RO         6152    i.init_q_att_HDL_PreWr  Rafael_BLE_MM32F032xx_s.lib(rffunction.o)
    0x08009164   0x08009164   0x000000c0   Code   RO           76    i.main              main.o
    0x08009224   0x08009224   0x00000064   Code   RO         5131    i.rafael_pll_bank_get  Rafael_BLE_MM32F032xx_s.lib(rf_phy.o)
    0x08009288   0x08009288   0x00000128   Code   RO         5132    i.rafael_pll_calibration  Rafael_BLE_MM32F032xx_s.lib(rf_phy.o)
    0x080093b0   0x080093b0   0x00000038   Code   RO         5133    i.rafael_reset_phy_fsm  Rafael_BLE_MM32F032xx_s.lib(rf_phy.o)
    0x080093e8   0x080093e8   0x00000030   Code   RO         5134    i.rafael_reset_phy_fsm_Isr  Rafael_BLE_MM32F032xx_s.lib(rf_phy.o)
    0x08009418   0x08009418   0x0000001c   Code   RO         5135    i.rafael_spi_clear_fifo  Rafael_BLE_MM32F032xx_s.lib(rf_phy.o)
    0x08009434   0x08009434   0x0000001c   Code   RO         5136    i.rafael_spi_clear_tx_fifo_cnt  Rafael_BLE_MM32F032xx_s.lib(rf_phy.o)
    0x08009450   0x08009450   0x00000030   Code   RO         3567    i.setBLE_AdvData    Rafael_BLE_MM32F032xx_s.lib(ble_cmd.o)
    0x08009480   0x08009480   0x00000022   Code   RO         3569    i.setBLE_AdvEnable  Rafael_BLE_MM32F032xx_s.lib(ble_cmd.o)
    0x080094a2   0x080094a2   0x00000002   PAD
    0x080094a4   0x080094a4   0x0000007c   Code   RO         3570    i.setBLE_AdvParam   Rafael_BLE_MM32F032xx_s.lib(ble_cmd.o)
    0x08009520   0x08009520   0x00000060   Code   RO         3571    i.setBLE_BleDeviceAddr  Rafael_BLE_MM32F032xx_s.lib(ble_cmd.o)
    0x08009580   0x08009580   0x00000030   Code   RO         6153    i.setBLE_CmdTimer   Rafael_BLE_MM32F032xx_s.lib(rffunction.o)
    0x080095b0   0x080095b0   0x0000000e   Code   RO         6154    i.setBLE_ConnTxData  Rafael_BLE_MM32F032xx_s.lib(rffunction.o)
    0x080095be   0x080095be   0x00000030   Code   RO         6155    i.setBLE_ConnTxData_ATT_ERROR_RESPONSE  Rafael_BLE_MM32F032xx_s.lib(rffunction.o)
    0x080095ee   0x080095ee   0x0000003e   Code   RO         6156    i.setBLE_ConnTxData_SMP  Rafael_BLE_MM32F032xx_s.lib(rffunction.o)
    0x0800962c   0x0800962c   0x0000003e   Code   RO         6157    i.setBLE_ConnTxData_SMP_Isr  Rafael_BLE_MM32F032xx_s.lib(rffunction.o)
    0x0800966a   0x0800966a   0x00000014   Code   RO         3578    i.setBLE_Pairing_PassKey  Rafael_BLE_MM32F032xx_s.lib(ble_cmd.o)
    0x0800967e   0x0800967e   0x00000002   PAD
    0x08009680   0x08009680   0x00000018   Code   RO         3883    i.setBLE_RegisterBleEvent  Rafael_BLE_MM32F032xx_s.lib(ble_event.o)
    0x08009698   0x08009698   0x00000030   Code   RO         3584    i.setBLE_ScanRspData  Rafael_BLE_MM32F032xx_s.lib(ble_cmd.o)
    0x080096c8   0x080096c8   0x00000020   Code   RO         5137    i.setChannel_BLE    Rafael_BLE_MM32F032xx_s.lib(rf_phy.o)
    0x080096e8   0x080096e8   0x0000000c   Code   RO         5138    i.smpAES_En         Rafael_BLE_MM32F032xx_s.lib(rf_phy.o)
    0x080096f4   0x080096f4   0x00000048   Code   RO         5139    i.smpAES_inInv      Rafael_BLE_MM32F032xx_s.lib(rf_phy.o)
    0x0800973c   0x0800973c   0x00000018   Code   RO         5140    i.smpAES_in_PlainText  Rafael_BLE_MM32F032xx_s.lib(rf_phy.o)
    0x08009754   0x08009754   0x0000000e   Code   RO         5141    i.smpAES_in_key     Rafael_BLE_MM32F032xx_s.lib(rf_phy.o)
    0x08009762   0x08009762   0x00000022   Code   RO         5142    i.smpAES_out        Rafael_BLE_MM32F032xx_s.lib(rf_phy.o)
    0x08009784   0x08009784   0x00000030   Code   RO         5143    i.smpAES_outInv     Rafael_BLE_MM32F032xx_s.lib(rf_phy.o)
    0x080097b4   0x080097b4   0x000000c4   Code   RO         6158    i.smpC1             Rafael_BLE_MM32F032xx_s.lib(rffunction.o)
    0x08009878   0x08009878   0x00000018   Code   RO         6159    i.smpPasskey_init   Rafael_BLE_MM32F032xx_s.lib(rffunction.o)
    0x08009890   0x08009890   0x0000002c   Code   RO         6160    i.smpPasskey_set    Rafael_BLE_MM32F032xx_s.lib(rffunction.o)
    0x080098bc   0x080098bc   0x0000002c   Code   RO         6161    i.smpS1             Rafael_BLE_MM32F032xx_s.lib(rffunction.o)
    0x080098e8   0x080098e8   0x000000f0   Code   RO          610    i.spiGpioWriteReg   porting_misc.o
    0x080099d8   0x080099d8   0x0000001d   Data   RO          260    .constdata          user.o
    0x080099f5   0x080099f5   0x00000003   PAD
    0x080099f8   0x080099f8   0x00000008   Data   RO          413    .constdata          spi.o
    0x08009a00   0x08009a00   0x00000016   Data   RO          670    .constdata          porting_spi.o
    0x08009a16   0x08009a16   0x00000007   Data   RO         3426    .constdata          profile_tab.o
    0x08009a1d   0x08009a1d   0x00000007   Data   RO         3427    .constdata          profile_tab.o
    0x08009a24   0x08009a24   0x0000000a   Data   RO         3428    .constdata          profile_tab.o
    0x08009a2e   0x08009a2e   0x0000000d   Data   RO         3429    .constdata          profile_tab.o
    0x08009a3b   0x08009a3b   0x0000000a   Data   RO         3430    .constdata          profile_tab.o
    0x08009a45   0x08009a45   0x00000007   Data   RO         3431    .constdata          profile_tab.o
    0x08009a4c   0x08009a4c   0x0000000a   Data   RO         3432    .constdata          profile_tab.o
    0x08009a56   0x08009a56   0x0000000b   Data   RO         3433    .constdata          profile_tab.o
    0x08009a61   0x08009a61   0x0000000a   Data   RO         3434    .constdata          profile_tab.o
    0x08009a6b   0x08009a6b   0x00000006   Data   RO         3435    .constdata          profile_tab.o
    0x08009a71   0x08009a71   0x0000000a   Data   RO         3436    .constdata          profile_tab.o
    0x08009a7b   0x08009a7b   0x0000000d   Data   RO         3437    .constdata          profile_tab.o
    0x08009a88   0x08009a88   0x00000007   Data   RO         3438    .constdata          profile_tab.o
    0x08009a8f   0x08009a8f   0x0000000a   Data   RO         3439    .constdata          profile_tab.o
    0x08009a99   0x08009a99   0x00000009   Data   RO         3440    .constdata          profile_tab.o
    0x08009aa2   0x08009aa2   0x00000007   Data   RO         3441    .constdata          profile_tab.o
    0x08009aa9   0x08009aa9   0x00000007   Data   RO         3442    .constdata          profile_tab.o
    0x08009ab0   0x08009ab0   0x0000000a   Data   RO         3443    .constdata          profile_tab.o
    0x08009aba   0x08009aba   0x00000009   Data   RO         3444    .constdata          profile_tab.o
    0x08009ac3   0x08009ac3   0x0000000c   Data   RO         3445    .constdata          profile_tab.o
    0x08009acf   0x08009acf   0x0000000a   Data   RO         3446    .constdata          profile_tab.o
    0x08009ad9   0x08009ad9   0x0000000b   Data   RO         3447    .constdata          profile_tab.o
    0x08009ae4   0x08009ae4   0x0000000c   Data   RO         3448    .constdata          profile_tab.o
    0x08009af0   0x08009af0   0x0000000a   Data   RO         3449    .constdata          profile_tab.o
    0x08009afa   0x08009afa   0x0000000d   Data   RO         3450    .constdata          profile_tab.o
    0x08009b07   0x08009b07   0x0000000a   Data   RO         3451    .constdata          profile_tab.o
    0x08009b11   0x08009b11   0x00000009   Data   RO         3452    .constdata          profile_tab.o
    0x08009b1a   0x08009b1a   0x0000000c   Data   RO         3453    .constdata          profile_tab.o
    0x08009b26   0x08009b26   0x0000000a   Data   RO         3454    .constdata          profile_tab.o
    0x08009b30   0x08009b30   0x0000000b   Data   RO         3455    .constdata          profile_tab.o
    0x08009b3b   0x08009b3b   0x0000000c   Data   RO         3456    .constdata          profile_tab.o
    0x08009b47   0x08009b47   0x0000000a   Data   RO         3457    .constdata          profile_tab.o
    0x08009b51   0x08009b51   0x00000008   Data   RO         3458    .constdata          profile_tab.o
    0x08009b59   0x08009b59   0x0000000c   Data   RO         3459    .constdata          profile_tab.o
    0x08009b65   0x08009b65   0x0000000a   Data   RO         3460    .constdata          profile_tab.o
    0x08009b6f   0x08009b6f   0x00000009   Data   RO         3461    .constdata          profile_tab.o
    0x08009b78   0x08009b78   0x0000000c   Data   RO         3462    .constdata          profile_tab.o
    0x08009b84   0x08009b84   0x0000000a   Data   RO         3463    .constdata          profile_tab.o
    0x08009b8e   0x08009b8e   0x0000000c   Data   RO         3464    .constdata          profile_tab.o
    0x08009b9a   0x08009b9a   0x00000007   Data   RO         3465    .constdata          profile_tab.o
    0x08009ba1   0x08009ba1   0x0000000a   Data   RO         3466    .constdata          profile_tab.o
    0x08009bab   0x08009bab   0x00000009   Data   RO         3467    .constdata          profile_tab.o
    0x08009bb4   0x08009bb4   0x00000007   Data   RO         3468    .constdata          profile_tab.o
    0x08009bbb   0x08009bbb   0x0000000a   Data   RO         3469    .constdata          profile_tab.o
    0x08009bc5   0x08009bc5   0x00000006   Data   RO         3470    .constdata          profile_tab.o
    0x08009bcb   0x08009bcb   0x00000002   Data   RO         3471    .constdata          profile_tab.o
    0x08009bcd   0x08009bcd   0x00000002   Data   RO         3472    .constdata          profile_tab.o
    0x08009bcf   0x08009bcf   0x00000002   Data   RO         3475    .constdata          profile_tab.o
    0x08009bd1   0x08009bd1   0x00000002   Data   RO         3478    .constdata          profile_tab.o
    0x08009bd3   0x08009bd3   0x00000002   Data   RO         3479    .constdata          profile_tab.o
    0x08009bd5   0x08009bd5   0x00000002   Data   RO         3480    .constdata          profile_tab.o
    0x08009bd7   0x08009bd7   0x00000002   Data   RO         3481    .constdata          profile_tab.o
    0x08009bd9   0x08009bd9   0x00000002   Data   RO         3482    .constdata          profile_tab.o
    0x08009bdb   0x08009bdb   0x00000002   Data   RO         3483    .constdata          profile_tab.o
    0x08009bdd   0x08009bdd   0x00000002   Data   RO         3484    .constdata          profile_tab.o
    0x08009bdf   0x08009bdf   0x00000002   Data   RO         3485    .constdata          profile_tab.o
    0x08009be1   0x08009be1   0x00000002   Data   RO         3486    .constdata          profile_tab.o
    0x08009be3   0x08009be3   0x00000002   Data   RO         3487    .constdata          profile_tab.o
    0x08009be5   0x08009be5   0x00000002   Data   RO         3488    .constdata          profile_tab.o
    0x08009be7   0x08009be7   0x00000002   Data   RO         3489    .constdata          profile_tab.o
    0x08009be9   0x08009be9   0x00000002   Data   RO         3490    .constdata          profile_tab.o
    0x08009beb   0x08009beb   0x00000002   Data   RO         3491    .constdata          profile_tab.o
    0x08009bed   0x08009bed   0x00000002   Data   RO         3492    .constdata          profile_tab.o
    0x08009bef   0x08009bef   0x00000002   Data   RO         3493    .constdata          profile_tab.o
    0x08009bf1   0x08009bf1   0x00000002   Data   RO         3494    .constdata          profile_tab.o
    0x08009bf3   0x08009bf3   0x00000002   Data   RO         3495    .constdata          profile_tab.o
    0x08009bf5   0x08009bf5   0x00000002   Data   RO         3496    .constdata          profile_tab.o
    0x08009bf7   0x08009bf7   0x00000001   PAD
    0x08009bf8   0x08009bf8   0x000000b4   Data   RO         3497    .constdata          profile_tab.o
    0x08009cac   0x08009cac   0x000000b4   Data   RO         3498    .constdata          profile_tab.o
    0x08009d60   0x08009d60   0x0000000c   Data   RO         3929    .constdata          Rafael_BLE_MM32F032xx_s.lib(host.o)
    0x08009d6c   0x08009d6c   0x0000030c   Data   RO         4431    .constdata          Rafael_BLE_MM32F032xx_s.lib(ll.o)
    0x0800a078   0x0800a078   0x0000003b   Data   RO         5146    .constdata          Rafael_BLE_MM32F032xx_s.lib(rf_phy.o)
    0x0800a0b3   0x0800a0b3   0x00000011   Data   RO         5147    .constdata          Rafael_BLE_MM32F032xx_s.lib(rf_phy.o)
    0x0800a0c4   0x0800a0c4   0x0000006c   Data   RO         5515    .constdata          Rafael_BLE_MM32F032xx_s.lib(hci.o)
    0x0800a130   0x0800a130   0x00000040   Data   RO         5516    .constdata          Rafael_BLE_MM32F032xx_s.lib(hci.o)
    0x0800a170   0x0800a170   0x00000008   Data   RO         5517    .constdata          Rafael_BLE_MM32F032xx_s.lib(hci.o)
    0x0800a178   0x0800a178   0x00000004   Data   RO         5741    .constdata          Rafael_BLE_MM32F032xx_s.lib(l2cap.o)
    0x0800a17c   0x0800a17c   0x000000ac   Data   RO         5841    .constdata          Rafael_BLE_MM32F032xx_s.lib(mmi.o)
    0x0800a228   0x0800a228   0x0000001c   Data   RO         5842    .constdata          Rafael_BLE_MM32F032xx_s.lib(mmi.o)
    0x0800a244   0x0800a244   0x00000010   Data   RO         6172    .constdata          Rafael_BLE_MM32F032xx_s.lib(rffunction.o)
    0x0800a254   0x0800a254   0x0000004b   Data   RO          261    .conststring        user.o
    0x0800a29f   0x0800a29f   0x00000001   PAD
    0x0800a2a0   0x0800a2a0   0x00000020   Data   RO         6634    Region$$Table       anon$$obj.o


    Execution Region RW_IRAM1 (Exec base: 0x20000000, Load base: 0x0800a2c0, Size: 0x00001dd0, Max: 0x00004000, ABSOLUTE, COMPRESSED[0x000002d4])

    Exec Addr    Load Addr    Size         Type   Attr      Idx    E Section Name        Object

    0x20000000   COMPRESSED   0x00000008   Data   RW          262    .data               user.o
    0x20000008   COMPRESSED   0x00000002   Data   RW          414    .data               spi.o
    0x2000000a   COMPRESSED   0x00000002   PAD
    0x2000000c   COMPRESSED   0x00000004   Data   RW          502    .data               systick.o
    0x20000010   COMPRESSED   0x00000010   Data   RW         2046    .data               hal_rcc.o
    0x20000020   COMPRESSED   0x00000008   Data   RW         3499    .data               profile_tab.o
    0x20000028   COMPRESSED   0x00000006   Data   RW         3500    .data               profile_tab.o
    0x2000002e   COMPRESSED   0x00000004   Data   RW         3501    .data               profile_tab.o
    0x20000032   COMPRESSED   0x00000002   Data   RW         3502    .data               profile_tab.o
    0x20000034   COMPRESSED   0x00000004   Data   RW         3503    .data               profile_tab.o
    0x20000038   COMPRESSED   0x00000002   Data   RW         3504    .data               profile_tab.o
    0x2000003a   COMPRESSED   0x00000001   Data   RW         3505    .data               profile_tab.o
    0x2000003b   COMPRESSED   0x00000001   PAD
    0x2000003c   COMPRESSED   0x000000b4   Data   RW         3506    .data               profile_tab.o
    0x200000f0   COMPRESSED   0x000000b4   Data   RW         3507    .data               profile_tab.o
    0x200001a4   COMPRESSED   0x000000b4   Data   RW         3508    .data               profile_tab.o
    0x20000258   COMPRESSED   0x00000001   Data   RW         3509    .data               profile_tab.o
    0x20000259   COMPRESSED   0x00000003   PAD
    0x2000025c   COMPRESSED   0x00000004   Data   RW         3884    .data               Rafael_BLE_MM32F032xx_s.lib(ble_event.o)
    0x20000260   COMPRESSED   0x00000007   Data   RW         3930    .data               Rafael_BLE_MM32F032xx_s.lib(host.o)
    0x20000267   COMPRESSED   0x00000008   Data   RW         3931    .data               Rafael_BLE_MM32F032xx_s.lib(host.o)
    0x2000026f   COMPRESSED   0x00000001   PAD
    0x20000270   COMPRESSED   0x00000008   Data   RW         4061    .data               Rafael_BLE_MM32F032xx_s.lib(kernel.o)
    0x20000278   COMPRESSED   0x00000058   Data   RW         4433    .data               Rafael_BLE_MM32F032xx_s.lib(ll.o)
    0x200002d0   COMPRESSED   0x00000110   Data   RW         5151    .data               Rafael_BLE_MM32F032xx_s.lib(rf_phy.o)
    0x200003e0   COMPRESSED   0x0000000d   Data   RW         5518    .data               Rafael_BLE_MM32F032xx_s.lib(hci.o)
    0x200003ed   COMPRESSED   0x00000001   Data   RW         5843    .data               Rafael_BLE_MM32F032xx_s.lib(mmi.o)
    0x200003ee   COMPRESSED   0x00000010   Data   RW         6173    .data               Rafael_BLE_MM32F032xx_s.lib(rffunction.o)
    0x200003fe   COMPRESSED   0x0000000b   Data   RW         6174    .data               Rafael_BLE_MM32F032xx_s.lib(rffunction.o)
    0x20000409   COMPRESSED   0x00000010   Data   RW         6177    .data               Rafael_BLE_MM32F032xx_s.lib(rffunction.o)
    0x20000419   COMPRESSED   0x00000002   Data   RW         6178    .data               Rafael_BLE_MM32F032xx_s.lib(rffunction.o)
    0x2000041b   COMPRESSED   0x00000008   Data   RW         6179    .data               Rafael_BLE_MM32F032xx_s.lib(rffunction.o)
    0x20000423   COMPRESSED   0x00000010   Data   RW         6180    .data               Rafael_BLE_MM32F032xx_s.lib(rffunction.o)
    0x20000433   COMPRESSED   0x00000010   Data   RW         6181    .data               Rafael_BLE_MM32F032xx_s.lib(rffunction.o)
    0x20000443   COMPRESSED   0x00000019   Data   RW         6182    .data               Rafael_BLE_MM32F032xx_s.lib(rffunction.o)
    0x2000045c   COMPRESSED   0x00000001   Data   RW         6183    .data               Rafael_BLE_MM32F032xx_s.lib(rffunction.o)
    0x2000045d   COMPRESSED   0x00000007   Data   RW         6185    .data               Rafael_BLE_MM32F032xx_s.lib(rffunction.o)
    0x20000464   COMPRESSED   0x00000001   Data   RW         6186    .data               Rafael_BLE_MM32F032xx_s.lib(rffunction.o)
    0x20000465   COMPRESSED   0x00000001   Data   RW         6187    .data               Rafael_BLE_MM32F032xx_s.lib(rffunction.o)
    0x20000466   COMPRESSED   0x00000008   Data   RW         6188    .data               Rafael_BLE_MM32F032xx_s.lib(rffunction.o)
    0x2000046e   COMPRESSED   0x00000002   Data   RW         6189    .data               Rafael_BLE_MM32F032xx_s.lib(rffunction.o)
    0x20000470   COMPRESSED   0x00000008   Data   RW         6192    .data               Rafael_BLE_MM32F032xx_s.lib(rffunction.o)
    0x20000478   COMPRESSED   0x00000004   Data   RW         6608    .data               mc_p.l(stdout.o)
    0x2000047c        -       0x00000c58   Zero   RW         4060    .bss                Rafael_BLE_MM32F032xx_s.lib(kernel.o)
    0x200010d4        -       0x000004fc   Zero   RW         4430    .bss                Rafael_BLE_MM32F032xx_s.lib(ll.o)
    0x200015d0        -       0x00000036   Zero   RW         5145    .bss                Rafael_BLE_MM32F032xx_s.lib(rf_phy.o)
    0x20001606        -       0x000000fc   Zero   RW         5740    .bss                Rafael_BLE_MM32F032xx_s.lib(l2cap.o)
    0x20001702   COMPRESSED   0x00000002   PAD
    0x20001704        -       0x00000248   Zero   RW         6163    .bss                Rafael_BLE_MM32F032xx_s.lib(rffunction.o)
    0x2000194c        -       0x00000010   Zero   RW         6164    .bss                Rafael_BLE_MM32F032xx_s.lib(rffunction.o)
    0x2000195c        -       0x00000010   Zero   RW         6165    .bss                Rafael_BLE_MM32F032xx_s.lib(rffunction.o)
    0x2000196c        -       0x00000010   Zero   RW         6166    .bss                Rafael_BLE_MM32F032xx_s.lib(rffunction.o)
    0x2000197c        -       0x00000010   Zero   RW         6167    .bss                Rafael_BLE_MM32F032xx_s.lib(rffunction.o)
    0x2000198c        -       0x00000010   Zero   RW         6168    .bss                Rafael_BLE_MM32F032xx_s.lib(rffunction.o)
    0x2000199c        -       0x0000000a   Zero   RW         6169    .bss                Rafael_BLE_MM32F032xx_s.lib(rffunction.o)
    0x200019a6        -       0x0000002a   Zero   RW         6171    .bss                Rafael_BLE_MM32F032xx_s.lib(rffunction.o)
    0x200019d0        -       0x00000400   Zero   RW           66    STACK               startup_mm32f032xx_s_keil.o


==============================================================================

Image component sizes


      Code (inc. data)   RO Data    RW Data    ZI Data      Debug   Object Name

       212         20          0          0          0       6896   hal_dma.o
       200         28          0          0          0       6315   hal_exti.o
       200          0          0          0          0       7093   hal_gpio.o
        80         10          0          0          0       2408   hal_misc.o
       240         60          0         16          0       8276   hal_rcc.o
       242          0          0          0          0       7926   hal_spi.o
       164          4          0          0          0       5282   hal_uart.o
       296         74          0          0          0     144161   main.o
        18          0          0          0          0       1075   porting_lltimer.o
       664         24          0          0          0       5225   porting_misc.o
       800         46         22          0          0       6911   porting_spi.o
        28          4        841        568          0      11566   profile_tab.o
      1298         88          8          2          0       7638   spi.o
        88         38        192          0       1024        820   startup_mm32f032xx_s_keil.o
       292         30          0          0          0     132845   system_mm32f032xx_s.o
       176         24          0          4          0       8808   systick.o
       336         16          0          0          0       2050   uart.o
       522        222        104          8          0      24340   user.o

    ----------------------------------------------------------------------
      5872        688       1204        604       1024     389635   Object Totals
         0          0         32          0          0          0   (incl. Generated)
        16          0          5          6          0          0   (incl. Padding)

    ----------------------------------------------------------------------

      Code (inc. data)   RO Data    RW Data    ZI Data      Debug   Library Member Name

       370         12          0          0          0      33883   ble_cmd.o
       536         36          0          4          0      22269   ble_event.o
      1378        288        180         13          0      70045   hci.o
       206         30         12         15          0      42077   host.o
      1126        104          0          8       3160      18468   kernel.o
        82         16          4          0        252       4102   l2cap.o
     19388       1216        780         88       1276     131230   ll.o
      5096        550        200          1          0      39691   mmi.o
      2358        258         76        272         54      52141   rf_phy.o
      1170        118         16        138        716      27279   rffunction.o
        86          0          0          0          0          0   __dczerorl2.o
         0          0          0          0          0          0   entry.o
         0          0          0          0          0          0   entry10a.o
         0          0          0          0          0          0   entry11a.o
         8          4          0          0          0          0   entry2.o
         4          0          0          0          0          0   entry5.o
         0          0          0          0          0          0   entry7b.o
         0          0          0          0          0          0   entry8b.o
         8          4          0          0          0          0   entry9a.o
        30          0          0          0          0          0   handlers.o
        40          0          0          0          0         72   idiv.o
        36          8          0          0          0         68   init.o
        32          0          0          0          0         68   llshl.o
        34          0          0          0          0         68   llushr.o
      1172         52          0          0          0        324   printf8.o
         0          0          0          4          0          0   stdout.o
        44          0          0          0          0         72   uidiv.o
        96          0          0          0          0         84   uldiv.o

    ----------------------------------------------------------------------
     33320       2696       1268        544       5460     441941   Library Totals
        20          0          0          1          2          0   (incl. Padding)

    ----------------------------------------------------------------------

      Code (inc. data)   RO Data    RW Data    ZI Data      Debug   Library Name

     31710       2628       1268        539       5458     441185   Rafael_BLE_MM32F032xx_s.lib
      1590         68          0          4          0        756   mc_p.l

    ----------------------------------------------------------------------
     33320       2696       1268        544       5460     441941   Library Totals

    ----------------------------------------------------------------------

==============================================================================


      Code (inc. data)   RO Data    RW Data    ZI Data      Debug   

     39192       3384       2472       1148       6484     814368   Grand Totals
     39192       3384       2472        724       6484     814368   ELF Image Totals (compressed)
     39192       3384       2472        724          0          0   ROM Totals

==============================================================================

    Total RO  Size (Code + RO Data)                41664 (  40.69kB)
    Total RW  Size (RW Data + ZI Data)              7632 (   7.45kB)
    Total ROM Size (Code + RO Data + RW Data)      42388 (  41.39kB)

==============================================================================

