Component: ARM Compiler 5.06 update 6 (build 750) Tool: armlink [4d35ed]

==============================================================================

Section Cross References

    system_mm32f032xx_s.o(i.AutoCalPllFactor) refers to uidiv.o(.text) for __aeabi_uidivmod
    system_mm32f032xx_s.o(i.SystemInit) refers to system_mm32f032xx_s.o(i.SetSysClockTo48) for SetSysClockTo48
    startup_mm32f032xx_s_keil.o(RESET) refers to startup_mm32f032xx_s_keil.o(STACK) for __initial_sp
    startup_mm32f032xx_s_keil.o(RESET) refers to startup_mm32f032xx_s_keil.o(.text) for Reset_Handler
    startup_mm32f032xx_s_keil.o(RESET) refers to systick.o(i.SysTick_Handler) for SysTick_Handler
    startup_mm32f032xx_s_keil.o(RESET) refers to porting_misc.o(i.EXTI4_15_IRQHandler) for EXTI4_15_IRQHandler
    startup_mm32f032xx_s_keil.o(RESET) refers to spi.o(i.DMA1_Channel2_3_IRQHandler) for DMA1_Channel2_3_IRQHandler
    startup_mm32f032xx_s_keil.o(RESET) refers to spi.o(i.DMA1_Channel4_5_IRQHandler) for DMA1_Channel4_5_IRQHandler
    startup_mm32f032xx_s_keil.o(RESET) refers to uart.o(i.UART1_IRQHandler) for UART1_IRQHandler
    startup_mm32f032xx_s_keil.o(.text) refers to startup_mm32f032xx_s_keil.o(STACK) for __initial_sp
    startup_mm32f032xx_s_keil.o(.text) refers to system_mm32f032xx_s.o(i.SystemInit) for SystemInit
    startup_mm32f032xx_s_keil.o(.text) refers to entry.o(.ARM.Collect$$$$00000000) for __main
    main.o(i.RF_Open) refers to systick.o(i.SysTick_DelayMs) for SysTick_DelayMs
    main.o(i.RF_Open) refers to hal_rcc.o(i.RCC_AHBPeriphClockCmd) for RCC_AHBPeriphClockCmd
    main.o(i.RF_Open) refers to hal_gpio.o(i.GPIO_StructInit) for GPIO_StructInit
    main.o(i.RF_Open) refers to hal_gpio.o(i.GPIO_Init) for GPIO_Init
    main.o(i.RF_Open) refers to hal_gpio.o(i.GPIO_SetBits) for GPIO_SetBits
    main.o(i.RF_Open) refers to hal_gpio.o(i.GPIO_ResetBits) for GPIO_ResetBits
    main.o(i.RF_Open) refers to porting_misc.o(i.RF_SpiIoMapping) for RF_SpiIoMapping
    main.o(i.RF_Open) refers to rf_phy.o(i.RF_Init) for RF_Init
    main.o(i.main) refers to systick.o(i.SysTick_Init) for SysTick_Init
    main.o(i.main) refers to uart.o(i.UARTx_Configure) for UARTx_Configure
    main.o(i.main) refers to main.o(i.RF_Open) for RF_Open
    main.o(i.main) refers to printf8.o(i.__0printf$8) for __2printf
    main.o(i.main) refers to rf_phy.o(i.ChipId_Get) for ChipId_Get
    main.o(i.main) refers to uart.o(i.UART_TX_Send) for UART_TX_Send
    main.o(i.main) refers to ble_cmd.o(i.setBLE_BleDeviceAddr) for setBLE_BleDeviceAddr
    main.o(i.main) refers to user.o(i.BleApp_Init) for BleApp_Init
    main.o(i.main) refers to kernel.o(i.Ble_Kernel_Root) for Ble_Kernel_Root
    main.o(i.main) refers to user.o(i.BleApp_Main) for BleApp_Main
    main.o(i.main) refers to user.o(i.trspx_send) for trspx_send
    main.o(i.main) refers to memseta.o(.text) for __aeabi_memclr
    main.o(i.main) refers to main.o(.data) for .data
    main.o(i.main) refers to uart.o(.data) for transport_flag
    main.o(i.main) refers to uart.o(.bss) for UART_RX_BUF
    user.o(i.BleApp_Init) refers to ble_event.o(i.setBLE_RegisterBleEvent) for setBLE_RegisterBleEvent
    user.o(i.BleApp_Init) refers to user.o(i.BleEvent_Callback) for BleEvent_Callback
    user.o(i.BleApp_Main) refers to user.o(i.Ble_Slave_StartADV) for Ble_Slave_StartADV
    user.o(i.BleApp_Main) refers to host.o(i.ATT_HDL_Notify) for ATT_HDL_Notify
    user.o(i.BleApp_Main) refers to user.o(.data) for .data
    user.o(i.BleApp_Main) refers to user.o(.bss) for .bss
    user.o(i.BleApp_Main) refers to profile_tab.o(.data) for att_HDL_UDF01S_UDATN01
    user.o(i.BleApp_Main) refers to profile_tab.o(.data) for att_HDL_UDF01S_UDATN01_MEASUREMENT_CLIENT_CHARACTERISTIC_CONFIGURATION
    user.o(i.BleApp_Main) refers to profile_tab.o(.constdata) for ATT_HDL_UDF01S_UDATN01_INIT
    user.o(i.BleEvent_Callback) refers to kernel.o(i.__ARM_common_switch8) for __ARM_common_switch8
    user.o(i.BleEvent_Callback) refers to printf8.o(i.__0printf$8) for __2printf
    user.o(i.BleEvent_Callback) refers to ble_cmd.o(i.setBLE_Pairing_PassKey) for setBLE_Pairing_PassKey
    user.o(i.BleEvent_Callback) refers to user.o(.data) for .data
    user.o(i.BleEvent_Callback) refers to user.o(.conststring) for .conststring
    user.o(i.Ble_Initial) refers to user.o(i.Ble_Slave_StartADV) for Ble_Slave_StartADV
    user.o(i.Ble_Initial) refers to user.o(i.Ble_Master_Init) for Ble_Master_Init
    user.o(i.Ble_Master_Init) refers to ble_cmd.o(i.setBLE_ConnCreate) for setBLE_ConnCreate
    user.o(i.Ble_Master_Init) refers to user.o(.constdata) for .constdata
    user.o(i.Ble_Slave_AdvInit) refers to ble_cmd.o(i.setBLE_AdvParam) for setBLE_AdvParam
    user.o(i.Ble_Slave_StartADV) refers to user.o(i.Ble_Slave_AdvInit) for Ble_Slave_AdvInit
    user.o(i.Ble_Slave_StartADV) refers to ble_cmd.o(i.setBLE_AdvData) for setBLE_AdvData
    user.o(i.Ble_Slave_StartADV) refers to ble_cmd.o(i.setBLE_ScanRspData) for setBLE_ScanRspData
[...]
    ATT_PERMISSION_HDL_DIS_SOFTWARE_REVISION_STRING 0x08009e02   Data           2  profile_tab.o(.constdata)
    ATT_PERMISSION_HDL_DIS_PNP_ID            0x08009e04   Data           2  profile_tab.o(.constdata)
    ATT_PERMISSION_HDL_UDF01S_UDATR01        0x08009e06   Data           2  profile_tab.o(.constdata)
    ATT_PERMISSION_HDL_UDF01S_UDATN01_INIT   0x08009e08   Data           2  profile_tab.o(.constdata)
    ATT_PERMISSION_HDL_UDF01S_UDATN01_CLIENT_CHARACTERISTIC_CONFIGURATION_INIT 0x08009e0a   Data           2  profile_tab.o(.constdata)
    ATT_PERMISSION_HDL_UDF01S_UDATRW01_INIT  0x08009e0c   Data           2  profile_tab.o(.constdata)
    ATT_Write                                0x08009e10   Data         188  profile_tab.o(.constdata)
    ATT_Read                                 0x08009ecc   Data         188  profile_tab.o(.constdata)
    HS_fsm                                   0x08009f88   Data          12  host.o(.constdata)
    LL_DEFAULT_PHY                           0x08009f94   Data           4  ll.o(.constdata)
    CH_ADV_SEL_TABLE                         0x08009f98   Data           4  ll.o(.constdata)
    LL_ACK_FLOW_RE_TO                        0x08009f9c   Data           4  ll.o(.constdata)
    LL_CHMAP_DEFAUT                          0x08009fa0   Data           5  ll.o(.constdata)
    LL_VERSION                               0x08009fa5   Data           5  ll.o(.constdata)
    TABLE_CONV_ADV_TYPE_HCI_LL               0x08009faa   Data           5  ll.o(.constdata)
    LL_DUR_RSV                               0x08009faf   Data           7  ll.o(.constdata)
    LE_LOCAL_VER_INFO                        0x08009fb6   Data           8  ll.o(.constdata)
    LL_FEATURE                               0x08009fbe   Data           8  ll.o(.constdata)
    LL_LENGTH_DEFAULT                        0x08009fc6   Data           8  ll.o(.constdata)
    PRIME_NUM                                0x08009fce   Data           8  ll.o(.constdata)
    LL_REF_ACS_ADDR                          0x08009fd8   Data          16  ll.o(.constdata)
    LL_REF_CRC_INI                           0x08009fe8   Data          12  ll.o(.constdata)
    LL_RF_PARA_TX_WIN_SIZE_MAP               0x08009ff4   Data          14  ll.o(.constdata)
    LL_RF_PARA_WIN_WIDTH_CNVT                0x0800a004   Data          32  ll.o(.constdata)
    LL_RF_DATA_CH                            0x0800a024   Data          74  ll.o(.constdata)
    CH_ADV_CH_HOP_BY_MAP_TABLE               0x0800a06e   Data          32  ll.o(.constdata)
    RAND_INI32                               0x0800a08e   Data          32  ll.o(.constdata)
    LL_ACK_FLOW                              0x0800a0ae   Data          16  ll.o(.constdata)
    LL_PR_CONN_ID_PAIR                       0x0800a0be   Data          26  ll.o(.constdata)
    LL_RX_CONN_ID_INIT                       0x0800a0d8   Data          26  ll.o(.constdata)
    LL_TX_CONN_ID_INIT                       0x0800a0f2   Data          26  ll.o(.constdata)
    LL_RX_CONN_ID_MASTER_SIDE_ONLY           0x0800a10c   Data          26  ll.o(.constdata)
    LL_RX_CONN_ID_SLAVE_SIDE_ONLY            0x0800a126   Data          26  ll.o(.constdata)
    LL_RX_CONN_ID_OP_LENGTH                  0x0800a140   Data          26  ll.o(.constdata)
    LL_LEN_OFFSET_1M                         0x0800a15a   Data          17  ll.o(.constdata)
    LL_LEN_OFFSET_2M                         0x0800a16b   Data           9  ll.o(.constdata)
    LL_fsm                                   0x0800a174   Data         260  ll.o(.constdata)
    EC_fsm                                   0x0800a278   Data          40  ll.o(.constdata)
    Phy_pll_bank_freqIdx                     0x0800a2a0   Data           5  rf_phy.o(.constdata)
    RFIP_REG_IDX                             0x0800a2a5   Data          14  rf_phy.o(.constdata)
    CH_SEL_TABLE_INV                         0x0800a2b3   Data          40  rf_phy.o(.constdata)
    TIMELINE24_3750US_IDX                    0x0800a2db   Data          17  rf_phy.o(.constdata)
    LE_EVENT_MASK_INI                        0x0800a2ec   Data           3  hci.o(.constdata)
    EVENT_MASK_INI                           0x0800a2ef   Data           5  hci.o(.constdata)
    HCI_fsm                                  0x0800a2f4   Data         100  hci.o(.constdata)
    TAB_SUPPORTED_COMMANDS_MASK              0x0800a358   Data          64  hci.o(.constdata)
    TAB_LMP_FEATURES_MASK                    0x0800a398   Data           8  hci.o(.constdata)
    L2CAP_fsm                                0x0800a3a0   Data           4  l2cap.o(.constdata)
    Prcss_BLE_CODE_SMP                       0x0800a3a4   Data          48  mmi.o(.constdata)
    Prcss_BLE_OPCODE_ATT                     0x0800a3d4   Data         124  mmi.o(.constdata)
    Prcss_L2CAP_CID                          0x0800a450   Data          28  mmi.o(.constdata)
    UUID_BLUETOOTH_BASE                      0x0800a46c   Data          16  rffunction.o(.constdata)
    Region$$Table$$Base                      0x0800a4c8   Number         0  anon$$obj.o(Region$$Table)
    Region$$Table$$Limit                     0x0800a4e8   Number         0  anon$$obj.o(Region$$Table)
    DATA_TEST                                0x20000000   Data          20  main.o(.data)
    connId                                   0x20000014   Data           1  user.o(.data)
    ble_state                                0x20000015   Data           1  user.o(.data)
    tx_data_transmit_enable                  0x20000016   Data           1  user.o(.data)
    txDataLength                             0x20000017   Data           1  user.o(.data)
    SPI_DMATxFlag                            0x20000018   Data           1  spi.o(.data)
    SPI_DMARxFlag                            0x20000019   Data           1  spi.o(.data)
    SysTick_DelayTicks                       0x2000001c   Data           4  systick.o(.data)
    transport_flag                           0x20000020   Data           1  uart.o(.data)
    UART_RX_STA                              0x20000022   Data           2  uart.o(.data)
    tbPresc                                  0x20000024   Data          16  hal_rcc.o(.data)
    att_HDL_GAP_DEVICE_NAME                  0x20000034   Data           8  profile_tab.o(.data)
    att_HDL_GAP_RECONNECTION_ADDRESS         0x2000003c   Data           6  profile_tab.o(.data)
    att_HDL_GATT_SERVICE_CHANGED             0x20000042   Data           4  profile_tab.o(.data)
    att_HDL_GATT_CLIENT_CHARACTERISTIC_CONFIGURATION 0x20000046   Data           2  profile_tab.o(.data)
    att_HDL_UDF01S_UDATN01                   0x20000048   Data          20  profile_tab.o(.data)
    att_HDL_UDF01S_UDATN01_MEASUREMENT_CLIENT_CHARACTERISTIC_CONFIGURATION 0x2000005c   Data           2  profile_tab.o(.data)
    att_HDL_UDF01S_UDATRW01                  0x2000005e   Data          46  profile_tab.o(.data)
    ATTRIBUTE_SERVER_PARAM                   0x2000008c   Data         188  profile_tab.o(.data)
    ATTRIBUTE_SERVER                         0x20000148   Data         188  profile_tab.o(.data)
    ATTRIBUTE_SERVER_PERMISSION              0x20000204   Data         188  profile_tab.o(.data)
    size_ATTRIBUTE_SERVER                    0x200002c0   Data           1  profile_tab.o(.data)
    bleEventCallBack                         0x200002c4   Data           4  ble_event.o(.data)
    bleAddr_param                            0x200002c8   Data           7  host.o(.data)
    ble_device_param                         0x200002cf   Data           8  host.o(.data)
    MBlk_depth_Remaining                     0x200002d8   Data           1  kernel.o(.data)
    MBlk_depth_Rsv                           0x200002d9   Data           1  kernel.o(.data)
    MBlk_Free                                0x200002dc   Data           4  kernel.o(.data)
    RX_CRC_valid_flag                        0x200002e0   Data           1  ll.o(.data)
    LL_ConnID_Remaining                      0x200002e1   Data           1  ll.o(.data)
    TBlk_Free_LL                             0x200002e2   Data           1  ll.o(.data)
    TBlk_InUse_LL                            0x200002e3   Data           1  ll.o(.data)
    LL_SMP_DataCh                            0x200002e4   Data           1  ll.o(.data)
    status_LL_Tmr                            0x200002e5   Data           1  ll.o(.data)
    anchor_LL_Tmr                            0x200002e6   Data           1  ll.o(.data)
    LL_Msg_AdvScnConn                        0x200002e7   Data           1  ll.o(.data)
    RF_Msg_RF0INT                            0x200002e8   Data           1  ll.o(.data)
    LL_DurRxPktAccu                          0x200002ea   Data           2  ll.o(.data)
    LL_REF_CRC_INI_ADVSCN                    0x200002ec   Data           3  ll.o(.data)
    LL_REF_ACS_ADDR_ADVSCN                   0x200002f0   Data           4  ll.o(.data)
    LL_Ref_Default_PHY                       0x200002f4   Data           4  ll.o(.data)
    tblk_LL_pi                               0x200002f8   Data           4  ll.o(.data)
    tblk_LL_pi2                              0x200002fc   Data           4  ll.o(.data)
    LL_conn_pi                               0x20000300   Data           4  ll.o(.data)
    LL_Slv_Win_Width                         0x20000304   Data           4  ll.o(.data)
    LL_Slv_Win_Width_Base                    0x20000308   Data           4  ll.o(.data)
    seedR16                                  0x2000030c   Data           4  ll.o(.data)
    Ch_ADV_Ch_Hop_Table                      0x20000310   Data           4  ll.o(.data)
    LL_Ref_ChMap                             0x20000314   Data           5  ll.o(.data)
    BD_Rand_Addr                             0x20000319   Data           6  ll.o(.data)
    LL_ConnBuffPrcs                          0x20000320   Data           8  ll.o(.data)
    Tmr37                                    0x20000328   Data           8  ll.o(.data)
    MsgQueueEC                               0x20000330   Data           8  ll.o(.data)
    RfVolt_new                               0x20000338   Data           1  rf_phy.o(.data)
    Init_flag                                0x20000339   Data           1  rf_phy.o(.data)
    Content_ioInt                            0x2000033a   Data           1  rf_phy.o(.data)
    rssiOffsetValue                          0x2000033b   Data           1  rf_phy.o(.data)
    gSleep                                   0x2000033d   Data           1  rf_phy.o(.data)
    Tmr16Interval                            0x2000033e   Data           2  rf_phy.o(.data)
    Timeline24                               0x20000340   Data           4  rf_phy.o(.data)
    addr_TxFIFO                              0x20000344   Data           4  rf_phy.o(.data)
    txpower_0dbm_reg                         0x20000348   Data           4  rf_phy.o(.data)
    txpower_4dbm_reg                         0x2000034c   Data           4  rf_phy.o(.data)
    txpower_8dbm_reg                         0x20000350   Data           4  rf_phy.o(.data)
    txpower_10dbm_reg                        0x20000354   Data           4  rf_phy.o(.data)
    Phy_pll_bank                             0x20000358   Data           5  rf_phy.o(.data)
    RFIP_init_reg                            0x2000035d   Data         128  rf_phy.o(.data)
    R568_lna_agc                             0x200003de   Data          32  rf_phy.o(.data)
    R568_tia_agc                             0x200003fe   Data          32  rf_phy.o(.data)
    R568_vga_agc                             0x2000041e   Data          32  rf_phy.o(.data)
    Event_Mask2                              0x20000448   Data           1  hci.o(.data)
    LE_Event_Mask                            0x20000449   Data           3  hci.o(.data)
    mhcCallBack                              0x2000044c   Data           4  hci.o(.data)
    Event_Mask                               0x20000450   Data           5  hci.o(.data)
    ATT_INDICATION_Packet_Sent               0x20000455   Data           1  mmi.o(.data)
    r_AES_INI                                0x20000456   Data          16  rffunction.o(.data)
    RSP_PAIRING_REQUEST                      0x20000466   Data          11  rffunction.o(.data)
    LTK_FIXED                                0x20000471   Data          16  rffunction.o(.data)
    EDIV_FIXED                               0x20000481   Data           2  rffunction.o(.data)
    RAND_FIXED                               0x20000483   Data           8  rffunction.o(.data)
    IRK_FIXED                                0x2000048b   Data          16  rffunction.o(.data)
    CSRK_FIXED                               0x2000049b   Data          16  rffunction.o(.data)
    SEL_STK_GEN_MTHD                         0x200004ab   Data          25  rffunction.o(.data)
    aTT_MTU                                  0x200004c4   Data           1  rffunction.o(.data)
    smp_Authorization                        0x200004c5   Data           1  rffunction.o(.data)
    smp_Encryption                           0x200004c6   Data           1  rffunction.o(.data)
    smp_Security_Mode                        0x200004c7   Data           1  rffunction.o(.data)
    smp_PReq_IO_Capab                        0x200004c8   Data           1  rffunction.o(.data)
    smp_PReq_OOB_data                        0x200004c9   Data           1  rffunction.o(.data)
    smp_PReq_Init_Key_Distr                  0x200004ca   Data           1  rffunction.o(.data)
    smp_PReq_Resp_Key_Distr                  0x200004cb   Data           1  rffunction.o(.data)
    smp_Phase                                0x200004cc   Data           1  rffunction.o(.data)
    smp_TempDef                              0x200004cd   Data           1  rffunction.o(.data)
    smp_Rand                                 0x200004ce   Data           8  rffunction.o(.data)
    smp_EDIV                                 0x200004d6   Data           2  rffunction.o(.data)
    smp_Local_Addr_advTemp                   0x200004d8   Data           8  rffunction.o(.data)
    __stdout                                 0x200004e0   Data           4  stdout.o(.data)
    txDataBuffer                             0x200004e4   Data          40  user.o(.bss)
    UART_RX_BUF                              0x2000050c   Data         200  uart.o(.bss)
    MsgBlk                                   0x200005d4   Data        3120  kernel.o(.bss)
    MsgQueue                                 0x20001204   Data          40  kernel.o(.bss)
    TAB_ZERO_128                             0x2000122c   Data         136  ll.o(.bss)
    LL_Adv_Para                              0x200012b4   Data          82  ll.o(.bss)
    LL_Scan_Para                             0x20001306   Data          12  ll.o(.bss)
    LL_Conn_Para                             0x20001314   Data         680  ll.o(.bss)
    LL_ConnDataQ                             0x200015bc   Data          40  ll.o(.bss)
    LL_ConnCtrlQ                             0x200015e4   Data          40  ll.o(.bss)
    LL_ConnDataInQ                           0x2000160c   Data          40  ll.o(.bss)
    LL_ConnBuffPt                            0x20001634   Data          20  ll.o(.bss)
    LL_Init_Para                             0x20001648   Data          28  ll.o(.bss)
    LL_WhiteList_Para                        0x20001664   Data          28  ll.o(.bss)
    LL_Para_Interval                         0x20001680   Data          36  ll.o(.bss)
    TmrBlk_LL                                0x200016a4   Data          72  ll.o(.bss)
    mblk_LL_conn_Para                        0x200016ec   Data          20  ll.o(.bss)
    LL_Length_Prefer                         0x20001700   Data          40  ll.o(.bss)
    RFIP_reg_MEM                             0x20001728   Data          14  rf_phy.o(.bss)
    CH_PLL_bank_Table                        0x20001736   Data          40  rf_phy.o(.bss)
    L2CAP_Buf                                0x2000175e   Data         252  l2cap.o(.bss)
    SPIBuffer                                0x2000185c   Data         251  rffunction.o(.bss)
    q_att_HDL_PreWr                          0x20001957   Data          48  rffunction.o(.bss)
    CmdTimer                                 0x20001988   Data         180  rffunction.o(.bss)
    k_AES_passkey                            0x20001a3c   Data          16  rffunction.o(.bss)
    smp_Para_Bond                            0x20001a4c   Data          37  rffunction.o(.bss)
    rsp_pairing_request_table                0x20001a71   Data          11  rffunction.o(.bss)
    smp_Local_Addr                           0x20001a7c   Data          40  rffunction.o(.bss)
    smp_Temp16                               0x20001aa4   Data          16  rffunction.o(.bss)
    smp_IRKm                                 0x20001ab4   Data          16  rffunction.o(.bss)
    smp_CSRKm                                0x20001ac4   Data          16  rffunction.o(.bss)
    r_AES                                    0x20001ad4   Data          16  rffunction.o(.bss)
    LTK                                      0x20001ae4   Data          16  rffunction.o(.bss)
    LTK_SEED                                 0x20001af4   Data          10  rffunction.o(.bss)
    SECBuffer                                0x20001afe   Data          42  rffunction.o(.bss)
    __initial_sp                             0x20001f28   Data           0  startup_mm32f032xx_s_keil.o(STACK)



==============================================================================

Memory Map of the image

  Image Entry point : 0x080000c1

  Load Region LR_IROM1 (Base: 0x08000000, Size: 0x0000a9cc, Max: 0x00010000, ABSOLUTE, COMPRESSED[0x0000a7f0])

    Execution Region ER_IROM1 (Exec base: 0x08000000, Load base: 0x08000000, Size: 0x0000a4e8, Max: 0x00010000, ABSOLUTE)

    Exec Addr    Load Addr    Size         Type   Attr      Idx    E Section Name        Object

    0x08000000   0x08000000   0x000000c0   Data   RO           68    RESET               startup_mm32f032xx_s_keil.o
    0x080000c0   0x080000c0   0x00000000   Code   RO         6386  * .ARM.Collect$$$$00000000  mc_p.l(entry.o)
    0x080000c0   0x080000c0   0x00000004   Code   RO         6662    .ARM.Collect$$$$00000001  mc_p.l(entry2.o)
    0x080000c4   0x080000c4   0x00000004   Code   RO         6665    .ARM.Collect$$$$00000004  mc_p.l(entry5.o)
    0x080000c8   0x080000c8   0x00000000   Code   RO         6667    .ARM.Collect$$$$00000008  mc_p.l(entry7b.o)
    0x080000c8   0x080000c8   0x00000000   Code   RO         6669    .ARM.Collect$$$$0000000A  mc_p.l(entry8b.o)
    0x080000c8   0x080000c8   0x00000008   Code   RO         6670    .ARM.Collect$$$$0000000B  mc_p.l(entry9a.o)
    0x080000d0   0x080000d0   0x00000000   Code   RO         6672    .ARM.Collect$$$$0000000D  mc_p.l(entry10a.o)
    0x080000d0   0x080000d0   0x00000000   Code   RO         6674    .ARM.Collect$$$$0000000F  mc_p.l(entry11a.o)
    0x080000d0   0x080000d0   0x00000004   Code   RO         6663    .ARM.Collect$$$$00002712  mc_p.l(entry2.o)
    0x080000d4   0x080000d4   0x00000006   Code   RO          618    .emb_text           porting_lltimer.o
    0x080000da   0x080000da   0x00000002   PAD
    0x080000dc   0x080000dc   0x00000058   Code   RO           69    .text               startup_mm32f032xx_s_keil.o
    0x08000134   0x08000134   0x0000002c   Code   RO         6389    .text               mc_p.l(uidiv.o)
    0x08000160   0x08000160   0x00000028   Code   RO         6391    .text               mc_p.l(idiv.o)
    0x08000188   0x08000188   0x00000024   Code   RO         6395    .text               mc_p.l(memseta.o)
    0x080001ac   0x080001ac   0x00000060   Code   RO         6677    .text               mc_p.l(uldiv.o)
    0x0800020c   0x0800020c   0x00000024   Code   RO         6690    .text               mc_p.l(init.o)
    0x08000230   0x08000230   0x00000020   Code   RO         6692    .text               mc_p.l(llshl.o)
    0x08000250   0x08000250   0x00000022   Code   RO         6694    .text               mc_p.l(llushr.o)
    0x08000272   0x08000272   0x00000056   Code   RO         6709    .text               mc_p.l(__dczerorl2.o)
    0x080002c8   0x080002c8   0x00000060   Code   RO         3987    i.ATT_HDL_Notify    Rafael_BLE_MM32F032xx_s.lib(host.o)
    0x08000328   0x08000328   0x00000002   Code   RO         3468    i.ATT_HDL_Rd_NULL   profile_tab.o
    0x0800032a   0x0800032a   0x00000002   Code   RO         3469    i.ATT_HDL_Rd_UDF01S_UDATN01  profile_tab.o
    0x0800032c   0x0800032c   0x00000002   Code   RO         3470    i.ATT_HDL_Rd_UDF01S_UDATR01  profile_tab.o
    0x0800032e   0x0800032e   0x00000002   Code   RO         3471    i.ATT_HDL_Rd_UDF01S_UDATRW01  profile_tab.o
    0x08000330   0x08000330   0x00000002   Code   RO         3472    i.ATT_HDL_Wr_NULL   profile_tab.o
    0x08000332   0x08000332   0x0000000c   Code   RO         3473    i.ATT_HDL_Wr_UDF01S_UDATRW01  profile_tab.o
    0x0800033e   0x0800033e   0x00000002   PAD
    0x08000340   0x08000340   0x0000005c   Code   RO          705    i.BSP_SPI_BLE_Init  porting_spi.o
    0x0800039c   0x0800039c   0x00000010   Code   RO          260    i.BleApp_Init       user.o
    0x080003ac   0x080003ac   0x00000060   Code   RO          261    i.BleApp_Main       user.o
    0x0800040c   0x0800040c   0x00000140   Code   RO          262    i.BleEvent_Callback  user.o
    0x0800054c   0x0800054c   0x0000000c   Code   RO         5551    i.BleMHC_PostEvent  Rafael_BLE_MM32F032xx_s.lib(hci.o)
    0x08000558   0x08000558   0x0000000c   Code   RO         5151    i.BleTxFIFOAddr_Get  Rafael_BLE_MM32F032xx_s.lib(rf_phy.o)
    0x08000564   0x08000564   0x0000003c   Code   RO         4370    i.Ble_EC_Chk_Isr    Rafael_BLE_MM32F032xx_s.lib(ll.o)
    0x080005a0   0x080005a0   0x00000094   Code   RO         4082    i.Ble_Kernel_Root   Rafael_BLE_MM32F032xx_s.lib(kernel.o)
    0x08000634   0x08000634   0x00000040   Code   RO         5152    i.Ble_SW_Init       Rafael_BLE_MM32F032xx_s.lib(rf_phy.o)
    0x08000674   0x08000674   0x0000001e   Code   RO          265    i.Ble_Slave_AdvInit  user.o
    0x08000692   0x08000692   0x00000002   PAD
    0x08000694   0x08000694   0x00000024   Code   RO          266    i.Ble_Slave_StartADV  user.o
    0x080006b8   0x080006b8   0x00000038   Code   RO         4086    i.CheckMsgBlk_L2_wSizeUsed_Isr  Rafael_BLE_MM32F032xx_s.lib(kernel.o)
    0x080006f0   0x080006f0   0x00000020   Code   RO         4087    i.CheckMsgQueue     Rafael_BLE_MM32F032xx_s.lib(kernel.o)
    0x08000710   0x08000710   0x00000014   Code   RO         5801    i.CheckValid_L2CAP_Buf  Rafael_BLE_MM32F032xx_s.lib(l2cap.o)
    0x08000724   0x08000724   0x0000000c   Code   RO         5153    i.ChipId_Get        Rafael_BLE_MM32F032xx_s.lib(rf_phy.o)
    0x08000730   0x08000730   0x00000034   Code   RO          418    i.DMA1_Channel2_3_IRQHandler  spi.o
    0x08000764   0x08000764   0x00000038   Code   RO          419    i.DMA1_Channel4_5_IRQHandler  spi.o
    0x0800079c   0x0800079c   0x0000000c   Code   RO         1159    i.DMA_ClearITPendingBit  hal_dma.o
    0x080007a8   0x080007a8   0x0000000c   Code   RO         1160    i.DMA_Cmd           hal_dma.o
    0x080007b4   0x080007b4   0x00000030   Code   RO         1161    i.DMA_DeInit        hal_dma.o
    0x080007e4   0x080007e4   0x00000014   Code   RO         1164    i.DMA_GetITStatus   hal_dma.o
    0x080007f8   0x080007f8   0x00000010   Code   RO         1165    i.DMA_ITConfig      hal_dma.o
    0x08000808   0x08000808   0x0000004c   Code   RO         1166    i.DMA_Init          hal_dma.o
    0x08000854   0x08000854   0x0000001c   Code   RO         1167    i.DMA_StructInit    hal_dma.o
    0x08000870   0x08000870   0x000000e8   Code   RO         4371    i.ECHC_LE_Ctrl_Pkt  Rafael_BLE_MM32F032xx_s.lib(ll.o)
    0x08000958   0x08000958   0x00000030   Code   RO          649    i.EXTI4_15_IRQHandler  porting_misc.o
    0x08000988   0x08000988   0x0000000c   Code   RO         1260    i.EXTI_ClearITPendingBit  hal_exti.o
    0x08000994   0x08000994   0x0000001c   Code   RO         1265    i.EXTI_GetITStatus  hal_exti.o
    0x080009b0   0x080009b0   0x00000058   Code   RO         1266    i.EXTI_Init         hal_exti.o
    0x08000a08   0x08000a08   0x00000028   Code   RO         1267    i.EXTI_LineConfig   hal_exti.o
    0x08000a30   0x08000a30   0x0000000c   Code   RO         4097    i.ErrorEntry        Rafael_BLE_MM32F032xx_s.lib(kernel.o)
    0x08000a3c   0x08000a3c   0x00000020   Code   RO         4098    i.FreeMsgBlk        Rafael_BLE_MM32F032xx_s.lib(kernel.o)
    0x08000a5c   0x08000a5c   0x0000001c   Code   RO         4099    i.FreeMsgBlk_Isr    Rafael_BLE_MM32F032xx_s.lib(kernel.o)
    0x08000a78   0x08000a78   0x00000030   Code   RO         4100    i.FreeMsgBlks       Rafael_BLE_MM32F032xx_s.lib(kernel.o)
    0x08000aa8   0x08000aa8   0x00000086   Code   RO         1551    i.GPIO_Init         hal_gpio.o
    0x08000b2e   0x08000b2e   0x00000020   Code   RO         1552    i.GPIO_PinAFConfig  hal_gpio.o
    0x08000b4e   0x08000b4e   0x0000000a   Code   RO         1556    i.GPIO_ReadInputDataBit  hal_gpio.o
    0x08000b58   0x08000b58   0x00000004   Code   RO         1559    i.GPIO_ResetBits    hal_gpio.o
    0x08000b5c   0x08000b5c   0x00000004   Code   RO         1560    i.GPIO_SetBits      hal_gpio.o
    0x08000b60   0x08000b60   0x00000010   Code   RO         1561    i.GPIO_StructInit   hal_gpio.o
    0x08000b70   0x08000b70   0x00000028   Code   RO         4102    i.GetMsgBlk         Rafael_BLE_MM32F032xx_s.lib(kernel.o)
    0x08000b98   0x08000b98   0x00000020   Code   RO         4103    i.GetMsgBlk_Isr     Rafael_BLE_MM32F032xx_s.lib(kernel.o)
    0x08000bb8   0x08000bb8   0x00000054   Code   RO         4104    i.GetMsgBlk_L2_wSize  Rafael_BLE_MM32F032xx_s.lib(kernel.o)
    0x08000c0c   0x08000c0c   0x00000054   Code   RO         4105    i.GetMsgBlk_wSize_Isr  Rafael_BLE_MM32F032xx_s.lib(kernel.o)
    0x08000c60   0x08000c60   0x00000024   Code   RO         5552    i.HCI_Root          Rafael_BLE_MM32F032xx_s.lib(hci.o)
    0x08000c84   0x08000c84   0x0000003c   Code   RO         4373    i.HCLL_Disconnect   Rafael_BLE_MM32F032xx_s.lib(ll.o)
    0x08000cc0   0x08000cc0   0x00000002   Code   RO         4374    i.HCLL_Host_Buffer_Size  Rafael_BLE_MM32F032xx_s.lib(ll.o)
    0x08000cc2   0x08000cc2   0x00000002   Code   RO         4375    i.HCLL_Host_Num_of_Completed_Packets  Rafael_BLE_MM32F032xx_s.lib(ll.o)
    0x08000cc4   0x08000cc4   0x00000004   Code   RO         4376    i.HCLL_LE_ACL_Data_Pkt  Rafael_BLE_MM32F032xx_s.lib(ll.o)
    0x08000cc8   0x08000cc8   0x00000004   Code   RO         4377    i.HCLL_LE_ACL_Data_Pkt_Extend  Rafael_BLE_MM32F032xx_s.lib(ll.o)
    0x08000ccc   0x08000ccc   0x0000008c   Code   RO         4378    i.HCLL_LE_Add_Device_to_White_List  Rafael_BLE_MM32F032xx_s.lib(ll.o)
    0x08000d58   0x08000d58   0x00000048   Code   RO         4379    i.HCLL_LE_Clear_White_List  Rafael_BLE_MM32F032xx_s.lib(ll.o)
    0x08000da0   0x08000da0   0x000000d4   Code   RO         4380    i.HCLL_LE_Conn_update  Rafael_BLE_MM32F032xx_s.lib(ll.o)
    0x08000e74   0x08000e74   0x00000178   Code   RO         4381    i.HCLL_LE_Create_Conn  Rafael_BLE_MM32F032xx_s.lib(ll.o)
    0x08000fec   0x08000fec   0x00000048   Code   RO         4382    i.HCLL_LE_Create_conn_cancel  Rafael_BLE_MM32F032xx_s.lib(ll.o)
    0x08001034   0x08001034   0x000000b4   Code   RO         4383    i.HCLL_LE_Ctrl_Pkt  Rafael_BLE_MM32F032xx_s.lib(ll.o)
    0x080010e8   0x080010e8   0x00000024   Code   RO         4384    i.HCLL_LE_Encrypt   Rafael_BLE_MM32F032xx_s.lib(ll.o)
    0x0800110c   0x0800110c   0x0000005c   Code   RO         4385    i.HCLL_LE_Long_term_key_req_neg_reply  Rafael_BLE_MM32F032xx_s.lib(ll.o)
    0x08001168   0x08001168   0x00000024   Code   RO         4386    i.HCLL_LE_Long_term_key_req_reply  Rafael_BLE_MM32F032xx_s.lib(ll.o)
    0x0800118c   0x0800118c   0x00000024   Code   RO         4387    i.HCLL_LE_Rand      Rafael_BLE_MM32F032xx_s.lib(ll.o)
    0x080011b0   0x080011b0   0x00000004   Code   RO         4388    i.HCLL_LE_Read_Adv_Ch_Tx_Pwr  Rafael_BLE_MM32F032xx_s.lib(ll.o)
    0x080011b4   0x080011b4   0x00000024   Code   RO         4389    i.HCLL_LE_Read_Buffer_Size  Rafael_BLE_MM32F032xx_s.lib(ll.o)
    0x080011d8   0x080011d8   0x00000030   Code   RO         4390    i.HCLL_LE_Read_Local_Supported_Feat  Rafael_BLE_MM32F032xx_s.lib(ll.o)
    0x08001208   0x08001208   0x00000044   Code   RO         4391    i.HCLL_LE_Read_Phy  Rafael_BLE_MM32F032xx_s.lib(ll.o)
    0x0800124c   0x0800124c   0x00000038   Code   RO         4392    i.HCLL_LE_Read_Remote_Used_Feat  Rafael_BLE_MM32F032xx_s.lib(ll.o)
    0x08001284   0x08001284   0x0000001c   Code   RO         4393    i.HCLL_LE_Read_White_List_Size  Rafael_BLE_MM32F032xx_s.lib(ll.o)
    0x080012a0   0x080012a0   0x0000003c   Code   RO         4394    i.HCLL_LE_Read_ch_map  Rafael_BLE_MM32F032xx_s.lib(ll.o)
    0x080012dc   0x080012dc   0x00000002   Code   RO         4395    i.HCLL_LE_Read_supported_states  Rafael_BLE_MM32F032xx_s.lib(ll.o)
    0x080012de   0x080012de   0x00000002   Code   RO         4396    i.HCLL_LE_Receiver_test  Rafael_BLE_MM32F032xx_s.lib(ll.o)
    0x080012e0   0x080012e0   0x00000004   Code   RO         4397    i.HCLL_LE_Remote_conn_param_req_neg_reply  Rafael_BLE_MM32F032xx_s.lib(ll.o)
    0x080012e4   0x080012e4   0x00000004   Code   RO         4398    i.HCLL_LE_Remote_conn_param_req_reply  Rafael_BLE_MM32F032xx_s.lib(ll.o)
    0x080012e8   0x080012e8   0x00000070   Code   RO         4399    i.HCLL_LE_Rmv_Device_from_White_List  Rafael_BLE_MM32F032xx_s.lib(ll.o)
    0x08001358   0x08001358   0x00000034   Code   RO         4400    i.HCLL_LE_Set_Adv_Data  Rafael_BLE_MM32F032xx_s.lib(ll.o)
    0x0800138c   0x0800138c   0x00000098   Code   RO         4401    i.HCLL_LE_Set_Adv_Param  Rafael_BLE_MM32F032xx_s.lib(ll.o)
    0x08001424   0x08001424   0x000000fc   Code   RO         4402    i.HCLL_LE_Set_Advertise_Enable  Rafael_BLE_MM32F032xx_s.lib(ll.o)
    0x08001520   0x08001520   0x00000078   Code   RO         4403    i.HCLL_LE_Set_Data_Length  Rafael_BLE_MM32F032xx_s.lib(ll.o)
    0x08001598   0x08001598   0x00000060   Code   RO         4404    i.HCLL_LE_Set_Default_Phy  Rafael_BLE_MM32F032xx_s.lib(ll.o)
    0x080015f8   0x080015f8   0x0000002c   Code   RO         4405    i.HCLL_LE_Set_Event_Mask  Rafael_BLE_MM32F032xx_s.lib(ll.o)
    0x08001624   0x08001624   0x00000078   Code   RO         4406    i.HCLL_LE_Set_Host_Ch_Classification  Rafael_BLE_MM32F032xx_s.lib(ll.o)
    0x0800169c   0x0800169c   0x0000009c   Code   RO         4407    i.HCLL_LE_Set_Phy   Rafael_BLE_MM32F032xx_s.lib(ll.o)
    0x08001738   0x08001738   0x0000003c   Code   RO         4408    i.HCLL_LE_Set_Random_Address  Rafael_BLE_MM32F032xx_s.lib(ll.o)
    0x08001774   0x08001774   0x00000030   Code   RO         4409    i.HCLL_LE_Set_Scan_Response_Data  Rafael_BLE_MM32F032xx_s.lib(ll.o)
    0x080017a4   0x080017a4   0x00000050   Code   RO         4410    i.HCLL_LE_Set_scan_enable  Rafael_BLE_MM32F032xx_s.lib(ll.o)
    0x080017f4   0x080017f4   0x0000007c   Code   RO         4411    i.HCLL_LE_Set_scan_param  Rafael_BLE_MM32F032xx_s.lib(ll.o)
    0x08001870   0x08001870   0x00000024   Code   RO         4412    i.HCLL_LE_Start_encryption  Rafael_BLE_MM32F032xx_s.lib(ll.o)
    0x08001894   0x08001894   0x00000002   Code   RO         4413    i.HCLL_LE_Test_end  Rafael_BLE_MM32F032xx_s.lib(ll.o)
    0x08001896   0x08001896   0x00000002   Code   RO         4414    i.HCLL_LE_Transmitter_test  Rafael_BLE_MM32F032xx_s.lib(ll.o)
    0x08001898   0x08001898   0x0000002c   Code   RO         4415    i.HCLL_Read_BD_Addr  Rafael_BLE_MM32F032xx_s.lib(ll.o)
    0x080018c4   0x080018c4   0x00000002   Code   RO         4416    i.HCLL_Read_Le_Host_Support  Rafael_BLE_MM32F032xx_s.lib(ll.o)
    0x080018c6   0x080018c6   0x00000002   PAD
    0x080018c8   0x080018c8   0x00000050   Code   RO         4417    i.HCLL_Read_Local_Supported_Cmd  Rafael_BLE_MM32F032xx_s.lib(ll.o)
    0x08001918   0x08001918   0x0000002c   Code   RO         4418    i.HCLL_Read_Local_Supported_Feat  Rafael_BLE_MM32F032xx_s.lib(ll.o)
    0x08001944   0x08001944   0x0000002c   Code   RO         4419    i.HCLL_Read_Local_Ver_Info  Rafael_BLE_MM32F032xx_s.lib(ll.o)
    0x08001970   0x08001970   0x00000030   Code   RO         4420    i.HCLL_Read_Remote_Ver_Info  Rafael_BLE_MM32F032xx_s.lib(ll.o)
    0x080019a0   0x080019a0   0x00000002   Code   RO         4421    i.HCLL_Read_Transmit_Pwr_Level  Rafael_BLE_MM32F032xx_s.lib(ll.o)
    0x080019a2   0x080019a2   0x00000002   Code   RO         4422    i.HCLL_Read_authen_payload_timeout  Rafael_BLE_MM32F032xx_s.lib(ll.o)
    0x080019a4   0x080019a4   0x00000002   Code   RO         4423    i.HCLL_Read_buffer_size  Rafael_BLE_MM32F032xx_s.lib(ll.o)
    0x080019a6   0x080019a6   0x00000002   PAD
    0x080019a8   0x080019a8   0x00000034   Code   RO         4424    i.HCLL_Read_rssi    Rafael_BLE_MM32F032xx_s.lib(ll.o)
    0x080019dc   0x080019dc   0x0000001a   Code   RO         4425    i.HCLL_Reset        Rafael_BLE_MM32F032xx_s.lib(ll.o)
    0x080019f6   0x080019f6   0x00000002   Code   RO         4426    i.HCLL_Set_Ctrler_to_Host_Flow_Ctrl  Rafael_BLE_MM32F032xx_s.lib(ll.o)
    0x080019f8   0x080019f8   0x0000003c   Code   RO         4427    i.HCLL_Set_Event_Mask  Rafael_BLE_MM32F032xx_s.lib(ll.o)
    0x08001a34   0x08001a34   0x00000024   Code   RO         4428    i.HCLL_Set_Event_Mask_Page_2  Rafael_BLE_MM32F032xx_s.lib(ll.o)
    0x08001a58   0x08001a58   0x00000002   Code   RO         4429    i.HCLL_Write_Le_Host_Support  Rafael_BLE_MM32F032xx_s.lib(ll.o)
    0x08001a5a   0x08001a5a   0x00000002   Code   RO         4430    i.HCLL_Write_authen_payload_timeout  Rafael_BLE_MM32F032xx_s.lib(ll.o)
    0x08001a5c   0x08001a5c   0x00000018   Code   RO         3989    i.HSPF_Att_Read     Rafael_BLE_MM32F032xx_s.lib(host.o)
    0x08001a74   0x08001a74   0x0000001c   Code   RO         3990    i.HSPF_Att_Write    Rafael_BLE_MM32F032xx_s.lib(host.o)
    0x08001a90   0x08001a90   0x00000024   Code   RO         3991    i.Host_Root         Rafael_BLE_MM32F032xx_s.lib(host.o)
    0x08001ab4   0x08001ab4   0x0000004c   Code   RO         4107    i.KernelInit        Rafael_BLE_MM32F032xx_s.lib(kernel.o)
    0x08001b00   0x08001b00   0x00000020   Code   RO         4108    i.Knl_CodeComp      Rafael_BLE_MM32F032xx_s.lib(kernel.o)
    0x08001b20   0x08001b20   0x00000012   Code   RO         4110    i.Knl_CodeCpy       Rafael_BLE_MM32F032xx_s.lib(kernel.o)
    0x08001b32   0x08001b32   0x0000001e   Code   RO         4112    i.Knl_CodeCpyInv_Isr  Rafael_BLE_MM32F032xx_s.lib(kernel.o)
    0x08001b50   0x08001b50   0x00000012   Code   RO         4113    i.Knl_CodeCpy_Isr   Rafael_BLE_MM32F032xx_s.lib(kernel.o)
    0x08001b62   0x08001b62   0x00000020   Code   RO         4114    i.Knl_MemComp       Rafael_BLE_MM32F032xx_s.lib(kernel.o)
    0x08001b82   0x08001b82   0x00000020   Code   RO         4115    i.Knl_MemComp_Isr   Rafael_BLE_MM32F032xx_s.lib(kernel.o)
    0x08001ba2   0x08001ba2   0x00000012   Code   RO         4116    i.Knl_MemCpy        Rafael_BLE_MM32F032xx_s.lib(kernel.o)
    0x08001bb4   0x08001bb4   0x0000001e   Code   RO         4117    i.Knl_MemCpyInv     Rafael_BLE_MM32F032xx_s.lib(kernel.o)
    0x08001bd2   0x08001bd2   0x0000001e   Code   RO         4118    i.Knl_MemCpyInv_Isr  Rafael_BLE_MM32F032xx_s.lib(kernel.o)
    0x08001bf0   0x08001bf0   0x0000001a   Code   RO         4119    i.Knl_MemCpy_Fwd    Rafael_BLE_MM32F032xx_s.lib(kernel.o)
    0x08001c0a   0x08001c0a   0x00000012   Code   RO         4120    i.Knl_MemCpy_Isr    Rafael_BLE_MM32F032xx_s.lib(kernel.o)
    0x08001c1c   0x08001c1c   0x00000024   Code   RO         5802    i.L2CAP_Root        Rafael_BLE_MM32F032xx_s.lib(l2cap.o)
    0x08001c40   0x08001c40   0x000001d8   Code   RO         4431    i.LLEC_LE_CCM_Manual  Rafael_BLE_MM32F032xx_s.lib(ll.o)
    0x08001e18   0x08001e18   0x00000030   Code   RO         4432    i.LLEC_LE_Encrypt   Rafael_BLE_MM32F032xx_s.lib(ll.o)
    0x08001e48   0x08001e48   0x0000005c   Code   RO         4433    i.LLEC_LE_Long_term_key_req_reply  Rafael_BLE_MM32F032xx_s.lib(ll.o)
    0x08001ea4   0x08001ea4   0x0000004c   Code   RO         4434    i.LLEC_LE_Rand      Rafael_BLE_MM32F032xx_s.lib(ll.o)
    0x08001ef0   0x08001ef0   0x00000084   Code   RO         4435    i.LLEC_LE_Start_encryption  Rafael_BLE_MM32F032xx_s.lib(ll.o)
    0x08001f74   0x08001f74   0x0000001a   Code   RO         4436    i.LLHC_ERR_CODE_Invalid_Lmp_Parameters  Rafael_BLE_MM32F032xx_s.lib(ll.o)
    0x08001f8e   0x08001f8e   0x0000001a   Code   RO         4437    i.LLHC_ERR_CODE_Unknown_Hci_Command  Rafael_BLE_MM32F032xx_s.lib(ll.o)
    0x08001fa8   0x08001fa8   0x00000360   Code   RO         4438    i.LLHC_LE_Ctrl_Pkt  Rafael_BLE_MM32F032xx_s.lib(ll.o)
    0x08002308   0x08002308   0x0000000c   Code   RO         5154    i.LLTimeline_Get    Rafael_BLE_MM32F032xx_s.lib(rf_phy.o)
    0x08002314   0x08002314   0x000013d4   Code   RO         4439    i.LLTimer_Isr       Rafael_BLE_MM32F032xx_s.lib(ll.o)
    0x080036e8   0x080036e8   0x00000044   Code   RO         4440    i.LLTimer_TmrRefUpd_Isr  Rafael_BLE_MM32F032xx_s.lib(ll.o)
    0x0800372c   0x0800372c   0x00000060   Code   RO         4442    i.LLWTR_Buffer_wAck_Isr  Rafael_BLE_MM32F032xx_s.lib(ll.o)
    0x0800378c   0x0800378c   0x00000fec   Code   RO         4443    i.LLWTR_Isr         Rafael_BLE_MM32F032xx_s.lib(ll.o)
    0x08004778   0x08004778   0x0000004c   Code   RO         4444    i.LLWTR_MDset       Rafael_BLE_MM32F032xx_s.lib(ll.o)
    0x080047c4   0x080047c4   0x000003f0   Code   RO         4445    i.LLWTR_Rx2Hc       Rafael_BLE_MM32F032xx_s.lib(ll.o)
    0x08004bb4   0x08004bb4   0x0000024c   Code   RO         4447    i.LL_Buffer_To_FIFO_Isr  Rafael_BLE_MM32F032xx_s.lib(ll.o)
    0x08004e00   0x08004e00   0x00000018   Code   RO         4448    i.LL_CheckConnExist  Rafael_BLE_MM32F032xx_s.lib(ll.o)
    0x08004e18   0x08004e18   0x000000a0   Code   RO         4449    i.LL_Data2ConnTxFIFO  Rafael_BLE_MM32F032xx_s.lib(ll.o)
    0x08004eb8   0x08004eb8   0x00000074   Code   RO         4450    i.LL_Data2ConnTxFIFO_smp  Rafael_BLE_MM32F032xx_s.lib(ll.o)
    0x08004f2c   0x08004f2c   0x00000050   Code   RO         4451    i.LL_Data2ConnTxFIFO_smp_Isr  Rafael_BLE_MM32F032xx_s.lib(ll.o)
    0x08004f7c   0x08004f7c   0x0000007c   Code   RO         4452    i.LL_EventCounter_Map_Upd  Rafael_BLE_MM32F032xx_s.lib(ll.o)
    0x08004ff8   0x08004ff8   0x000000b0   Code   RO         4453    i.LL_GPIO_Isr       Rafael_BLE_MM32F032xx_s.lib(ll.o)
    0x080050a8   0x080050a8   0x0000001c   Code   RO         4454    i.LL_GetMasterFreeConnID  Rafael_BLE_MM32F032xx_s.lib(ll.o)
    0x080050c4   0x080050c4   0x0000001c   Code   RO         4455    i.LL_GetSlaveFreeConnID  Rafael_BLE_MM32F032xx_s.lib(ll.o)
    0x080050e0   0x080050e0   0x00000020   Code   RO         4456    i.LL_MsgBlk_LL_conn_Para_Rls  Rafael_BLE_MM32F032xx_s.lib(ll.o)
    0x08005100   0x08005100   0x00000038   Code   RO         4457    i.LL_Msg_CTRL_PKT   Rafael_BLE_MM32F032xx_s.lib(ll.o)
    0x08005138   0x08005138   0x00000038   Code   RO         4458    i.LL_Msg_CTRL_PKT_Isr  Rafael_BLE_MM32F032xx_s.lib(ll.o)
    0x08005170   0x08005170   0x0000001e   Code   RO         4460    i.LL_Msg_Event_Encrypt_Change  Rafael_BLE_MM32F032xx_s.lib(ll.o)
    0x0800518e   0x0800518e   0x00000020   Code   RO         4461    i.LL_Msg_Event_Le_PHY_Update_Complete  Rafael_BLE_MM32F032xx_s.lib(ll.o)
    0x080051ae   0x080051ae   0x0000001a   Code   RO         4462    i.LL_Msg_Event_Status  Rafael_BLE_MM32F032xx_s.lib(ll.o)
    0x080051c8   0x080051c8   0x0000009c   Code   RO         4465    i.LL_Queue_To_Buffer_Isr  Rafael_BLE_MM32F032xx_s.lib(ll.o)
    0x08005264   0x08005264   0x000000d8   Code   RO         4466    i.LL_ReleaseConnID  Rafael_BLE_MM32F032xx_s.lib(ll.o)
    0x0800533c   0x0800533c   0x000000f4   Code   RO         4467    i.LL_ReleaseConnID_Isr  Rafael_BLE_MM32F032xx_s.lib(ll.o)
    0x08005430   0x08005430   0x00000054   Code   RO         4468    i.LL_RfChRemap      Rafael_BLE_MM32F032xx_s.lib(ll.o)
    0x08005484   0x08005484   0x00000024   Code   RO         4469    i.LL_Root           Rafael_BLE_MM32F032xx_s.lib(ll.o)
    0x080054a8   0x080054a8   0x00000054   Code   RO         4470    i.LL_RxEnter_Isr    Rafael_BLE_MM32F032xx_s.lib(ll.o)
    0x080054fc   0x080054fc   0x0000001c   Code   RO         4472    i.LL_Slv_Win_Width_Incr  Rafael_BLE_MM32F032xx_s.lib(ll.o)
    0x08005518   0x08005518   0x00000030   Code   RO         4473    i.LL_SvPrToutAccu_Incr  Rafael_BLE_MM32F032xx_s.lib(ll.o)
    0x08005548   0x08005548   0x00000030   Code   RO         4474    i.LL_TmrBlk_Pt_PairRst  Rafael_BLE_MM32F032xx_s.lib(ll.o)
    0x08005578   0x08005578   0x0000003c   Code   RO         4475    i.LL_TmrBlk_Rls     Rafael_BLE_MM32F032xx_s.lib(ll.o)
    0x080055b4   0x080055b4   0x00000020   Code   RO         4476    i.LL_TmrBlk_Rls_NxtIntvl  Rafael_BLE_MM32F032xx_s.lib(ll.o)
    0x080055d4   0x080055d4   0x0000004c   Code   RO         4477    i.LL_TmrBlk_Rls_Pair  Rafael_BLE_MM32F032xx_s.lib(ll.o)
    0x08005620   0x08005620   0x00000068   Code   RO         4478    i.LL_Tmr_FIFO_ADVrpt  Rafael_BLE_MM32F032xx_s.lib(ll.o)
    0x08005688   0x08005688   0x00000058   Code   RO         4479    i.LL_TxEnter_Isr    Rafael_BLE_MM32F032xx_s.lib(ll.o)
    0x080056e0   0x080056e0   0x00000044   Code   RO         4480    i.LL_smp_SKD_IV_genIn  Rafael_BLE_MM32F032xx_s.lib(ll.o)
    0x08005724   0x08005724   0x0000003a   Code   RO          650    i.MCU_GpioIntDisable  porting_misc.o
    0x0800575e   0x0800575e   0x0000003e   Code   RO          651    i.MCU_GpioIntEnable  porting_misc.o
    0x0800579c   0x0800579c   0x0000002c   Code   RO          652    i.MCU_GpioPinInit   porting_misc.o
    0x080057c8   0x080057c8   0x00000004   Code   RO         4481    i.MEC_HCI_Null      Rafael_BLE_MM32F032xx_s.lib(ll.o)
    0x080057cc   0x080057cc   0x00000200   Code   RO         3948    i.MHC_Callback      Rafael_BLE_MM32F032xx_s.lib(ble_event.o)
    0x080059cc   0x080059cc   0x00000002   Code   RO         5553    i.MHC_Event_Authen_Payload_Timeout_Expired  Rafael_BLE_MM32F032xx_s.lib(hci.o)
    0x080059ce   0x080059ce   0x00000002   PAD
    0x080059d0   0x080059d0   0x00000094   Code   RO         5554    i.MHC_Event_Cmd_Complete  Rafael_BLE_MM32F032xx_s.lib(hci.o)
    0x08005a64   0x08005a64   0x0000001c   Code   RO         5555    i.MHC_Event_Cmd_Status  Rafael_BLE_MM32F032xx_s.lib(hci.o)
    0x08005a80   0x08005a80   0x00000002   Code   RO         5556    i.MHC_Event_Data_Buffer_Overflow  Rafael_BLE_MM32F032xx_s.lib(hci.o)
    0x08005a82   0x08005a82   0x00000002   PAD
    0x08005a84   0x08005a84   0x00000028   Code   RO         5557    i.MHC_Event_Disconn_Complete  Rafael_BLE_MM32F032xx_s.lib(hci.o)
    0x08005aac   0x08005aac   0x000000f8   Code   RO         5558    i.MHC_Event_Encrypt_Change  Rafael_BLE_MM32F032xx_s.lib(hci.o)
    0x08005ba4   0x08005ba4   0x00000058   Code   RO         5559    i.MHC_Event_Encrypt_Key_Refresh_Complete  Rafael_BLE_MM32F032xx_s.lib(hci.o)
    0x08005bfc   0x08005bfc   0x00000004   Code   RO         5560    i.MHC_Event_HCI_Raw  Rafael_BLE_MM32F032xx_s.lib(hci.o)
    0x08005c00   0x08005c00   0x00000002   Code   RO         5561    i.MHC_Event_Hardware_Error  Rafael_BLE_MM32F032xx_s.lib(hci.o)
    0x08005c02   0x08005c02   0x00000002   PAD
    0x08005c04   0x08005c04   0x00000034   Code   RO         5562    i.MHC_Event_Le_Adv_Report  Rafael_BLE_MM32F032xx_s.lib(hci.o)
    0x08005c38   0x08005c38   0x00000080   Code   RO         5563    i.MHC_Event_Le_Conn_Complete  Rafael_BLE_MM32F032xx_s.lib(hci.o)
    0x08005cb8   0x08005cb8   0x00000030   Code   RO         5564    i.MHC_Event_Le_Conn_Update_Complete  Rafael_BLE_MM32F032xx_s.lib(hci.o)
    0x08005ce8   0x08005ce8   0x0000001c   Code   RO         5565    i.MHC_Event_Le_Data_Length_Change  Rafael_BLE_MM32F032xx_s.lib(hci.o)
    0x08005d04   0x08005d04   0x000000d8   Code   RO         5566    i.MHC_Event_Le_Long_Term_Key_Req  Rafael_BLE_MM32F032xx_s.lib(hci.o)
    0x08005ddc   0x08005ddc   0x00000034   Code   RO         5567    i.MHC_Event_Le_PHY_Update_Complete  Rafael_BLE_MM32F032xx_s.lib(hci.o)
    0x08005e10   0x08005e10   0x0000001c   Code   RO         5568    i.MHC_Event_Le_Read_Remote_Used_Features_Complete  Rafael_BLE_MM32F032xx_s.lib(hci.o)
    0x08005e2c   0x08005e2c   0x00000002   Code   RO         5569    i.MHC_Event_Le_Remote_Conn_param_Req_Event  Rafael_BLE_MM32F032xx_s.lib(hci.o)
    0x08005e2e   0x08005e2e   0x00000002   PAD
    0x08005e30   0x08005e30   0x00000014   Code   RO         5570    i.MHC_Event_Le_Wait_Passkey_Confrim  Rafael_BLE_MM32F032xx_s.lib(hci.o)
    0x08005e44   0x08005e44   0x00000002   Code   RO         5571    i.MHC_Event_Null    Rafael_BLE_MM32F032xx_s.lib(hci.o)
    0x08005e46   0x08005e46   0x00000004   Code   RO         5572    i.MHC_Event_Num_Of_Completed_Pckts  Rafael_BLE_MM32F032xx_s.lib(hci.o)
    0x08005e4a   0x08005e4a   0x00000002   PAD
    0x08005e4c   0x08005e4c   0x00000010   Code   RO         5573    i.MHC_Event_Read_Remote_Ver_Info_Complete  Rafael_BLE_MM32F032xx_s.lib(hci.o)
    0x08005e5c   0x08005e5c   0x00000014   Code   RO         5574    i.MHC_Event_STK_Gen_Method  Rafael_BLE_MM32F032xx_s.lib(hci.o)
    0x08005e70   0x08005e70   0x00000014   Code   RO         5575    i.MHC_Evnet_Auth_Status  Rafael_BLE_MM32F032xx_s.lib(hci.o)
    0x08005e84   0x08005e84   0x00000040   Code   RO         5576    i.MHC_LE_ACL_Data_Pkt  Rafael_BLE_MM32F032xx_s.lib(hci.o)
    0x08005ec4   0x08005ec4   0x00000004   Code   RO         5577    i.MHC_LE_ACL_Data_Pkt_Extend  Rafael_BLE_MM32F032xx_s.lib(hci.o)
    0x08005ec8   0x08005ec8   0x00000002   Code   RO         3992    i.MHS_Event_Null    Rafael_BLE_MM32F032xx_s.lib(host.o)
    0x08005eca   0x08005eca   0x00000002   Code   RO         5803    i.ML2CAP_Event_Null  Rafael_BLE_MM32F032xx_s.lib(l2cap.o)
    0x08005ecc   0x08005ecc   0x00000004   Code   RO         4482    i.MLL_HCI_Null      Rafael_BLE_MM32F032xx_s.lib(ll.o)
    0x08005ed0   0x08005ed0   0x00000004   Code   RO         4483    i.MLL_LE_Ctrl_Pkt   Rafael_BLE_MM32F032xx_s.lib(ll.o)
    0x08005ed4   0x08005ed4   0x00000018   Code   RO         4484    i.MLL_LL_CHN_Map_Upd  Rafael_BLE_MM32F032xx_s.lib(ll.o)
    0x08005eec   0x08005eec   0x0000001c   Code   RO         4485    i.MLL_LL_Enc_Req    Rafael_BLE_MM32F032xx_s.lib(ll.o)
    0x08005f08   0x08005f08   0x00000050   Code   RO         1934    i.NVIC_Init         hal_misc.o
    0x08005f58   0x08005f58   0x00000044   Code   RO          516    i.NVIC_SetPriority  systick.o
    0x08005f9c   0x08005f9c   0x00000034   Code   RO         5852    i.PassEC_BLE_CODE_SMP  Rafael_BLE_MM32F032xx_s.lib(mmi.o)
    0x08005fd0   0x08005fd0   0x00000028   Code   RO         5853    i.Prcss_BLE_CODE_SMP_Encryption_Information  Rafael_BLE_MM32F032xx_s.lib(mmi.o)
    0x08005ff8   0x08005ff8   0x00000004   Code   RO         5854    i.Prcss_BLE_CODE_SMP_Identity_Address_Information  Rafael_BLE_MM32F032xx_s.lib(mmi.o)
    0x08005ffc   0x08005ffc   0x00000028   Code   RO         5855    i.Prcss_BLE_CODE_SMP_Identity_Information  Rafael_BLE_MM32F032xx_s.lib(mmi.o)
    0x08006024   0x08006024   0x00000040   Code   RO         5856    i.Prcss_BLE_CODE_SMP_Master_Identification  Rafael_BLE_MM32F032xx_s.lib(mmi.o)
    0x08006064   0x08006064   0x00000060   Code   RO         5857    i.Prcss_BLE_CODE_SMP_Pairing_Confirm  Rafael_BLE_MM32F032xx_s.lib(mmi.o)
    0x080060c4   0x080060c4   0x00000034   Code   RO         5858    i.Prcss_BLE_CODE_SMP_Pairing_Failed  Rafael_BLE_MM32F032xx_s.lib(mmi.o)
    0x080060f8   0x080060f8   0x00000018   Code   RO         5859    i.Prcss_BLE_CODE_SMP_Pairing_Random  Rafael_BLE_MM32F032xx_s.lib(mmi.o)
    0x08006110   0x08006110   0x000000f8   Code   RO         5860    i.Prcss_BLE_CODE_SMP_Pairing_Request  Rafael_BLE_MM32F032xx_s.lib(mmi.o)
    0x08006208   0x08006208   0x00000004   Code   RO         5861    i.Prcss_BLE_CODE_SMP_Pairing_Response  Rafael_BLE_MM32F032xx_s.lib(mmi.o)
    0x0800620c   0x0800620c   0x00000004   Code   RO         5862    i.Prcss_BLE_CODE_SMP_Reserved  Rafael_BLE_MM32F032xx_s.lib(mmi.o)
    0x08006210   0x08006210   0x00000004   Code   RO         5863    i.Prcss_BLE_CODE_SMP_Security_Request  Rafael_BLE_MM32F032xx_s.lib(mmi.o)
    0x08006214   0x08006214   0x00000028   Code   RO         5864    i.Prcss_BLE_CODE_SMP_Signing_Information  Rafael_BLE_MM32F032xx_s.lib(mmi.o)
    0x0800623c   0x0800623c   0x00000004   Code   RO         5865    i.Prcss_L2CAP_CID_AMP_MANAGER_PROTOCOL  Rafael_BLE_MM32F032xx_s.lib(mmi.o)
    0x08006240   0x08006240   0x00000044   Code   RO         5866    i.Prcss_L2CAP_CID_ATTRIBUTE_PROTOCOL  Rafael_BLE_MM32F032xx_s.lib(mmi.o)
    0x08006284   0x08006284   0x00000004   Code   RO         5867    i.Prcss_L2CAP_CID_CONNECTIONLESS_CHANNEL  Rafael_BLE_MM32F032xx_s.lib(mmi.o)
    0x08006288   0x08006288   0x00000004   Code   RO         5868    i.Prcss_L2CAP_CID_L2CAP_SIGNALING_CHANNEL  Rafael_BLE_MM32F032xx_s.lib(mmi.o)
    0x0800628c   0x0800628c   0x00000050   Code   RO         5869    i.Prcss_L2CAP_CID_LE_L2CAP_SIGNALING_CHANNEL  Rafael_BLE_MM32F032xx_s.lib(mmi.o)
    0x080062dc   0x080062dc   0x00000004   Code   RO         5870    i.Prcss_L2CAP_CID_NULL_IDENTIFIER  Rafael_BLE_MM32F032xx_s.lib(mmi.o)
    0x080062e0   0x080062e0   0x00000028   Code   RO         5871    i.Prcss_L2CAP_CID_SECURITY_MANAGER_PROTOCOL  Rafael_BLE_MM32F032xx_s.lib(mmi.o)
    0x08006308   0x08006308   0x00000004   Code   RO         5872    i.Prcss_OPCODE_ATT_Error_Response  Rafael_BLE_MM32F032xx_s.lib(mmi.o)
    0x0800630c   0x0800630c   0x00000044   Code   RO         5873    i.Prcss_OPCODE_ATT_Exchange_MTU_Request  Rafael_BLE_MM32F032xx_s.lib(mmi.o)
    0x08006350   0x08006350   0x00000004   Code   RO         5874    i.Prcss_OPCODE_ATT_Exchange_MTU_Response  Rafael_BLE_MM32F032xx_s.lib(mmi.o)
    0x08006354   0x08006354   0x000000e8   Code   RO         5875    i.Prcss_OPCODE_ATT_Execute_Write_Request  Rafael_BLE_MM32F032xx_s.lib(mmi.o)
    0x0800643c   0x0800643c   0x00000004   Code   RO         5876    i.Prcss_OPCODE_ATT_Execute_Write_Response  Rafael_BLE_MM32F032xx_s.lib(mmi.o)
    0x08006440   0x08006440   0x0000014c   Code   RO         5877    i.Prcss_OPCODE_ATT_Find_By_Type_Value_Request  Rafael_BLE_MM32F032xx_s.lib(mmi.o)
    0x0800658c   0x0800658c   0x00000004   Code   RO         5878    i.Prcss_OPCODE_ATT_Find_By_Type_Value_Response  Rafael_BLE_MM32F032xx_s.lib(mmi.o)
    0x08006590   0x08006590   0x00000154   Code   RO         5879    i.Prcss_OPCODE_ATT_Find_Information_Request  Rafael_BLE_MM32F032xx_s.lib(mmi.o)
    0x080066e4   0x080066e4   0x00000004   Code   RO         5880    i.Prcss_OPCODE_ATT_Find_Information_Response  Rafael_BLE_MM32F032xx_s.lib(mmi.o)
    0x080066e8   0x080066e8   0x00000010   Code   RO         5881    i.Prcss_OPCODE_ATT_Handle_Value_Confirmation  Rafael_BLE_MM32F032xx_s.lib(mmi.o)
    0x080066f8   0x080066f8   0x00000004   Code   RO         5882    i.Prcss_OPCODE_ATT_Handle_Value_Indication  Rafael_BLE_MM32F032xx_s.lib(mmi.o)
    0x080066fc   0x080066fc   0x00000004   Code   RO         5883    i.Prcss_OPCODE_ATT_Handle_Value_Notification  Rafael_BLE_MM32F032xx_s.lib(mmi.o)
    0x08006700   0x08006700   0x00000004   Code   RO         5884    i.Prcss_OPCODE_ATT_NULL  Rafael_BLE_MM32F032xx_s.lib(mmi.o)
    0x08006704   0x08006704   0x0000010c   Code   RO         5885    i.Prcss_OPCODE_ATT_Prepare_Write_Request  Rafael_BLE_MM32F032xx_s.lib(mmi.o)
    0x08006810   0x08006810   0x00000004   Code   RO         5886    i.Prcss_OPCODE_ATT_Prepare_Write_Response  Rafael_BLE_MM32F032xx_s.lib(mmi.o)
    0x08006814   0x08006814   0x00000118   Code   RO         5887    i.Prcss_OPCODE_ATT_Read_Blob_Request  Rafael_BLE_MM32F032xx_s.lib(mmi.o)
    0x0800692c   0x0800692c   0x00000004   Code   RO         5888    i.Prcss_OPCODE_ATT_Read_Blob_Response  Rafael_BLE_MM32F032xx_s.lib(mmi.o)
    0x08006930   0x08006930   0x00000254   Code   RO         5889    i.Prcss_OPCODE_ATT_Read_By_Type_Request  Rafael_BLE_MM32F032xx_s.lib(mmi.o)
    0x08006b84   0x08006b84   0x00000004   Code   RO         5890    i.Prcss_OPCODE_ATT_Read_By_Type_Response  Rafael_BLE_MM32F032xx_s.lib(mmi.o)
    0x08006b88   0x08006b88   0x00000020   Code   RO         5891    i.Prcss_OPCODE_ATT_Read_Multiple_Request  Rafael_BLE_MM32F032xx_s.lib(mmi.o)
    0x08006ba8   0x08006ba8   0x00000004   Code   RO         5892    i.Prcss_OPCODE_ATT_Read_Multiple_Response  Rafael_BLE_MM32F032xx_s.lib(mmi.o)
    0x08006bac   0x08006bac   0x00000124   Code   RO         5893    i.Prcss_OPCODE_ATT_Read_Request  Rafael_BLE_MM32F032xx_s.lib(mmi.o)
    0x08006cd0   0x08006cd0   0x00000004   Code   RO         5894    i.Prcss_OPCODE_ATT_Read_Response  Rafael_BLE_MM32F032xx_s.lib(mmi.o)
    0x08006cd4   0x08006cd4   0x000002d0   Code   RO         5895    i.Prcss_OPCODE_ATT_Read_by_Group_Type_Request  Rafael_BLE_MM32F032xx_s.lib(mmi.o)
    0x08006fa4   0x08006fa4   0x00000004   Code   RO         5896    i.Prcss_OPCODE_ATT_Read_by_Group_Type_Response  Rafael_BLE_MM32F032xx_s.lib(mmi.o)
    0x08006fa8   0x08006fa8   0x000000d4   Code   RO         5898    i.Prcss_OPCODE_ATT_Write_Command  Rafael_BLE_MM32F032xx_s.lib(mmi.o)
    0x0800707c   0x0800707c   0x0000010c   Code   RO         5899    i.Prcss_OPCODE_ATT_Write_Request  Rafael_BLE_MM32F032xx_s.lib(mmi.o)
    0x08007188   0x08007188   0x00000004   Code   RO         5900    i.Prcss_OPCODE_ATT_Write_Response  Rafael_BLE_MM32F032xx_s.lib(mmi.o)
    0x0800718c   0x0800718c   0x00000018   Code   RO         2050    i.RCC_AHBPeriphClockCmd  hal_rcc.o
    0x080071a4   0x080071a4   0x00000018   Code   RO         2052    i.RCC_APB1PeriphClockCmd  hal_rcc.o
    0x080071bc   0x080071bc   0x00000018   Code   RO         2054    i.RCC_APB2PeriphClockCmd  hal_rcc.o
    0x080071d4   0x080071d4   0x00000020   Code   RO         2063    i.RCC_GetHCLKFreq   hal_rcc.o
    0x080071f4   0x080071f4   0x00000020   Code   RO         2065    i.RCC_GetPCLK1Freq  hal_rcc.o
    0x08007214   0x08007214   0x00000020   Code   RO         2066    i.RCC_GetPCLK2Freq  hal_rcc.o
    0x08007234   0x08007234   0x00000048   Code   RO         2068    i.RCC_GetSysClockFreq  hal_rcc.o
    0x0800727c   0x0800727c   0x0000001c   Code   RO         5156    i.RF_CCM_AES_Mode_set  Rafael_BLE_MM32F032xx_s.lib(rf_phy.o)
    0x08007298   0x08007298   0x0000000e   Code   RO         5157    i.RF_CRCInit        Rafael_BLE_MM32F032xx_s.lib(rf_phy.o)
    0x080072a6   0x080072a6   0x00000014   Code   RO         5158    i.RF_CRCchk         Rafael_BLE_MM32F032xx_s.lib(rf_phy.o)
    0x080072ba   0x080072ba   0x00000002   PAD
    0x080072bc   0x080072bc   0x0000002c   Code   RO         5159    i.RF_DC_Rstr_Isr    Rafael_BLE_MM32F032xx_s.lib(rf_phy.o)
    0x080072e8   0x080072e8   0x00000068   Code   RO         5162    i.RF_Get_LastRssi   Rafael_BLE_MM32F032xx_s.lib(rf_phy.o)
    0x08007350   0x08007350   0x00000140   Code   RO         5165    i.RF_Init           Rafael_BLE_MM32F032xx_s.lib(rf_phy.o)
    0x08007490   0x08007490   0x00000018   Code   RO         5167    i.RF_LE_HeaderStsLen_Tx  Rafael_BLE_MM32F032xx_s.lib(rf_phy.o)
    0x080074a8   0x080074a8   0x00000068   Code   RO           75    i.RF_Open           main.o
    0x08007510   0x08007510   0x00000018   Code   RO         5168    i.RF_PLL_VCO_Bank_set  Rafael_BLE_MM32F032xx_s.lib(rf_phy.o)
    0x08007528   0x08007528   0x00000040   Code   RO         5169    i.RF_PowerSaving_En_Isr  Rafael_BLE_MM32F032xx_s.lib(rf_phy.o)
    0x08007568   0x08007568   0x0000000c   Code   RO         5173    i.RF_RxFIFOrst      Rafael_BLE_MM32F032xx_s.lib(rf_phy.o)
    0x08007574   0x08007574   0x0000000c   Code   RO         5174    i.RF_RxLengthLimit  Rafael_BLE_MM32F032xx_s.lib(rf_phy.o)
    0x08007580   0x08007580   0x00000058   Code   RO         5175    i.RF_Set_TxPowerLevel_Isr  Rafael_BLE_MM32F032xx_s.lib(rf_phy.o)
    0x080075d8   0x080075d8   0x0000009c   Code   RO          653    i.RF_SpiIoMapping   porting_misc.o
    0x08007674   0x08007674   0x00000028   Code   RO         5176    i.RF_SymbolRate_Patch_1M_2M  Rafael_BLE_MM32F032xx_s.lib(rf_phy.o)
    0x0800769c   0x0800769c   0x00000024   Code   RO         5177    i.RF_SymbolRate_set  Rafael_BLE_MM32F032xx_s.lib(rf_phy.o)
    0x080076c0   0x080076c0   0x000000d4   Code   RO         5181    i.RF_Tmr_Periodic_initial  Rafael_BLE_MM32F032xx_s.lib(rf_phy.o)
    0x08007794   0x08007794   0x00000060   Code   RO         5182    i.RF_Tmr_Periodic_set_ISR  Rafael_BLE_MM32F032xx_s.lib(rf_phy.o)
    0x080077f4   0x080077f4   0x00000018   Code   RO         5183    i.RF_TxAutoAckOff   Rafael_BLE_MM32F032xx_s.lib(rf_phy.o)
    0x0800780c   0x0800780c   0x00000018   Code   RO         5184    i.RF_TxAutoAckOn    Rafael_BLE_MM32F032xx_s.lib(rf_phy.o)
    0x08007824   0x08007824   0x00000018   Code   RO         5185    i.RF_TxFIFO_ADVData_set  Rafael_BLE_MM32F032xx_s.lib(rf_phy.o)
    0x0800783c   0x0800783c   0x00000018   Code   RO         5186    i.RF_TxFIFO_ADVaddr_set  Rafael_BLE_MM32F032xx_s.lib(rf_phy.o)
    0x08007854   0x08007854   0x00000018   Code   RO         5187    i.RF_TxFIFO_LeData_set  Rafael_BLE_MM32F032xx_s.lib(rf_phy.o)
    0x0800786c   0x0800786c   0x00000014   Code   RO         5189    i.RF_TxFIFO_OriginAddr_set  Rafael_BLE_MM32F032xx_s.lib(rf_phy.o)
    0x08007880   0x08007880   0x00000064   Code   RO         5190    i.RF_Voltage_Det    Rafael_BLE_MM32F032xx_s.lib(rf_phy.o)
    0x080078e4   0x080078e4   0x00000014   Code   RO         5191    i.RF_WTR_EnChk      Rafael_BLE_MM32F032xx_s.lib(rf_phy.o)
    0x080078f8   0x080078f8   0x00000018   Code   RO         5194    i.RF_WTR_intOff     Rafael_BLE_MM32F032xx_s.lib(rf_phy.o)
    0x08007910   0x08007910   0x00000018   Code   RO         5195    i.RF_WTR_intOn      Rafael_BLE_MM32F032xx_s.lib(rf_phy.o)
    0x08007928   0x08007928   0x00000034   Code   RO         4486    i.RF_cmpFIFO_BDAddr  Rafael_BLE_MM32F032xx_s.lib(ll.o)
    0x0800795c   0x0800795c   0x00000044   Code   RO         4487    i.RF_cmpFIFO_WhiteList  Rafael_BLE_MM32F032xx_s.lib(ll.o)
    0x080079a0   0x080079a0   0x00000024   Code   RO         4121    i.RcvMsgBlk         Rafael_BLE_MM32F032xx_s.lib(kernel.o)
    0x080079c4   0x080079c4   0x0000000c   Code   RO         5804    i.Rls_L2CAP_Buf     Rafael_BLE_MM32F032xx_s.lib(l2cap.o)
    0x080079d0   0x080079d0   0x00000034   Code   RO         5901    i.SMEC_LE_CODE_SMP_Pairing_Confirm  Rafael_BLE_MM32F032xx_s.lib(mmi.o)
    0x08007a04   0x08007a04   0x000000a0   Code   RO         5902    i.SMEC_LE_CODE_SMP_Pairing_Random  Rafael_BLE_MM32F032xx_s.lib(mmi.o)
    0x08007aa4   0x08007aa4   0x00000090   Code   RO         5903    i.SMEC_LE_SMP_Key_Gen  Rafael_BLE_MM32F032xx_s.lib(mmi.o)
    0x08007b34   0x08007b34   0x00000068   Code   RO          706    i.SPI_1BYT_SetRx    porting_spi.o
    0x08007b9c   0x08007b9c   0x00000078   Code   RO          707    i.SPI_1BYT_SetRx_Isr  porting_spi.o
    0x08007c14   0x08007c14   0x00000048   Code   RO          708    i.SPI_1BYT_SetTx    porting_spi.o
    0x08007c5c   0x08007c5c   0x00000044   Code   RO          709    i.SPI_1BYT_SetTx_Isr  porting_spi.o
    0x08007ca0   0x08007ca0   0x00000064   Code   RO          710    i.SPI_2BYT_SetTx_Isr  porting_spi.o
    0x08007d04   0x08007d04   0x0000002e   Code   RO         2424    i.SPI_BiDirectionalLineConfig  hal_spi.o
    0x08007d32   0x08007d32   0x00000014   Code   RO         2425    i.SPI_CSInternalSelected  hal_spi.o
    0x08007d46   0x08007d46   0x00000014   Code   RO         2427    i.SPI_Cmd           hal_spi.o
    0x08007d5a   0x08007d5a   0x00000014   Code   RO         2428    i.SPI_DMACmd        hal_spi.o
    0x08007d6e   0x08007d6e   0x00000002   PAD
    0x08007d70   0x08007d70   0x00000038   Code   RO          654    i.SPI_GPIO_Init     porting_misc.o
    0x08007da8   0x08007da8   0x0000006e   Code   RO         2435    i.SPI_Init          hal_spi.o
    0x08007e16   0x08007e16   0x00000002   PAD
    0x08007e18   0x08007e18   0x00000074   Code   RO          711    i.SPI_PDMA_SetRx_Isr  porting_spi.o
    0x08007e8c   0x08007e8c   0x0000007c   Code   RO          712    i.SPI_PDMA_SetTx    porting_spi.o
    0x08007f08   0x08007f08   0x00000004   Code   RO          713    i.SPI_PDMA_waitFinish  porting_spi.o
    0x08007f0c   0x08007f0c   0x0000001a   Code   RO         2441    i.SPI_StructInit    hal_spi.o
    0x08007f26   0x08007f26   0x00000002   PAD
    0x08007f28   0x08007f28   0x00000164   Code   RO          424    i.SPIx_Configure    spi.o
    0x0800808c   0x0800808c   0x00000120   Code   RO          425    i.SPIx_DMA_Configure  spi.o
    0x080081ac   0x080081ac   0x00000030   Code   RO          426    i.SPIx_DMA_InterruptConfigure  spi.o
    0x080081dc   0x080081dc   0x000000d8   Code   RO          427    i.SPIx_DMA_RxData   spi.o
    0x080082b4   0x080082b4   0x000000cc   Code   RO          428    i.SPIx_DMA_TxData   spi.o
    0x08008380   0x08008380   0x00000044   Code   RO          429    i.SPIx_ReadWriteByte  spi.o
    0x080083c4   0x080083c4   0x0000000a   Code   RO          430    i.SPIx_WriteByte    spi.o
    0x080083ce   0x080083ce   0x00000002   PAD
    0x080083d0   0x080083d0   0x000000d0   Code   RO            4    i.SetSysClockTo48   system_mm32f032xx_s.o
    0x080084a0   0x080084a0   0x00000020   Code   RO         4122    i.SndMsgBlk         Rafael_BLE_MM32F032xx_s.lib(kernel.o)
    0x080084c0   0x080084c0   0x0000001c   Code   RO         4488    i.SndMsgBlkEC       Rafael_BLE_MM32F032xx_s.lib(ll.o)
    0x080084dc   0x080084dc   0x0000001c   Code   RO         4123    i.SndMsgBlk_Isr     Rafael_BLE_MM32F032xx_s.lib(kernel.o)
    0x080084f8   0x080084f8   0x00000030   Code   RO         4125    i.SndMsgBlks_Isr    Rafael_BLE_MM32F032xx_s.lib(kernel.o)
    0x08008528   0x08008528   0x00000010   Code   RO          517    i.SysTick_DelayMs   systick.o
    0x08008538   0x08008538   0x00000014   Code   RO          518    i.SysTick_Handler   systick.o
    0x0800854c   0x0800854c   0x00000048   Code   RO          519    i.SysTick_Init      systick.o
    0x08008594   0x08008594   0x00000054   Code   RO            5    i.SystemInit        system_mm32f032xx_s.o
    0x080085e8   0x080085e8   0x00000084   Code   RO          562    i.UART1_IRQHandler  uart.o
    0x0800866c   0x0800866c   0x00000004   Code   RO         3148    i.UART_ClearITPendingBit  hal_uart.o
    0x08008670   0x08008670   0x0000000c   Code   RO         3149    i.UART_Cmd          hal_uart.o
    0x0800867c   0x0800867c   0x0000000a   Code   RO         3153    i.UART_GetFlagStatus  hal_uart.o
    0x08008686   0x08008686   0x0000000a   Code   RO         3154    i.UART_GetITStatus  hal_uart.o
    0x08008690   0x08008690   0x00000010   Code   RO         3156    i.UART_ITConfig     hal_uart.o
    0x080086a0   0x080086a0   0x00000070   Code   RO         3157    i.UART_Init         hal_uart.o
    0x08008710   0x08008710   0x00000006   Code   RO         3158    i.UART_ReceiveData  hal_uart.o
    0x08008716   0x08008716   0x00000006   Code   RO         3161    i.UART_SendData     hal_uart.o
    0x0800871c   0x0800871c   0x00000018   Code   RO         3170    i.UART_StructInit   hal_uart.o
    0x08008734   0x08008734   0x0000001c   Code   RO          563    i.UART_TX_Send      uart.o
    0x08008750   0x08008750   0x00000018   Code   RO          564    i.UART_nvic_config  uart.o
    0x08008768   0x08008768   0x00000138   Code   RO          565    i.UARTx_Configure   uart.o
    0x080088a0   0x080088a0   0x00000020   Code   RO          566    i.UartSendByte      uart.o
    0x080088c0   0x080088c0   0x00000020   Code   RO         6608    i.__0printf$8       mc_p.l(printf8.o)
    0x080088e0   0x080088e0   0x0000001a   Code   RO         4351    i.__ARM_common_switch8  Rafael_BLE_MM32F032xx_s.lib(kernel.o)
    0x080088fa   0x080088fa   0x0000000e   Code   RO         6703    i.__scatterload_copy  mc_p.l(handlers.o)
    0x08008908   0x08008908   0x00000002   Code   RO         6704    i.__scatterload_null  mc_p.l(handlers.o)
    0x0800890a   0x0800890a   0x0000000e   Code   RO         6705    i.__scatterload_zeroinit  mc_p.l(handlers.o)
    0x08008918   0x08008918   0x00000428   Code   RO         6615    i._printf_core      mc_p.l(printf8.o)
    0x08008d40   0x08008d40   0x00000020   Code   RO         6616    i._printf_post_padding  mc_p.l(printf8.o)
    0x08008d60   0x08008d60   0x0000002c   Code   RO         6617    i._printf_pre_padding  mc_p.l(printf8.o)
    0x08008d8c   0x08008d8c   0x00000084   Code   RO         6207    i.checkBLE_CmdTimer  Rafael_BLE_MM32F032xx_s.lib(rffunction.o)
    0x08008e10   0x08008e10   0x0000005c   Code   RO         6208    i.chkBLE_ATTRIBUTE_PERMISSION_Read  Rafael_BLE_MM32F032xx_s.lib(rffunction.o)
    0x08008e6c   0x08008e6c   0x0000005c   Code   RO         6209    i.chkBLE_ATTRIBUTE_PERMISSION_Write  Rafael_BLE_MM32F032xx_s.lib(rffunction.o)
    0x08008ec8   0x08008ec8   0x00000004   Code   RO         6210    i.chkBLE_ATT_Chr_AcssRd_ByUser  Rafael_BLE_MM32F032xx_s.lib(rffunction.o)
    0x08008ecc   0x08008ecc   0x00000004   Code   RO         6211    i.chkBLE_ATT_Chr_AcssWr_ByUser  Rafael_BLE_MM32F032xx_s.lib(rffunction.o)
    0x08008ed0   0x08008ed0   0x00000014   Code   RO         4489    i.chkBLE_LL_State_Adv  Rafael_BLE_MM32F032xx_s.lib(ll.o)
    0x08008ee4   0x08008ee4   0x00000014   Code   RO         4490    i.chkBLE_LL_State_Init  Rafael_BLE_MM32F032xx_s.lib(ll.o)
    0x08008ef8   0x08008ef8   0x00000014   Code   RO         4491    i.chkBLE_LL_State_Scan  Rafael_BLE_MM32F032xx_s.lib(ll.o)
    0x08008f0c   0x08008f0c   0x00000018   Code   RO         6212    i.chkIfBLE_ATT_Chr_Acss_ByUser  Rafael_BLE_MM32F032xx_s.lib(rffunction.o)
    0x08008f24   0x08008f24   0x00000030   Code   RO         6213    i.clearBLE_CmdTimer  Rafael_BLE_MM32F032xx_s.lib(rffunction.o)
    0x08008f54   0x08008f54   0x0000000c   Code   RO          620    i.delay_us          porting_lltimer.o
    0x08008f60   0x08008f60   0x00000020   Code   RO         1271    i.exEXTI_LineDisable  hal_exti.o
    0x08008f80   0x08008f80   0x00000024   Code   RO          567    i.fputc             uart.o
    0x08008fa4   0x08008fa4   0x0000001c   Code   RO         6214    i.getBLE_ATTRIBUTE_TYPE_Size  Rafael_BLE_MM32F032xx_s.lib(rffunction.o)
    0x08008fc0   0x08008fc0   0x00000020   Code   RO         6215    i.getBLE_ATTRIBUTE_Value_DynmcLngth  Rafael_BLE_MM32F032xx_s.lib(rffunction.o)
    0x08008fe0   0x08008fe0   0x00000014   Code   RO         6216    i.getBLE_CmdTimerEvent  Rafael_BLE_MM32F032xx_s.lib(rffunction.o)
    0x08008ff4   0x08008ff4   0x00000080   Code   RO         6217    i.initBLE_AttServParamter  Rafael_BLE_MM32F032xx_s.lib(rffunction.o)
    0x08009074   0x08009074   0x00000040   Code   RO         5904    i.initBLEsmp        Rafael_BLE_MM32F032xx_s.lib(mmi.o)
    0x080090b4   0x080090b4   0x00000038   Code   RO         5905    i.initBLEsmp_Re     Rafael_BLE_MM32F032xx_s.lib(mmi.o)
    0x080090ec   0x080090ec   0x0000001c   Code   RO         5906    i.initBLEsw         Rafael_BLE_MM32F032xx_s.lib(mmi.o)
    0x08009108   0x08009108   0x00000014   Code   RO         3993    i.initBleDeviceParam  Rafael_BLE_MM32F032xx_s.lib(host.o)
    0x0800911c   0x0800911c   0x00000034   Code   RO         5578    i.initHCI           Rafael_BLE_MM32F032xx_s.lib(hci.o)
    0x08009150   0x08009150   0x00000014   Code   RO         5196    i.initInt           Rafael_BLE_MM32F032xx_s.lib(rf_phy.o)
    0x08009164   0x08009164   0x0000000c   Code   RO         5805    i.initL2CAP         Rafael_BLE_MM32F032xx_s.lib(l2cap.o)
    0x08009170   0x08009170   0x000000dc   Code   RO         4492    i.initLL            Rafael_BLE_MM32F032xx_s.lib(ll.o)
    0x0800924c   0x0800924c   0x0000000c   Code   RO         5579    i.initLLCallBack    Rafael_BLE_MM32F032xx_s.lib(hci.o)
    0x08009258   0x08009258   0x00000018   Code   RO         6218    i.init_q_att_HDL_PreWr  Rafael_BLE_MM32F032xx_s.lib(rffunction.o)
    0x08009270   0x08009270   0x000000f8   Code   RO           76    i.main              main.o
    0x08009368   0x08009368   0x00000064   Code   RO         5197    i.rafael_pll_bank_get  Rafael_BLE_MM32F032xx_s.lib(rf_phy.o)
    0x080093cc   0x080093cc   0x00000128   Code   RO         5198    i.rafael_pll_calibration  Rafael_BLE_MM32F032xx_s.lib(rf_phy.o)
    0x080094f4   0x080094f4   0x00000038   Code   RO         5199    i.rafael_reset_phy_fsm  Rafael_BLE_MM32F032xx_s.lib(rf_phy.o)
    0x0800952c   0x0800952c   0x00000030   Code   RO         5200    i.rafael_reset_phy_fsm_Isr  Rafael_BLE_MM32F032xx_s.lib(rf_phy.o)
    0x0800955c   0x0800955c   0x0000001c   Code   RO         5201    i.rafael_spi_clear_fifo  Rafael_BLE_MM32F032xx_s.lib(rf_phy.o)
    0x08009578   0x08009578   0x0000001c   Code   RO         5202    i.rafael_spi_clear_tx_fifo_cnt  Rafael_BLE_MM32F032xx_s.lib(rf_phy.o)
    0x08009594   0x08009594   0x00000030   Code   RO         3633    i.setBLE_AdvData    Rafael_BLE_MM32F032xx_s.lib(ble_cmd.o)
    0x080095c4   0x080095c4   0x00000022   Code   RO         3635    i.setBLE_AdvEnable  Rafael_BLE_MM32F032xx_s.lib(ble_cmd.o)
    0x080095e6   0x080095e6   0x00000002   PAD
    0x080095e8   0x080095e8   0x0000007c   Code   RO         3636    i.setBLE_AdvParam   Rafael_BLE_MM32F032xx_s.lib(ble_cmd.o)
    0x08009664   0x08009664   0x00000060   Code   RO         3637    i.setBLE_BleDeviceAddr  Rafael_BLE_MM32F032xx_s.lib(ble_cmd.o)
    0x080096c4   0x080096c4   0x00000030   Code   RO         6219    i.setBLE_CmdTimer   Rafael_BLE_MM32F032xx_s.lib(rffunction.o)
    0x080096f4   0x080096f4   0x0000000e   Code   RO         6220    i.setBLE_ConnTxData  Rafael_BLE_MM32F032xx_s.lib(rffunction.o)
    0x08009702   0x08009702   0x00000030   Code   RO         6221    i.setBLE_ConnTxData_ATT_ERROR_RESPONSE  Rafael_BLE_MM32F032xx_s.lib(rffunction.o)
    0x08009732   0x08009732   0x0000003e   Code   RO         6222    i.setBLE_ConnTxData_SMP  Rafael_BLE_MM32F032xx_s.lib(rffunction.o)
    0x08009770   0x08009770   0x0000003e   Code   RO         6223    i.setBLE_ConnTxData_SMP_Isr  Rafael_BLE_MM32F032xx_s.lib(rffunction.o)
    0x080097ae   0x080097ae   0x00000014   Code   RO         3644    i.setBLE_Pairing_PassKey  Rafael_BLE_MM32F032xx_s.lib(ble_cmd.o)
    0x080097c2   0x080097c2   0x00000002   PAD
    0x080097c4   0x080097c4   0x00000018   Code   RO         3949    i.setBLE_RegisterBleEvent  Rafael_BLE_MM32F032xx_s.lib(ble_event.o)
    0x080097dc   0x080097dc   0x00000030   Code   RO         3650    i.setBLE_ScanRspData  Rafael_BLE_MM32F032xx_s.lib(ble_cmd.o)
    0x0800980c   0x0800980c   0x00000020   Code   RO         5203    i.setChannel_BLE    Rafael_BLE_MM32F032xx_s.lib(rf_phy.o)
    0x0800982c   0x0800982c   0x0000000c   Code   RO         5204    i.smpAES_En         Rafael_BLE_MM32F032xx_s.lib(rf_phy.o)
    0x08009838   0x08009838   0x00000048   Code   RO         5205    i.smpAES_inInv      Rafael_BLE_MM32F032xx_s.lib(rf_phy.o)
    0x08009880   0x08009880   0x00000018   Code   RO         5206    i.smpAES_in_PlainText  Rafael_BLE_MM32F032xx_s.lib(rf_phy.o)
    0x08009898   0x08009898   0x0000000e   Code   RO         5207    i.smpAES_in_key     Rafael_BLE_MM32F032xx_s.lib(rf_phy.o)
    0x080098a6   0x080098a6   0x00000022   Code   RO         5208    i.smpAES_out        Rafael_BLE_MM32F032xx_s.lib(rf_phy.o)
    0x080098c8   0x080098c8   0x00000030   Code   RO         5209    i.smpAES_outInv     Rafael_BLE_MM32F032xx_s.lib(rf_phy.o)
    0x080098f8   0x080098f8   0x000000c4   Code   RO         6224    i.smpC1             Rafael_BLE_MM32F032xx_s.lib(rffunction.o)
    0x080099bc   0x080099bc   0x00000018   Code   RO         6225    i.smpPasskey_init   Rafael_BLE_MM32F032xx_s.lib(rffunction.o)
    0x080099d4   0x080099d4   0x0000002c   Code   RO         6226    i.smpPasskey_set    Rafael_BLE_MM32F032xx_s.lib(rffunction.o)
    0x08009a00   0x08009a00   0x0000002c   Code   RO         6227    i.smpS1             Rafael_BLE_MM32F032xx_s.lib(rffunction.o)
    0x08009a2c   0x08009a2c   0x000000f0   Code   RO          655    i.spiGpioWriteReg   porting_misc.o
    0x08009b1c   0x08009b1c   0x00000008   Code   RO          267    i.trspx_receive_data_callback  user.o
    0x08009b24   0x08009b24   0x00000024   Code   RO          268    i.trspx_send        user.o
    0x08009b48   0x08009b48   0x0000001d   Data   RO          270    .constdata          user.o
    0x08009b65   0x08009b65   0x00000003   PAD
    0x08009b68   0x08009b68   0x00000008   Data   RO          431    .constdata          spi.o
    0x08009b70   0x08009b70   0x00000016   Data   RO          715    .constdata          porting_spi.o
    0x08009b86   0x08009b86   0x00000007   Data   RO         3474    .constdata          profile_tab.o
    0x08009b8d   0x08009b8d   0x00000007   Data   RO         3475    .constdata          profile_tab.o
    0x08009b94   0x08009b94   0x0000000a   Data   RO         3476    .constdata          profile_tab.o
    0x08009b9e   0x08009b9e   0x0000000d   Data   RO         3477    .constdata          profile_tab.o
    0x08009bab   0x08009bab   0x0000000a   Data   RO         3478    .constdata          profile_tab.o
    0x08009bb5   0x08009bb5   0x00000007   Data   RO         3479    .constdata          profile_tab.o
    0x08009bbc   0x08009bbc   0x0000000a   Data   RO         3480    .constdata          profile_tab.o
    0x08009bc6   0x08009bc6   0x0000000b   Data   RO         3481    .constdata          profile_tab.o
    0x08009bd1   0x08009bd1   0x0000000a   Data   RO         3482    .constdata          profile_tab.o
    0x08009bdb   0x08009bdb   0x00000006   Data   RO         3483    .constdata          profile_tab.o
    0x08009be1   0x08009be1   0x0000000a   Data   RO         3484    .constdata          profile_tab.o
    0x08009beb   0x08009beb   0x0000000d   Data   RO         3485    .constdata          profile_tab.o
    0x08009bf8   0x08009bf8   0x00000007   Data   RO         3486    .constdata          profile_tab.o
    0x08009bff   0x08009bff   0x0000000a   Data   RO         3487    .constdata          profile_tab.o
    0x08009c09   0x08009c09   0x00000009   Data   RO         3488    .constdata          profile_tab.o
    0x08009c12   0x08009c12   0x00000007   Data   RO         3489    .constdata          profile_tab.o
    0x08009c19   0x08009c19   0x00000007   Data   RO         3490    .constdata          profile_tab.o
    0x08009c20   0x08009c20   0x0000000a   Data   RO         3491    .constdata          profile_tab.o
    0x08009c2a   0x08009c2a   0x00000009   Data   RO         3492    .constdata          profile_tab.o
    0x08009c33   0x08009c33   0x0000000c   Data   RO         3493    .constdata          profile_tab.o
    0x08009c3f   0x08009c3f   0x0000000a   Data   RO         3494    .constdata          profile_tab.o
    0x08009c49   0x08009c49   0x0000000b   Data   RO         3495    .constdata          profile_tab.o
    0x08009c54   0x08009c54   0x0000000c   Data   RO         3496    .constdata          profile_tab.o
    0x08009c60   0x08009c60   0x0000000a   Data   RO         3497    .constdata          profile_tab.o
    0x08009c6a   0x08009c6a   0x0000000d   Data   RO         3498    .constdata          profile_tab.o
    0x08009c77   0x08009c77   0x0000000a   Data   RO         3499    .constdata          profile_tab.o
    0x08009c81   0x08009c81   0x00000009   Data   RO         3500    .constdata          profile_tab.o
    0x08009c8a   0x08009c8a   0x0000000c   Data   RO         3501    .constdata          profile_tab.o
    0x08009c96   0x08009c96   0x0000000a   Data   RO         3502    .constdata          profile_tab.o
    0x08009ca0   0x08009ca0   0x0000000b   Data   RO         3503    .constdata          profile_tab.o
    0x08009cab   0x08009cab   0x0000000c   Data   RO         3504    .constdata          profile_tab.o
    0x08009cb7   0x08009cb7   0x0000000a   Data   RO         3505    .constdata          profile_tab.o
    0x08009cc1   0x08009cc1   0x00000008   Data   RO         3506    .constdata          profile_tab.o
    0x08009cc9   0x08009cc9   0x0000000c   Data   RO         3507    .constdata          profile_tab.o
    0x08009cd5   0x08009cd5   0x0000000a   Data   RO         3508    .constdata          profile_tab.o
    0x08009cdf   0x08009cdf   0x00000009   Data   RO         3509    .constdata          profile_tab.o
    0x08009ce8   0x08009ce8   0x0000000c   Data   RO         3510    .constdata          profile_tab.o
    0x08009cf4   0x08009cf4   0x0000000a   Data   RO         3511    .constdata          profile_tab.o
    0x08009cfe   0x08009cfe   0x0000000c   Data   RO         3512    .constdata          profile_tab.o
    0x08009d0a   0x08009d0a   0x00000015   Data   RO         3513    .constdata          profile_tab.o
    0x08009d1f   0x08009d1f   0x00000018   Data   RO         3514    .constdata          profile_tab.o
    0x08009d37   0x08009d37   0x00000027   Data   RO         3515    .constdata          profile_tab.o
    0x08009d5e   0x08009d5e   0x0000000a   Data   RO         3516    .constdata          profile_tab.o
    0x08009d68   0x08009d68   0x00000019   Data   RO         3517    .constdata          profile_tab.o
    0x08009d81   0x08009d81   0x00000007   Data   RO         3518    .constdata          profile_tab.o
    0x08009d88   0x08009d88   0x00000018   Data   RO         3519    .constdata          profile_tab.o
    0x08009da0   0x08009da0   0x00000040   Data   RO         3520    .constdata          profile_tab.o
    0x08009de0   0x08009de0   0x00000002   Data   RO         3521    .constdata          profile_tab.o
    0x08009de2   0x08009de2   0x00000002   Data   RO         3522    .constdata          profile_tab.o
    0x08009de4   0x08009de4   0x00000002   Data   RO         3525    .constdata          profile_tab.o
    0x08009de6   0x08009de6   0x00000002   Data   RO         3528    .constdata          profile_tab.o
    0x08009de8   0x08009de8   0x00000002   Data   RO         3529    .constdata          profile_tab.o
    0x08009dea   0x08009dea   0x00000002   Data   RO         3530    .constdata          profile_tab.o
    0x08009dec   0x08009dec   0x00000002   Data   RO         3531    .constdata          profile_tab.o
    0x08009dee   0x08009dee   0x00000002   Data   RO         3532    .constdata          profile_tab.o
    0x08009df0   0x08009df0   0x00000002   Data   RO         3533    .constdata          profile_tab.o
    0x08009df2   0x08009df2   0x00000002   Data   RO         3534    .constdata          profile_tab.o
    0x08009df4   0x08009df4   0x00000002   Data   RO         3535    .constdata          profile_tab.o
    0x08009df6   0x08009df6   0x00000002   Data   RO         3536    .constdata          profile_tab.o
    0x08009df8   0x08009df8   0x00000002   Data   RO         3537    .constdata          profile_tab.o
    0x08009dfa   0x08009dfa   0x00000002   Data   RO         3538    .constdata          profile_tab.o
    0x08009dfc   0x08009dfc   0x00000002   Data   RO         3539    .constdata          profile_tab.o
    0x08009dfe   0x08009dfe   0x00000002   Data   RO         3540    .constdata          profile_tab.o
    0x08009e00   0x08009e00   0x00000002   Data   RO         3541    .constdata          profile_tab.o
    0x08009e02   0x08009e02   0x00000002   Data   RO         3542    .constdata          profile_tab.o
    0x08009e04   0x08009e04   0x00000002   Data   RO         3543    .constdata          profile_tab.o
    0x08009e06   0x08009e06   0x00000002   Data   RO         3544    .constdata          profile_tab.o
    0x08009e08   0x08009e08   0x00000002   Data   RO         3545    .constdata          profile_tab.o
    0x08009e0a   0x08009e0a   0x00000002   Data   RO         3546    .constdata          profile_tab.o
    0x08009e0c   0x08009e0c   0x00000002   Data   RO         3547    .constdata          profile_tab.o
    0x08009e0e   0x08009e0e   0x00000002   PAD
    0x08009e10   0x08009e10   0x000000bc   Data   RO         3548    .constdata          profile_tab.o
    0x08009ecc   0x08009ecc   0x000000bc   Data   RO         3549    .constdata          profile_tab.o
    0x08009f88   0x08009f88   0x0000000c   Data   RO         3995    .constdata          Rafael_BLE_MM32F032xx_s.lib(host.o)
    0x08009f94   0x08009f94   0x0000030c   Data   RO         4497    .constdata          Rafael_BLE_MM32F032xx_s.lib(ll.o)
    0x0800a2a0   0x0800a2a0   0x0000003b   Data   RO         5212    .constdata          Rafael_BLE_MM32F032xx_s.lib(rf_phy.o)
    0x0800a2db   0x0800a2db   0x00000011   Data   RO         5213    .constdata          Rafael_BLE_MM32F032xx_s.lib(rf_phy.o)
    0x0800a2ec   0x0800a2ec   0x0000006c   Data   RO         5581    .constdata          Rafael_BLE_MM32F032xx_s.lib(hci.o)
    0x0800a358   0x0800a358   0x00000040   Data   RO         5582    .constdata          Rafael_BLE_MM32F032xx_s.lib(hci.o)
    0x0800a398   0x0800a398   0x00000008   Data   RO         5583    .constdata          Rafael_BLE_MM32F032xx_s.lib(hci.o)
    0x0800a3a0   0x0800a3a0   0x00000004   Data   RO         5807    .constdata          Rafael_BLE_MM32F032xx_s.lib(l2cap.o)
    0x0800a3a4   0x0800a3a4   0x000000ac   Data   RO         5907    .constdata          Rafael_BLE_MM32F032xx_s.lib(mmi.o)
    0x0800a450   0x0800a450   0x0000001c   Data   RO         5908    .constdata          Rafael_BLE_MM32F032xx_s.lib(mmi.o)
    0x0800a46c   0x0800a46c   0x00000010   Data   RO         6238    .constdata          Rafael_BLE_MM32F032xx_s.lib(rffunction.o)
    0x0800a47c   0x0800a47c   0x0000004b   Data   RO          271    .conststring        user.o
    0x0800a4c7   0x0800a4c7   0x00000001   PAD
    0x0800a4c8   0x0800a4c8   0x00000020   Data   RO         6702    Region$$Table       anon$$obj.o


    Execution Region RW_IRAM1 (Exec base: 0x20000000, Load base: 0x0800a4e8, Size: 0x00001f28, Max: 0x00004000, ABSOLUTE, COMPRESSED[0x00000308])

    Exec Addr    Load Addr    Size         Type   Attr      Idx    E Section Name        Object

    0x20000000   COMPRESSED   0x00000014   Data   RW           78    .data               main.o
    0x20000014   COMPRESSED   0x00000004   Data   RW          272    .data               user.o
    0x20000018   COMPRESSED   0x00000002   Data   RW          432    .data               spi.o
    0x2000001a   COMPRESSED   0x00000002   PAD
    0x2000001c   COMPRESSED   0x00000004   Data   RW          520    .data               systick.o
    0x20000020   COMPRESSED   0x00000004   Data   RW          569    .data               uart.o
    0x20000024   COMPRESSED   0x00000010   Data   RW         2091    .data               hal_rcc.o
    0x20000034   COMPRESSED   0x00000008   Data   RW         3550    .data               profile_tab.o
    0x2000003c   COMPRESSED   0x00000006   Data   RW         3551    .data               profile_tab.o
    0x20000042   COMPRESSED   0x00000004   Data   RW         3552    .data               profile_tab.o
    0x20000046   COMPRESSED   0x00000002   Data   RW         3553    .data               profile_tab.o
    0x20000048   COMPRESSED   0x00000014   Data   RW         3554    .data               profile_tab.o
    0x2000005c   COMPRESSED   0x00000002   Data   RW         3555    .data               profile_tab.o
    0x2000005e   COMPRESSED   0x0000002e   Data   RW         3556    .data               profile_tab.o
    0x2000008c   COMPRESSED   0x000000bc   Data   RW         3557    .data               profile_tab.o
    0x20000148   COMPRESSED   0x000000bc   Data   RW         3558    .data               profile_tab.o
    0x20000204   COMPRESSED   0x000000bc   Data   RW         3559    .data               profile_tab.o
    0x200002c0   COMPRESSED   0x00000001   Data   RW         3560    .data               profile_tab.o
    0x200002c1   COMPRESSED   0x00000003   PAD
    0x200002c4   COMPRESSED   0x00000004   Data   RW         3950    .data               Rafael_BLE_MM32F032xx_s.lib(ble_event.o)
    0x200002c8   COMPRESSED   0x00000007   Data   RW         3996    .data               Rafael_BLE_MM32F032xx_s.lib(host.o)
    0x200002cf   COMPRESSED   0x00000008   Data   RW         3997    .data               Rafael_BLE_MM32F032xx_s.lib(host.o)
    0x200002d7   COMPRESSED   0x00000001   PAD
    0x200002d8   COMPRESSED   0x00000008   Data   RW         4127    .data               Rafael_BLE_MM32F032xx_s.lib(kernel.o)
    0x200002e0   COMPRESSED   0x00000058   Data   RW         4499    .data               Rafael_BLE_MM32F032xx_s.lib(ll.o)
    0x20000338   COMPRESSED   0x00000110   Data   RW         5217    .data               Rafael_BLE_MM32F032xx_s.lib(rf_phy.o)
    0x20000448   COMPRESSED   0x0000000d   Data   RW         5584    .data               Rafael_BLE_MM32F032xx_s.lib(hci.o)
    0x20000455   COMPRESSED   0x00000001   Data   RW         5909    .data               Rafael_BLE_MM32F032xx_s.lib(mmi.o)
    0x20000456   COMPRESSED   0x00000010   Data   RW         6239    .data               Rafael_BLE_MM32F032xx_s.lib(rffunction.o)
    0x20000466   COMPRESSED   0x0000000b   Data   RW         6240    .data               Rafael_BLE_MM32F032xx_s.lib(rffunction.o)
    0x20000471   COMPRESSED   0x00000010   Data   RW         6243    .data               Rafael_BLE_MM32F032xx_s.lib(rffunction.o)
    0x20000481   COMPRESSED   0x00000002   Data   RW         6244    .data               Rafael_BLE_MM32F032xx_s.lib(rffunction.o)
    0x20000483   COMPRESSED   0x00000008   Data   RW         6245    .data               Rafael_BLE_MM32F032xx_s.lib(rffunction.o)
    0x2000048b   COMPRESSED   0x00000010   Data   RW         6246    .data               Rafael_BLE_MM32F032xx_s.lib(rffunction.o)
    0x2000049b   COMPRESSED   0x00000010   Data   RW         6247    .data               Rafael_BLE_MM32F032xx_s.lib(rffunction.o)
    0x200004ab   COMPRESSED   0x00000019   Data   RW         6248    .data               Rafael_BLE_MM32F032xx_s.lib(rffunction.o)
    0x200004c4   COMPRESSED   0x00000001   Data   RW         6249    .data               Rafael_BLE_MM32F032xx_s.lib(rffunction.o)
    0x200004c5   COMPRESSED   0x00000007   Data   RW         6251    .data               Rafael_BLE_MM32F032xx_s.lib(rffunction.o)
    0x200004cc   COMPRESSED   0x00000001   Data   RW         6252    .data               Rafael_BLE_MM32F032xx_s.lib(rffunction.o)
    0x200004cd   COMPRESSED   0x00000001   Data   RW         6253    .data               Rafael_BLE_MM32F032xx_s.lib(rffunction.o)
    0x200004ce   COMPRESSED   0x00000008   Data   RW         6254    .data               Rafael_BLE_MM32F032xx_s.lib(rffunction.o)
    0x200004d6   COMPRESSED   0x00000002   Data   RW         6255    .data               Rafael_BLE_MM32F032xx_s.lib(rffunction.o)
    0x200004d8   COMPRESSED   0x00000008   Data   RW         6258    .data               Rafael_BLE_MM32F032xx_s.lib(rffunction.o)
    0x200004e0   COMPRESSED   0x00000004   Data   RW         6676    .data               mc_p.l(stdout.o)
    0x200004e4        -       0x00000028   Zero   RW          269    .bss                user.o
    0x2000050c        -       0x000000c8   Zero   RW          568    .bss                uart.o
    0x200005d4        -       0x00000c58   Zero   RW         4126    .bss                Rafael_BLE_MM32F032xx_s.lib(kernel.o)
    0x2000122c        -       0x000004fc   Zero   RW         4496    .bss                Rafael_BLE_MM32F032xx_s.lib(ll.o)
    0x20001728        -       0x00000036   Zero   RW         5211    .bss                Rafael_BLE_MM32F032xx_s.lib(rf_phy.o)
    0x2000175e        -       0x000000fc   Zero   RW         5806    .bss                Rafael_BLE_MM32F032xx_s.lib(l2cap.o)
    0x2000185a   COMPRESSED   0x00000002   PAD
    0x2000185c        -       0x00000248   Zero   RW         6229    .bss                Rafael_BLE_MM32F032xx_s.lib(rffunction.o)
    0x20001aa4        -       0x00000010   Zero   RW         6230    .bss                Rafael_BLE_MM32F032xx_s.lib(rffunction.o)
    0x20001ab4        -       0x00000010   Zero   RW         6231    .bss                Rafael_BLE_MM32F032xx_s.lib(rffunction.o)
    0x20001ac4        -       0x00000010   Zero   RW         6232    .bss                Rafael_BLE_MM32F032xx_s.lib(rffunction.o)
    0x20001ad4        -       0x00000010   Zero   RW         6233    .bss                Rafael_BLE_MM32F032xx_s.lib(rffunction.o)
    0x20001ae4        -       0x00000010   Zero   RW         6234    .bss                Rafael_BLE_MM32F032xx_s.lib(rffunction.o)
    0x20001af4        -       0x0000000a   Zero   RW         6235    .bss                Rafael_BLE_MM32F032xx_s.lib(rffunction.o)
    0x20001afe        -       0x0000002a   Zero   RW         6237    .bss                Rafael_BLE_MM32F032xx_s.lib(rffunction.o)
    0x20001b28        -       0x00000400   Zero   RW           66    STACK               startup_mm32f032xx_s_keil.o


==============================================================================

Image component sizes


      Code (inc. data)   RO Data    RW Data    ZI Data      Debug   Object Name

       212         20          0          0          0       6836   hal_dma.o
       200         28          0          0          0       6263   hal_exti.o
       200          0          0          0          0       7033   hal_gpio.o
        80         10          0          0          0       2388   hal_misc.o
       240         60          0         16          0       8212   hal_rcc.o
       242          0          0          0          0       7866   hal_spi.o
       200          4          0          0          0       7869   hal_uart.o
       352         92          0         20          0     145292   main.o
        18          0          0          0          0       1059   porting_lltimer.o
       664         24          0          0          0       5169   porting_misc.o
       800         46         22          0          0       6851   porting_spi.o
        22          0       1024        653          0      13545   profile_tab.o
      1298         88          8          2          0       7558   spi.o
        88         38        192          0       1024        816   startup_mm32f032xx_s_keil.o
       292         30          0          0          0     132809   system_mm32f032xx_s.o
       176         24          0          4          0       8756   systick.o
       564         34          0          4        200       4837   uart.o
       542        234        104          4         40      25613   user.o

    ----------------------------------------------------------------------
      6204        732       1388        708       1264     398772   Object Totals
         0          0         32          0          0          0   (incl. Generated)
        14          0          6          5          0          0   (incl. Padding)

    ----------------------------------------------------------------------

      Code (inc. data)   RO Data    RW Data    ZI Data      Debug   Library Member Name

       370         12          0          0          0      33883   ble_cmd.o
       536         36          0          4          0      22269   ble_event.o
      1378        288        180         13          0      70045   hci.o
       206         30         12         15          0      42077   host.o
      1126        104          0          8       3160      18468   kernel.o
        82         16          4          0        252       4102   l2cap.o
     19388       1216        780         88       1276     131230   ll.o
      5096        550        200          1          0      39691   mmi.o
      2358        258         76        272         54      52141   rf_phy.o
      1170        118         16        138        716      27279   rffunction.o
        86          0          0          0          0          0   __dczerorl2.o
         0          0          0          0          0          0   entry.o
         0          0          0          0          0          0   entry10a.o
         0          0          0          0          0          0   entry11a.o
         8          4          0          0          0          0   entry2.o
         4          0          0          0          0          0   entry5.o
         0          0          0          0          0          0   entry7b.o
         0          0          0          0          0          0   entry8b.o
         8          4          0          0          0          0   entry9a.o
        30          0          0          0          0          0   handlers.o
        40          0          0          0          0         72   idiv.o
        36          8          0          0          0         68   init.o
        32          0          0          0          0         68   llshl.o
        34          0          0          0          0         68   llushr.o
        36          0          0          0          0        100   memseta.o
      1172         52          0          0          0        324   printf8.o
         0          0          0          4          0          0   stdout.o
        44          0          0          0          0         72   uidiv.o
        96          0          0          0          0         84   uldiv.o

    ----------------------------------------------------------------------
     33356       2696       1268        544       5460     442041   Library Totals
        20          0          0          1          2          0   (incl. Padding)

    ----------------------------------------------------------------------

      Code (inc. data)   RO Data    RW Data    ZI Data      Debug   Library Name

     31710       2628       1268        539       5458     441185   Rafael_BLE_MM32F032xx_s.lib
      1626         68          0          4          0        856   mc_p.l

    ----------------------------------------------------------------------
     33356       2696       1268        544       5460     442041   Library Totals

    ----------------------------------------------------------------------

==============================================================================


      Code (inc. data)   RO Data    RW Data    ZI Data      Debug   

     39560       3428       2656       1252       6724     822989   Grand Totals
     39560       3428       2656        776       6724     822989   ELF Image Totals (compressed)
     39560       3428       2656        776          0          0   ROM Totals

==============================================================================

    Total RO  Size (Code + RO Data)                42216 (  41.23kB)
    Total RW  Size (RW Data + ZI Data)              7976 (   7.79kB)
    Total ROM Size (Code + RO Data + RW Data)      42992 (  41.98kB)

==============================================================================

